[0.227s] DEBUG:colcon:Command line arguments: ['/usr/bin/colcon', 'build']
[0.227s] DEBUG:colcon:Parsed command line arguments: Namespace(log_base=None, log_level=None, verb_name='build', build_base='build', install_base='install', merge_install=False, symlink_install=False, test_result_base=None, continue_on_error=False, executor='parallel', parallel_workers=12, event_handlers=None, ignore_user_meta=False, metas=['./colcon.meta'], base_paths=['.'], packages_ignore=None, packages_ignore_regex=None, paths=None, packages_up_to=None, packages_up_to_regex=None, packages_above=None, packages_above_and_dependencies=None, packages_above_depth=None, packages_select_by_dep=None, packages_skip_by_dep=None, packages_skip_up_to=None, packages_select_build_failed=False, packages_skip_build_finished=False, packages_select_test_failures=False, packages_skip_test_passed=False, packages_select=None, packages_skip=None, packages_select_regex=None, packages_skip_regex=None, packages_start=None, packages_end=None, allow_overriding=[], cmake_args=None, cmake_target=None, cmake_target_skip_unavailable=False, cmake_clean_cache=False, cmake_clean_first=False, cmake_force_configure=False, ament_cmake_args=None, catkin_cmake_args=None, catkin_skip_building_tests=False, mixin_files=None, mixin=None, verb_parser=<colcon_mixin.mixin.mixin_argument.MixinArgumentDecorator object at 0x73da1ff67010>, verb_extension=<colcon_core.verb.build.BuildVerb object at 0x73da1ff66a40>, main=<bound method BuildVerb.main of <colcon_core.verb.build.BuildVerb object at 0x73da1ff66a40>>, mixin_verb=('build',))
[0.406s] Level 1:colcon.colcon_core.package_discovery:discover_packages(colcon_meta) check parameters
[0.407s] Level 1:colcon.colcon_core.package_discovery:discover_packages(recursive) check parameters
[0.407s] Level 1:colcon.colcon_core.package_discovery:discover_packages(ignore) check parameters
[0.407s] Level 1:colcon.colcon_core.package_discovery:discover_packages(path) check parameters
[0.407s] Level 1:colcon.colcon_core.package_discovery:discover_packages(colcon_meta) discover
[0.407s] Level 1:colcon.colcon_core.package_discovery:discover_packages(recursive) discover
[0.407s] INFO:colcon.colcon_core.package_discovery:Crawling recursively for packages in '/home/rahul/camera_ws'
[0.407s] Level 1:colcon.colcon_core.package_identification:_identify(.) by extensions ['ignore', 'ignore_ament_install']
[0.407s] Level 1:colcon.colcon_core.package_identification:_identify(.) by extension 'ignore'
[0.407s] Level 1:colcon.colcon_core.package_identification:_identify(.) by extension 'ignore_ament_install'
[0.407s] Level 1:colcon.colcon_core.package_identification:_identify(.) by extensions ['colcon_pkg']
[0.407s] Level 1:colcon.colcon_core.package_identification:_identify(.) by extension 'colcon_pkg'
[0.407s] Level 1:colcon.colcon_core.package_identification:_identify(.) by extensions ['colcon_meta']
[0.407s] Level 1:colcon.colcon_core.package_identification:_identify(.) by extension 'colcon_meta'
[0.407s] Level 1:colcon.colcon_core.package_identification:_identify(.) by extensions ['ros']
[0.407s] Level 1:colcon.colcon_core.package_identification:_identify(.) by extension 'ros'
[0.440s] Level 1:colcon.colcon_core.package_identification:_identify(.) by extensions ['cmake', 'python']
[0.440s] Level 1:colcon.colcon_core.package_identification:_identify(.) by extension 'cmake'
[0.440s] Level 1:colcon.colcon_core.package_identification:_identify(.) by extension 'python'
[0.440s] Level 1:colcon.colcon_core.package_identification:_identify(.) by extensions ['python_setup_py']
[0.440s] Level 1:colcon.colcon_core.package_identification:_identify(.) by extension 'python_setup_py'
[0.440s] Level 1:colcon.colcon_core.package_identification:_identify(build) by extensions ['ignore', 'ignore_ament_install']
[0.440s] Level 1:colcon.colcon_core.package_identification:_identify(build) by extension 'ignore'
[0.440s] Level 1:colcon.colcon_core.package_identification:_identify(build) ignored
[0.441s] Level 1:colcon.colcon_core.package_identification:_identify(install) by extensions ['ignore', 'ignore_ament_install']
[0.441s] Level 1:colcon.colcon_core.package_identification:_identify(install) by extension 'ignore'
[0.441s] Level 1:colcon.colcon_core.package_identification:_identify(install) ignored
[0.441s] Level 1:colcon.colcon_core.package_identification:_identify(log) by extensions ['ignore', 'ignore_ament_install']
[0.441s] Level 1:colcon.colcon_core.package_identification:_identify(log) by extension 'ignore'
[0.441s] Level 1:colcon.colcon_core.package_identification:_identify(log) ignored
[0.441s] Level 1:colcon.colcon_core.package_identification:_identify(src) by extensions ['ignore', 'ignore_ament_install']
[0.441s] Level 1:colcon.colcon_core.package_identification:_identify(src) by extension 'ignore'
[0.441s] Level 1:colcon.colcon_core.package_identification:_identify(src) by extension 'ignore_ament_install'
[0.441s] Level 1:colcon.colcon_core.package_identification:_identify(src) by extensions ['colcon_pkg']
[0.441s] Level 1:colcon.colcon_core.package_identification:_identify(src) by extension 'colcon_pkg'
[0.441s] Level 1:colcon.colcon_core.package_identification:_identify(src) by extensions ['colcon_meta']
[0.441s] Level 1:colcon.colcon_core.package_identification:_identify(src) by extension 'colcon_meta'
[0.441s] Level 1:colcon.colcon_core.package_identification:_identify(src) by extensions ['ros']
[0.441s] Level 1:colcon.colcon_core.package_identification:_identify(src) by extension 'ros'
[0.441s] Level 1:colcon.colcon_core.package_identification:_identify(src) by extensions ['cmake', 'python']
[0.441s] Level 1:colcon.colcon_core.package_identification:_identify(src) by extension 'cmake'
[0.441s] Level 1:colcon.colcon_core.package_identification:_identify(src) by extension 'python'
[0.441s] Level 1:colcon.colcon_core.package_identification:_identify(src) by extensions ['python_setup_py']
[0.441s] Level 1:colcon.colcon_core.package_identification:_identify(src) by extension 'python_setup_py'
[0.442s] Level 1:colcon.colcon_core.package_identification:_identify(src/robot_controller) by extensions ['ignore', 'ignore_ament_install']
[0.442s] Level 1:colcon.colcon_core.package_identification:_identify(src/robot_controller) by extension 'ignore'
[0.442s] Level 1:colcon.colcon_core.package_identification:_identify(src/robot_controller) by extension 'ignore_ament_install'
[0.442s] Level 1:colcon.colcon_core.package_identification:_identify(src/robot_controller) by extensions ['colcon_pkg']
[0.442s] Level 1:colcon.colcon_core.package_identification:_identify(src/robot_controller) by extension 'colcon_pkg'
[0.442s] Level 1:colcon.colcon_core.package_identification:_identify(src/robot_controller) by extensions ['colcon_meta']
[0.442s] Level 1:colcon.colcon_core.package_identification:_identify(src/robot_controller) by extension 'colcon_meta'
[0.442s] Level 1:colcon.colcon_core.package_identification:_identify(src/robot_controller) by extensions ['ros']
[0.442s] Level 1:colcon.colcon_core.package_identification:_identify(src/robot_controller) by extension 'ros'
[0.444s] DEBUG:colcon.colcon_core.package_identification:Package 'src/robot_controller' with type 'ros.ament_cmake' and name 'robot_controller'
[0.445s] Level 1:colcon.colcon_core.package_identification:_identify(src/robot_description) by extensions ['ignore', 'ignore_ament_install']
[0.445s] Level 1:colcon.colcon_core.package_identification:_identify(src/robot_description) by extension 'ignore'
[0.445s] Level 1:colcon.colcon_core.package_identification:_identify(src/robot_description) by extension 'ignore_ament_install'
[0.445s] Level 1:colcon.colcon_core.package_identification:_identify(src/robot_description) by extensions ['colcon_pkg']
[0.445s] Level 1:colcon.colcon_core.package_identification:_identify(src/robot_description) by extension 'colcon_pkg'
[0.445s] Level 1:colcon.colcon_core.package_identification:_identify(src/robot_description) by extensions ['colcon_meta']
[0.445s] Level 1:colcon.colcon_core.package_identification:_identify(src/robot_description) by extension 'colcon_meta'
[0.445s] Level 1:colcon.colcon_core.package_identification:_identify(src/robot_description) by extensions ['ros']
[0.445s] Level 1:colcon.colcon_core.package_identification:_identify(src/robot_description) by extension 'ros'
[0.446s] DEBUG:colcon.colcon_core.package_identification:Package 'src/robot_description' with type 'ros.ament_cmake' and name 'robot_description'
[0.446s] Level 1:colcon.colcon_core.package_identification:_identify(src/robot_moveit) by extensions ['ignore', 'ignore_ament_install']
[0.446s] Level 1:colcon.colcon_core.package_identification:_identify(src/robot_moveit) by extension 'ignore'
[0.446s] Level 1:colcon.colcon_core.package_identification:_identify(src/robot_moveit) by extension 'ignore_ament_install'
[0.446s] Level 1:colcon.colcon_core.package_identification:_identify(src/robot_moveit) by extensions ['colcon_pkg']
[0.446s] Level 1:colcon.colcon_core.package_identification:_identify(src/robot_moveit) by extension 'colcon_pkg'
[0.446s] Level 1:colcon.colcon_core.package_identification:_identify(src/robot_moveit) by extensions ['colcon_meta']
[0.446s] Level 1:colcon.colcon_core.package_identification:_identify(src/robot_moveit) by extension 'colcon_meta'
[0.446s] Level 1:colcon.colcon_core.package_identification:_identify(src/robot_moveit) by extensions ['ros']
[0.446s] Level 1:colcon.colcon_core.package_identification:_identify(src/robot_moveit) by extension 'ros'
[0.447s] DEBUG:colcon.colcon_core.package_identification:Package 'src/robot_moveit' with type 'ros.ament_cmake' and name 'robot_moveit'
[0.448s] Level 1:colcon.colcon_core.package_discovery:discover_packages(recursive) using defaults
[0.448s] Level 1:colcon.colcon_core.package_discovery:discover_packages(ignore) discover
[0.448s] Level 1:colcon.colcon_core.package_discovery:discover_packages(ignore) using defaults
[0.448s] Level 1:colcon.colcon_core.package_discovery:discover_packages(path) discover
[0.448s] Level 1:colcon.colcon_core.package_discovery:discover_packages(path) using defaults
[0.555s] Level 1:colcon.colcon_core.package_discovery:discover_packages(prefix_path) check parameters
[0.556s] Level 1:colcon.colcon_core.package_discovery:discover_packages(prefix_path) discover
[0.559s] DEBUG:colcon.colcon_installed_package_information.package_discovery:Found 415 installed packages in /opt/ros/iron
[0.562s] Level 1:colcon.colcon_core.package_discovery:discover_packages(prefix_path) using defaults
[0.616s] Level 5:colcon.colcon_core.verb:set package 'robot_description' build argument 'cmake_args' from command line to 'None'
[0.616s] Level 5:colcon.colcon_core.verb:set package 'robot_description' build argument 'cmake_target' from command line to 'None'
[0.617s] Level 5:colcon.colcon_core.verb:set package 'robot_description' build argument 'cmake_target_skip_unavailable' from command line to 'False'
[0.617s] Level 5:colcon.colcon_core.verb:set package 'robot_description' build argument 'cmake_clean_cache' from command line to 'False'
[0.617s] Level 5:colcon.colcon_core.verb:set package 'robot_description' build argument 'cmake_clean_first' from command line to 'False'
[0.617s] Level 5:colcon.colcon_core.verb:set package 'robot_description' build argument 'cmake_force_configure' from command line to 'False'
[0.617s] Level 5:colcon.colcon_core.verb:set package 'robot_description' build argument 'ament_cmake_args' from command line to 'None'
[0.617s] Level 5:colcon.colcon_core.verb:set package 'robot_description' build argument 'catkin_cmake_args' from command line to 'None'
[0.617s] Level 5:colcon.colcon_core.verb:set package 'robot_description' build argument 'catkin_skip_building_tests' from command line to 'False'
[0.617s] DEBUG:colcon.colcon_core.verb:Building package 'robot_description' with the following arguments: {'ament_cmake_args': None, 'build_base': '/home/rahul/camera_ws/build/robot_description', 'catkin_cmake_args': None, 'catkin_skip_building_tests': False, 'cmake_args': None, 'cmake_clean_cache': False, 'cmake_clean_first': False, 'cmake_force_configure': False, 'cmake_target': None, 'cmake_target_skip_unavailable': False, 'install_base': '/home/rahul/camera_ws/install/robot_description', 'merge_install': False, 'path': '/home/rahul/camera_ws/src/robot_description', 'symlink_install': False, 'test_result_base': None}
[0.617s] Level 5:colcon.colcon_core.verb:set package 'robot_controller' build argument 'cmake_args' from command line to 'None'
[0.617s] Level 5:colcon.colcon_core.verb:set package 'robot_controller' build argument 'cmake_target' from command line to 'None'
[0.617s] Level 5:colcon.colcon_core.verb:set package 'robot_controller' build argument 'cmake_target_skip_unavailable' from command line to 'False'
[0.617s] Level 5:colcon.colcon_core.verb:set package 'robot_controller' build argument 'cmake_clean_cache' from command line to 'False'
[0.617s] Level 5:colcon.colcon_core.verb:set package 'robot_controller' build argument 'cmake_clean_first' from command line to 'False'
[0.617s] Level 5:colcon.colcon_core.verb:set package 'robot_controller' build argument 'cmake_force_configure' from command line to 'False'
[0.617s] Level 5:colcon.colcon_core.verb:set package 'robot_controller' build argument 'ament_cmake_args' from command line to 'None'
[0.617s] Level 5:colcon.colcon_core.verb:set package 'robot_controller' build argument 'catkin_cmake_args' from command line to 'None'
[0.617s] Level 5:colcon.colcon_core.verb:set package 'robot_controller' build argument 'catkin_skip_building_tests' from command line to 'False'
[0.617s] DEBUG:colcon.colcon_core.verb:Building package 'robot_controller' with the following arguments: {'ament_cmake_args': None, 'build_base': '/home/rahul/camera_ws/build/robot_controller', 'catkin_cmake_args': None, 'catkin_skip_building_tests': False, 'cmake_args': None, 'cmake_clean_cache': False, 'cmake_clean_first': False, 'cmake_force_configure': False, 'cmake_target': None, 'cmake_target_skip_unavailable': False, 'install_base': '/home/rahul/camera_ws/install/robot_controller', 'merge_install': False, 'path': '/home/rahul/camera_ws/src/robot_controller', 'symlink_install': False, 'test_result_base': None}
[0.618s] Level 5:colcon.colcon_core.verb:set package 'robot_moveit' build argument 'cmake_args' from command line to 'None'
[0.618s] Level 5:colcon.colcon_core.verb:set package 'robot_moveit' build argument 'cmake_target' from command line to 'None'
[0.618s] Level 5:colcon.colcon_core.verb:set package 'robot_moveit' build argument 'cmake_target_skip_unavailable' from command line to 'False'
[0.618s] Level 5:colcon.colcon_core.verb:set package 'robot_moveit' build argument 'cmake_clean_cache' from command line to 'False'
[0.618s] Level 5:colcon.colcon_core.verb:set package 'robot_moveit' build argument 'cmake_clean_first' from command line to 'False'
[0.618s] Level 5:colcon.colcon_core.verb:set package 'robot_moveit' build argument 'cmake_force_configure' from command line to 'False'
[0.618s] Level 5:colcon.colcon_core.verb:set package 'robot_moveit' build argument 'ament_cmake_args' from command line to 'None'
[0.618s] Level 5:colcon.colcon_core.verb:set package 'robot_moveit' build argument 'catkin_cmake_args' from command line to 'None'
[0.618s] Level 5:colcon.colcon_core.verb:set package 'robot_moveit' build argument 'catkin_skip_building_tests' from command line to 'False'
[0.618s] DEBUG:colcon.colcon_core.verb:Building package 'robot_moveit' with the following arguments: {'ament_cmake_args': None, 'build_base': '/home/rahul/camera_ws/build/robot_moveit', 'catkin_cmake_args': None, 'catkin_skip_building_tests': False, 'cmake_args': None, 'cmake_clean_cache': False, 'cmake_clean_first': False, 'cmake_force_configure': False, 'cmake_target': None, 'cmake_target_skip_unavailable': False, 'install_base': '/home/rahul/camera_ws/install/robot_moveit', 'merge_install': False, 'path': '/home/rahul/camera_ws/src/robot_moveit', 'symlink_install': False, 'test_result_base': None}
[0.618s] INFO:colcon.colcon_core.executor:Executing jobs using 'parallel' executor
[0.619s] DEBUG:colcon.colcon_parallel_executor.executor.parallel:run_until_complete
[0.619s] INFO:colcon.colcon_ros.task.ament_cmake.build:Building ROS package in '/home/rahul/camera_ws/src/robot_description' with build type 'ament_cmake'
[0.620s] INFO:colcon.colcon_cmake.task.cmake.build:Building CMake package in '/home/rahul/camera_ws/src/robot_description'
[0.622s] INFO:colcon.colcon_core.plugin_system:Skipping extension 'colcon_core.shell.bat': Not used on non-Windows systems
[0.622s] INFO:colcon.colcon_core.shell:Skip shell extension 'powershell' for command environment: Not usable outside of PowerShell
[0.622s] DEBUG:colcon.colcon_core.shell:Skip shell extension 'dsv' for command environment
[0.933s] DEBUG:colcon.colcon_core.event_handler.log_command:Invoking command in '/home/rahul/camera_ws/build/robot_description': CMAKE_PREFIX_PATH=/opt/ros/iron /usr/bin/cmake --build /home/rahul/camera_ws/build/robot_description -- -j12 -l12
[1.002s] DEBUG:colcon.colcon_core.event_handler.log_command:Invoked command in '/home/rahul/camera_ws/build/robot_description' returned '0': CMAKE_PREFIX_PATH=/opt/ros/iron /usr/bin/cmake --build /home/rahul/camera_ws/build/robot_description -- -j12 -l12
[1.019s] DEBUG:colcon.colcon_core.event_handler.log_command:Invoking command in '/home/rahul/camera_ws/build/robot_description': CMAKE_PREFIX_PATH=/opt/ros/iron /usr/bin/cmake --install /home/rahul/camera_ws/build/robot_description
[1.035s] Level 1:colcon.colcon_core.environment:create_environment_scripts_only(robot_description)
[1.037s] DEBUG:colcon.colcon_core.event_handler.log_command:Invoked command in '/home/rahul/camera_ws/build/robot_description' returned '0': CMAKE_PREFIX_PATH=/opt/ros/iron /usr/bin/cmake --install /home/rahul/camera_ws/build/robot_description
[1.038s] Level 1:colcon.colcon_core.environment:checking '/home/rahul/camera_ws/install/robot_description' for CMake module files
[1.039s] Level 1:colcon.colcon_core.environment:checking '/home/rahul/camera_ws/install/robot_description' for CMake config files
[1.039s] Level 1:colcon.colcon_core.shell:create_environment_hook('robot_description', 'cmake_prefix_path')
[1.039s] INFO:colcon.colcon_core.shell:Creating environment hook '/home/rahul/camera_ws/install/robot_description/share/robot_description/hook/cmake_prefix_path.ps1'
[1.248s] INFO:colcon.colcon_core.shell:Creating environment descriptor '/home/rahul/camera_ws/install/robot_description/share/robot_description/hook/cmake_prefix_path.dsv'
[1.265s] INFO:colcon.colcon_core.shell:Creating environment hook '/home/rahul/camera_ws/install/robot_description/share/robot_description/hook/cmake_prefix_path.sh'
[1.271s] Level 1:colcon.colcon_core.environment:checking '/home/rahul/camera_ws/install/robot_description/bin'
[1.271s] Level 1:colcon.colcon_core.environment:checking '/home/rahul/camera_ws/install/robot_description/lib/pkgconfig/robot_description.pc'
[1.272s] Level 1:colcon.colcon_core.environment:checking '/home/rahul/camera_ws/install/robot_description/lib/python3.10/site-packages'
[1.272s] Level 1:colcon.colcon_core.environment:checking '/home/rahul/camera_ws/install/robot_description/bin'
[1.273s] INFO:colcon.colcon_core.shell:Creating package script '/home/rahul/camera_ws/install/robot_description/share/robot_description/package.ps1'
[1.341s] INFO:colcon.colcon_core.shell:Creating package descriptor '/home/rahul/camera_ws/install/robot_description/share/robot_description/package.dsv'
[1.344s] INFO:colcon.colcon_core.shell:Creating package script '/home/rahul/camera_ws/install/robot_description/share/robot_description/package.sh'
[1.348s] INFO:colcon.colcon_core.shell:Creating package script '/home/rahul/camera_ws/install/robot_description/share/robot_description/package.bash'
[1.353s] INFO:colcon.colcon_core.shell:Creating package script '/home/rahul/camera_ws/install/robot_description/share/robot_description/package.zsh'
[1.450s] Level 1:colcon.colcon_core.environment:create_file_with_runtime_dependencies(/home/rahul/camera_ws/install/robot_description/share/colcon-core/packages/robot_description)
[1.454s] Level 1:colcon.colcon_core.environment:create_environment_scripts_only(robot_description)
[1.455s] Level 1:colcon.colcon_core.environment:checking '/home/rahul/camera_ws/install/robot_description' for CMake module files
[1.456s] Level 1:colcon.colcon_core.environment:checking '/home/rahul/camera_ws/install/robot_description' for CMake config files
[1.457s] Level 1:colcon.colcon_core.shell:create_environment_hook('robot_description', 'cmake_prefix_path')
[1.458s] INFO:colcon.colcon_core.shell:Creating environment hook '/home/rahul/camera_ws/install/robot_description/share/robot_description/hook/cmake_prefix_path.ps1'
[1.460s] INFO:colcon.colcon_core.shell:Creating environment descriptor '/home/rahul/camera_ws/install/robot_description/share/robot_description/hook/cmake_prefix_path.dsv'
[1.464s] INFO:colcon.colcon_core.shell:Creating environment hook '/home/rahul/camera_ws/install/robot_description/share/robot_description/hook/cmake_prefix_path.sh'
[1.485s] Level 1:colcon.colcon_core.environment:checking '/home/rahul/camera_ws/install/robot_description/bin'
[1.485s] Level 1:colcon.colcon_core.environment:checking '/home/rahul/camera_ws/install/robot_description/lib/pkgconfig/robot_description.pc'
[1.485s] Level 1:colcon.colcon_core.environment:checking '/home/rahul/camera_ws/install/robot_description/lib/python3.10/site-packages'
[1.485s] Level 1:colcon.colcon_core.environment:checking '/home/rahul/camera_ws/install/robot_description/bin'
[1.486s] INFO:colcon.colcon_core.shell:Creating package script '/home/rahul/camera_ws/install/robot_description/share/robot_description/package.ps1'
[1.575s] INFO:colcon.colcon_core.shell:Creating package descriptor '/home/rahul/camera_ws/install/robot_description/share/robot_description/package.dsv'
[1.579s] INFO:colcon.colcon_core.shell:Creating package script '/home/rahul/camera_ws/install/robot_description/share/robot_description/package.sh'
[1.584s] INFO:colcon.colcon_core.shell:Creating package script '/home/rahul/camera_ws/install/robot_description/share/robot_description/package.bash'
[1.648s] INFO:colcon.colcon_core.shell:Creating package script '/home/rahul/camera_ws/install/robot_description/share/robot_description/package.zsh'
[1.666s] Level 1:colcon.colcon_core.environment:create_file_with_runtime_dependencies(/home/rahul/camera_ws/install/robot_description/share/colcon-core/packages/robot_description)
[1.671s] INFO:colcon.colcon_ros.task.ament_cmake.build:Building ROS package in '/home/rahul/camera_ws/src/robot_controller' with build type 'ament_cmake'
[1.671s] INFO:colcon.colcon_cmake.task.cmake.build:Building CMake package in '/home/rahul/camera_ws/src/robot_controller'
[1.672s] INFO:colcon.colcon_core.shell:Skip shell extension 'powershell' for command environment: Not usable outside of PowerShell
[1.672s] DEBUG:colcon.colcon_core.shell:Skip shell extension 'dsv' for command environment
[1.759s] INFO:colcon.colcon_ros.task.ament_cmake.build:Building ROS package in '/home/rahul/camera_ws/src/robot_moveit' with build type 'ament_cmake'
[1.760s] INFO:colcon.colcon_cmake.task.cmake.build:Building CMake package in '/home/rahul/camera_ws/src/robot_moveit'
[1.760s] INFO:colcon.colcon_core.shell:Skip shell extension 'powershell' for command environment: Not usable outside of PowerShell
[1.760s] DEBUG:colcon.colcon_core.shell:Skip shell extension 'dsv' for command environment
[1.934s] DEBUG:colcon.colcon_core.event_handler.log_command:Invoking command in '/home/rahul/camera_ws/build/robot_controller': AMENT_PREFIX_PATH=/home/rahul/camera_ws/install/robot_description:${AMENT_PREFIX_PATH} CMAKE_PREFIX_PATH=/home/rahul/camera_ws/install/robot_description:/opt/ros/iron /usr/bin/cmake --build /home/rahul/camera_ws/build/robot_controller -- -j12 -l12
[2.048s] DEBUG:colcon.colcon_core.event_handler.log_command:Invoking command in '/home/rahul/camera_ws/build/robot_moveit': AMENT_PREFIX_PATH=/home/rahul/camera_ws/install/robot_description:${AMENT_PREFIX_PATH} CMAKE_PREFIX_PATH=/home/rahul/camera_ws/install/robot_description:/opt/ros/iron /usr/bin/cmake --build /home/rahul/camera_ws/build/robot_moveit -- -j12 -l12
[2.050s] DEBUG:colcon.colcon_core.event_handler.log_command:Invoked command in '/home/rahul/camera_ws/build/robot_controller' returned '0': AMENT_PREFIX_PATH=/home/rahul/camera_ws/install/robot_description:${AMENT_PREFIX_PATH} CMAKE_PREFIX_PATH=/home/rahul/camera_ws/install/robot_description:/opt/ros/iron /usr/bin/cmake --build /home/rahul/camera_ws/build/robot_controller -- -j12 -l12
[2.051s] DEBUG:colcon.colcon_core.event_handler.log_command:Invoking command in '/home/rahul/camera_ws/build/robot_controller': AMENT_PREFIX_PATH=/home/rahul/camera_ws/install/robot_description:${AMENT_PREFIX_PATH} CMAKE_PREFIX_PATH=/home/rahul/camera_ws/install/robot_description:/opt/ros/iron /usr/bin/cmake --install /home/rahul/camera_ws/build/robot_controller
[2.061s] Level 1:colcon.colcon_core.environment:create_environment_scripts_only(robot_controller)
[2.062s] Level 1:colcon.colcon_core.environment:checking '/home/rahul/camera_ws/install/robot_controller' for CMake module files
[2.063s] DEBUG:colcon.colcon_core.event_handler.log_command:Invoked command in '/home/rahul/camera_ws/build/robot_controller' returned '0': AMENT_PREFIX_PATH=/home/rahul/camera_ws/install/robot_description:${AMENT_PREFIX_PATH} CMAKE_PREFIX_PATH=/home/rahul/camera_ws/install/robot_description:/opt/ros/iron /usr/bin/cmake --install /home/rahul/camera_ws/build/robot_controller
[2.063s] Level 1:colcon.colcon_core.environment:checking '/home/rahul/camera_ws/install/robot_controller' for CMake config files
[2.064s] Level 1:colcon.colcon_core.shell:create_environment_hook('robot_controller', 'cmake_prefix_path')
[2.064s] INFO:colcon.colcon_core.shell:Creating environment hook '/home/rahul/camera_ws/install/robot_controller/share/robot_controller/hook/cmake_prefix_path.ps1'
[2.065s] INFO:colcon.colcon_core.shell:Creating environment descriptor '/home/rahul/camera_ws/install/robot_controller/share/robot_controller/hook/cmake_prefix_path.dsv'
[2.066s] INFO:colcon.colcon_core.shell:Creating environment hook '/home/rahul/camera_ws/install/robot_controller/share/robot_controller/hook/cmake_prefix_path.sh'
[2.066s] Level 1:colcon.colcon_core.environment:checking '/home/rahul/camera_ws/install/robot_controller/bin'
[2.067s] Level 1:colcon.colcon_core.environment:checking '/home/rahul/camera_ws/install/robot_controller/lib/pkgconfig/robot_controller.pc'
[2.067s] Level 1:colcon.colcon_core.environment:checking '/home/rahul/camera_ws/install/robot_controller/lib/python3.10/site-packages'
[2.067s] Level 1:colcon.colcon_core.environment:checking '/home/rahul/camera_ws/install/robot_controller/bin'
[2.067s] INFO:colcon.colcon_core.shell:Creating package script '/home/rahul/camera_ws/install/robot_controller/share/robot_controller/package.ps1'
[2.068s] INFO:colcon.colcon_core.shell:Creating package descriptor '/home/rahul/camera_ws/install/robot_controller/share/robot_controller/package.dsv'
[2.069s] INFO:colcon.colcon_core.shell:Creating package script '/home/rahul/camera_ws/install/robot_controller/share/robot_controller/package.sh'
[2.070s] INFO:colcon.colcon_core.shell:Creating package script '/home/rahul/camera_ws/install/robot_controller/share/robot_controller/package.bash'
[2.070s] INFO:colcon.colcon_core.shell:Creating package script '/home/rahul/camera_ws/install/robot_controller/share/robot_controller/package.zsh'
[2.071s] Level 1:colcon.colcon_core.environment:create_file_with_runtime_dependencies(/home/rahul/camera_ws/install/robot_controller/share/colcon-core/packages/robot_controller)
[2.072s] Level 1:colcon.colcon_core.environment:create_environment_scripts_only(robot_controller)
[2.072s] Level 1:colcon.colcon_core.environment:checking '/home/rahul/camera_ws/install/robot_controller' for CMake module files
[2.072s] Level 1:colcon.colcon_core.environment:checking '/home/rahul/camera_ws/install/robot_controller' for CMake config files
[2.073s] Level 1:colcon.colcon_core.shell:create_environment_hook('robot_controller', 'cmake_prefix_path')
[2.073s] INFO:colcon.colcon_core.shell:Creating environment hook '/home/rahul/camera_ws/install/robot_controller/share/robot_controller/hook/cmake_prefix_path.ps1'
[2.073s] INFO:colcon.colcon_core.shell:Creating environment descriptor '/home/rahul/camera_ws/install/robot_controller/share/robot_controller/hook/cmake_prefix_path.dsv'
[2.074s] INFO:colcon.colcon_core.shell:Creating environment hook '/home/rahul/camera_ws/install/robot_controller/share/robot_controller/hook/cmake_prefix_path.sh'
[2.074s] Level 1:colcon.colcon_core.environment:checking '/home/rahul/camera_ws/install/robot_controller/bin'
[2.074s] Level 1:colcon.colcon_core.environment:checking '/home/rahul/camera_ws/install/robot_controller/lib/pkgconfig/robot_controller.pc'
[2.074s] Level 1:colcon.colcon_core.environment:checking '/home/rahul/camera_ws/install/robot_controller/lib/python3.10/site-packages'
[2.075s] Level 1:colcon.colcon_core.environment:checking '/home/rahul/camera_ws/install/robot_controller/bin'
[2.075s] INFO:colcon.colcon_core.shell:Creating package script '/home/rahul/camera_ws/install/robot_controller/share/robot_controller/package.ps1'
[2.075s] INFO:colcon.colcon_core.shell:Creating package descriptor '/home/rahul/camera_ws/install/robot_controller/share/robot_controller/package.dsv'
[2.076s] INFO:colcon.colcon_core.shell:Creating package script '/home/rahul/camera_ws/install/robot_controller/share/robot_controller/package.sh'
[2.076s] INFO:colcon.colcon_core.shell:Creating package script '/home/rahul/camera_ws/install/robot_controller/share/robot_controller/package.bash'
[2.077s] INFO:colcon.colcon_core.shell:Creating package script '/home/rahul/camera_ws/install/robot_controller/share/robot_controller/package.zsh'
[2.077s] Level 1:colcon.colcon_core.environment:create_file_with_runtime_dependencies(/home/rahul/camera_ws/install/robot_controller/share/colcon-core/packages/robot_controller)
[2.470s] DEBUG:colcon.colcon_core.event_handler.log_command:Invoked command in '/home/rahul/camera_ws/build/robot_moveit' returned '0': AMENT_PREFIX_PATH=/home/rahul/camera_ws/install/robot_description:${AMENT_PREFIX_PATH} CMAKE_PREFIX_PATH=/home/rahul/camera_ws/install/robot_description:/opt/ros/iron /usr/bin/cmake --build /home/rahul/camera_ws/build/robot_moveit -- -j12 -l12
[2.474s] DEBUG:colcon.colcon_core.event_handler.log_command:Invoking command in '/home/rahul/camera_ws/build/robot_moveit': AMENT_PREFIX_PATH=/home/rahul/camera_ws/install/robot_description:${AMENT_PREFIX_PATH} CMAKE_PREFIX_PATH=/home/rahul/camera_ws/install/robot_description:/opt/ros/iron /usr/bin/cmake --install /home/rahul/camera_ws/build/robot_moveit
[2.688s] Level 1:colcon.colcon_core.environment:create_environment_scripts_only(robot_moveit)
[2.689s] Level 1:colcon.colcon_core.environment:checking '/home/rahul/camera_ws/install/robot_moveit' for CMake module files
[2.691s] Level 1:colcon.colcon_core.environment:checking '/home/rahul/camera_ws/install/robot_moveit' for CMake config files
[2.694s] Level 1:colcon.colcon_core.shell:create_environment_hook('robot_moveit', 'cmake_prefix_path')
[2.694s] INFO:colcon.colcon_core.shell:Creating environment hook '/home/rahul/camera_ws/install/robot_moveit/share/robot_moveit/hook/cmake_prefix_path.ps1'
[2.695s] INFO:colcon.colcon_core.shell:Creating environment descriptor '/home/rahul/camera_ws/install/robot_moveit/share/robot_moveit/hook/cmake_prefix_path.dsv'
[2.696s] INFO:colcon.colcon_core.shell:Creating environment hook '/home/rahul/camera_ws/install/robot_moveit/share/robot_moveit/hook/cmake_prefix_path.sh'
[2.697s] DEBUG:colcon.colcon_core.event_handler.log_command:Invoked command in '/home/rahul/camera_ws/build/robot_moveit' returned '0': AMENT_PREFIX_PATH=/home/rahul/camera_ws/install/robot_description:${AMENT_PREFIX_PATH} CMAKE_PREFIX_PATH=/home/rahul/camera_ws/install/robot_description:/opt/ros/iron /usr/bin/cmake --install /home/rahul/camera_ws/build/robot_moveit
[2.698s] Level 1:colcon.colcon_core.environment:checking '/home/rahul/camera_ws/install/robot_moveit/lib'
[2.698s] Level 1:colcon.colcon_core.environment:checking '/home/rahul/camera_ws/install/robot_moveit/bin'
[2.698s] Level 1:colcon.colcon_core.environment:checking '/home/rahul/camera_ws/install/robot_moveit/lib/pkgconfig/robot_moveit.pc'
[2.699s] Level 1:colcon.colcon_core.environment:checking '/home/rahul/camera_ws/install/robot_moveit/lib/python3.10/site-packages'
[2.699s] Level 1:colcon.colcon_core.shell:create_environment_hook('robot_moveit', 'pythonpath')
[2.699s] INFO:colcon.colcon_core.shell:Creating environment hook '/home/rahul/camera_ws/install/robot_moveit/share/robot_moveit/hook/pythonpath.ps1'
[2.700s] INFO:colcon.colcon_core.shell:Creating environment descriptor '/home/rahul/camera_ws/install/robot_moveit/share/robot_moveit/hook/pythonpath.dsv'
[2.700s] INFO:colcon.colcon_core.shell:Creating environment hook '/home/rahul/camera_ws/install/robot_moveit/share/robot_moveit/hook/pythonpath.sh'
[2.701s] Level 1:colcon.colcon_core.environment:checking '/home/rahul/camera_ws/install/robot_moveit/bin'
[2.701s] INFO:colcon.colcon_core.shell:Creating package script '/home/rahul/camera_ws/install/robot_moveit/share/robot_moveit/package.ps1'
[2.702s] INFO:colcon.colcon_core.shell:Creating package descriptor '/home/rahul/camera_ws/install/robot_moveit/share/robot_moveit/package.dsv'
[2.703s] INFO:colcon.colcon_core.shell:Creating package script '/home/rahul/camera_ws/install/robot_moveit/share/robot_moveit/package.sh'
[2.703s] INFO:colcon.colcon_core.shell:Creating package script '/home/rahul/camera_ws/install/robot_moveit/share/robot_moveit/package.bash'
[2.704s] INFO:colcon.colcon_core.shell:Creating package script '/home/rahul/camera_ws/install/robot_moveit/share/robot_moveit/package.zsh'
[2.704s] Level 1:colcon.colcon_core.environment:create_file_with_runtime_dependencies(/home/rahul/camera_ws/install/robot_moveit/share/colcon-core/packages/robot_moveit)
[2.705s] Level 1:colcon.colcon_core.environment:create_environment_scripts_only(robot_moveit)
[2.705s] Level 1:colcon.colcon_core.environment:checking '/home/rahul/camera_ws/install/robot_moveit' for CMake module files
[2.706s] Level 1:colcon.colcon_core.environment:checking '/home/rahul/camera_ws/install/robot_moveit' for CMake config files
[2.706s] Level 1:colcon.colcon_core.shell:create_environment_hook('robot_moveit', 'cmake_prefix_path')
[2.706s] INFO:colcon.colcon_core.shell:Creating environment hook '/home/rahul/camera_ws/install/robot_moveit/share/robot_moveit/hook/cmake_prefix_path.ps1'
[2.708s] INFO:colcon.colcon_core.shell:Creating environment descriptor '/home/rahul/camera_ws/install/robot_moveit/share/robot_moveit/hook/cmake_prefix_path.dsv'
[2.708s] INFO:colcon.colcon_core.shell:Creating environment hook '/home/rahul/camera_ws/install/robot_moveit/share/robot_moveit/hook/cmake_prefix_path.sh'
[2.709s] Level 1:colcon.colcon_core.environment:checking '/home/rahul/camera_ws/install/robot_moveit/lib'
[2.709s] Level 1:colcon.colcon_core.environment:checking '/home/rahul/camera_ws/install/robot_moveit/bin'
[2.709s] Level 1:colcon.colcon_core.environment:checking '/home/rahul/camera_ws/install/robot_moveit/lib/pkgconfig/robot_moveit.pc'
[2.710s] Level 1:colcon.colcon_core.environment:checking '/home/rahul/camera_ws/install/robot_moveit/lib/python3.10/site-packages'
[2.710s] Level 1:colcon.colcon_core.shell:create_environment_hook('robot_moveit', 'pythonpath')
[2.710s] INFO:colcon.colcon_core.shell:Creating environment hook '/home/rahul/camera_ws/install/robot_moveit/share/robot_moveit/hook/pythonpath.ps1'
[2.710s] INFO:colcon.colcon_core.shell:Creating environment descriptor '/home/rahul/camera_ws/install/robot_moveit/share/robot_moveit/hook/pythonpath.dsv'
[2.710s] INFO:colcon.colcon_core.shell:Creating environment hook '/home/rahul/camera_ws/install/robot_moveit/share/robot_moveit/hook/pythonpath.sh'
[2.711s] Level 1:colcon.colcon_core.environment:checking '/home/rahul/camera_ws/install/robot_moveit/bin'
[2.711s] INFO:colcon.colcon_core.shell:Creating package script '/home/rahul/camera_ws/install/robot_moveit/share/robot_moveit/package.ps1'
[2.712s] INFO:colcon.colcon_core.shell:Creating package descriptor '/home/rahul/camera_ws/install/robot_moveit/share/robot_moveit/package.dsv'
[2.712s] INFO:colcon.colcon_core.shell:Creating package script '/home/rahul/camera_ws/install/robot_moveit/share/robot_moveit/package.sh'
[2.728s] INFO:colcon.colcon_core.shell:Creating package script '/home/rahul/camera_ws/install/robot_moveit/share/robot_moveit/package.bash'
[2.729s] INFO:colcon.colcon_core.shell:Creating package script '/home/rahul/camera_ws/install/robot_moveit/share/robot_moveit/package.zsh'
[2.730s] Level 1:colcon.colcon_core.environment:create_file_with_runtime_dependencies(/home/rahul/camera_ws/install/robot_moveit/share/colcon-core/packages/robot_moveit)
[2.731s] DEBUG:colcon.colcon_parallel_executor.executor.parallel:closing loop
[2.732s] DEBUG:colcon.colcon_parallel_executor.executor.parallel:loop closed
[2.732s] DEBUG:colcon.colcon_parallel_executor.executor.parallel:run_until_complete finished with '0'
[2.732s] DEBUG:colcon.colcon_core.event_reactor:joining thread
[2.737s] INFO:colcon.colcon_core.plugin_system:Skipping extension 'colcon_notification.desktop_notification.terminal_notifier': Not used on non-Darwin systems
[2.737s] INFO:colcon.colcon_core.plugin_system:Skipping extension 'colcon_notification.desktop_notification.win32': Not used on non-Windows systems
[2.738s] INFO:colcon.colcon_notification.desktop_notification:Sending desktop notification using 'notify2'
[2.755s] DEBUG:colcon.colcon_core.event_reactor:joined thread
[2.756s] INFO:colcon.colcon_core.shell:Creating prefix script '/home/rahul/camera_ws/install/local_setup.ps1'
[2.758s] INFO:colcon.colcon_core.shell:Creating prefix util module '/home/rahul/camera_ws/install/_local_setup_util_ps1.py'
[2.762s] INFO:colcon.colcon_core.shell:Creating prefix chain script '/home/rahul/camera_ws/install/setup.ps1'
[2.767s] INFO:colcon.colcon_core.shell:Creating prefix script '/home/rahul/camera_ws/install/local_setup.sh'
[2.768s] INFO:colcon.colcon_core.shell:Creating prefix util module '/home/rahul/camera_ws/install/_local_setup_util_sh.py'
[2.769s] INFO:colcon.colcon_core.shell:Creating prefix chain script '/home/rahul/camera_ws/install/setup.sh'
[2.771s] INFO:colcon.colcon_core.shell:Creating prefix script '/home/rahul/camera_ws/install/local_setup.bash'
[2.772s] INFO:colcon.colcon_core.shell:Creating prefix chain script '/home/rahul/camera_ws/install/setup.bash'
[2.774s] INFO:colcon.colcon_core.shell:Creating prefix script '/home/rahul/camera_ws/install/local_setup.zsh'
[2.775s] INFO:colcon.colcon_core.shell:Creating prefix chain script '/home/rahul/camera_ws/install/setup.zsh'
