[0.019s] Invoking command in '/home/rahul/camera_ws/build/robot_moveit': AMENT_PREFIX_PATH=/home/rahul/camera_ws/install/robot_description:${AMENT_PREFIX_PATH} CMAKE_PREFIX_PATH=/home/rahul/camera_ws/install/robot_description:/opt/ros/iron /usr/bin/cmake --build /home/rahul/camera_ws/build/robot_moveit -- -j12 -l12
[0.110s] Built target ament_cmake_python_copy_robot_moveit
[0.363s] running egg_info
[0.364s] writing robot_moveit.egg-info/PKG-INFO
[0.364s] writing dependency_links to robot_moveit.egg-info/dependency_links.txt
[0.364s] writing top-level names to robot_moveit.egg-info/top_level.txt
[0.368s] reading manifest file 'robot_moveit.egg-info/SOURCES.txt'
[0.368s] writing manifest file 'robot_moveit.egg-info/SOURCES.txt'
[0.425s] Built target ament_cmake_python_build_robot_moveit_egg
[0.440s] Invoked command in '/home/rahul/camera_ws/build/robot_moveit' returned '0': AMENT_PREFIX_PATH=/home/rahul/camera_ws/install/robot_description:${AMENT_PREFIX_PATH} CMAKE_PREFIX_PATH=/home/rahul/camera_ws/install/robot_description:/opt/ros/iron /usr/bin/cmake --build /home/rahul/camera_ws/build/robot_moveit -- -j12 -l12
[0.442s] Invoking command in '/home/rahul/camera_ws/build/robot_moveit': AMENT_PREFIX_PATH=/home/rahul/camera_ws/install/robot_description:${AMENT_PREFIX_PATH} CMAKE_PREFIX_PATH=/home/rahul/camera_ws/install/robot_description:/opt/ros/iron /usr/bin/cmake --install /home/rahul/camera_ws/build/robot_moveit
[0.455s] -- Install configuration: ""
[0.455s] -- Up-to-date: /home/rahul/camera_ws/install/robot_moveit/share/robot_moveit/environment/pythonpath.sh
[0.455s] -- Up-to-date: /home/rahul/camera_ws/install/robot_moveit/share/robot_moveit/environment/pythonpath.dsv
[0.455s] -- Up-to-date: /home/rahul/camera_ws/install/robot_moveit/lib/python3.10/site-packages/robot_moveit-0.3.0-py3.10.egg-info
[0.455s] -- Installing: /home/rahul/camera_ws/install/robot_moveit/lib/python3.10/site-packages/robot_moveit-0.3.0-py3.10.egg-info/SOURCES.txt
[0.455s] -- Installing: /home/rahul/camera_ws/install/robot_moveit/lib/python3.10/site-packages/robot_moveit-0.3.0-py3.10.egg-info/PKG-INFO
[0.455s] -- Installing: /home/rahul/camera_ws/install/robot_moveit/lib/python3.10/site-packages/robot_moveit-0.3.0-py3.10.egg-info/dependency_links.txt
[0.455s] -- Installing: /home/rahul/camera_ws/install/robot_moveit/lib/python3.10/site-packages/robot_moveit-0.3.0-py3.10.egg-info/top_level.txt
[0.456s] -- Up-to-date: /home/rahul/camera_ws/install/robot_moveit/lib/python3.10/site-packages/robot_moveit
[0.456s] -- Installing: /home/rahul/camera_ws/install/robot_moveit/lib/python3.10/site-packages/robot_moveit/camera_pose_and_projection.py
[0.456s] -- Up-to-date: /home/rahul/camera_ws/install/robot_moveit/lib/python3.10/site-packages/robot_moveit/compute_camera_pose.py
[0.456s] -- Up-to-date: /home/rahul/camera_ws/install/robot_moveit/lib/python3.10/site-packages/robot_moveit/ur5_controller.py
[0.456s] -- Up-to-date: /home/rahul/camera_ws/install/robot_moveit/lib/python3.10/site-packages/robot_moveit/__init__.py
[0.492s] Listing '/home/rahul/camera_ws/install/robot_moveit/lib/python3.10/site-packages/robot_moveit'...
[0.493s] Compiling '/home/rahul/camera_ws/install/robot_moveit/lib/python3.10/site-packages/robot_moveit/camera_pose_and_projection.py'...
[0.501s] -- Up-to-date: /home/rahul/camera_ws/install/robot_moveit/lib/robot_moveit/ur5_controller.py
[0.501s] -- Up-to-date: /home/rahul/camera_ws/install/robot_moveit/lib/robot_moveit/compute_camera_pose.py
[0.501s] -- Installing: /home/rahul/camera_ws/install/robot_moveit/lib/robot_moveit/camera_pose_and_projection.py
[0.501s] -- Up-to-date: /home/rahul/camera_ws/install/robot_moveit/share/robot_moveit/launch
[0.501s] -- Up-to-date: /home/rahul/camera_ws/install/robot_moveit/share/robot_moveit/launch/setup_assistant.launch.py
[0.502s] -- Up-to-date: /home/rahul/camera_ws/install/robot_moveit/share/robot_moveit/launch/moveit.launch.py
[0.502s] -- Up-to-date: /home/rahul/camera_ws/install/robot_moveit/share/robot_moveit/config
[0.502s] -- Up-to-date: /home/rahul/camera_ws/install/robot_moveit/share/robot_moveit/config/joint_limits.yaml
[0.502s] -- Up-to-date: /home/rahul/camera_ws/install/robot_moveit/share/robot_moveit/config/robot.urdf.xacro
[0.503s] -- Up-to-date: /home/rahul/camera_ws/install/robot_moveit/share/robot_moveit/config/moveit_controllers.yaml
[0.503s] -- Up-to-date: /home/rahul/camera_ws/install/robot_moveit/share/robot_moveit/config/robot.ros2_control.xacro
[0.503s] -- Up-to-date: /home/rahul/camera_ws/install/robot_moveit/share/robot_moveit/config/kinematics.yaml
[0.503s] -- Up-to-date: /home/rahul/camera_ws/install/robot_moveit/share/robot_moveit/config/pilz_cartesian_limits.yaml
[0.503s] -- Up-to-date: /home/rahul/camera_ws/install/robot_moveit/share/robot_moveit/config/robot.srdf
[0.504s] -- Up-to-date: /home/rahul/camera_ws/install/robot_moveit/share/robot_moveit/config/initial_positions.yaml
[0.504s] -- Up-to-date: /home/rahul/camera_ws/install/robot_moveit/share/robot_moveit/launch
[0.504s] -- Up-to-date: /home/rahul/camera_ws/install/robot_moveit/share/robot_moveit/launch/setup_assistant.launch.py
[0.504s] -- Up-to-date: /home/rahul/camera_ws/install/robot_moveit/share/robot_moveit/launch/moveit.launch.py
[0.504s] -- Up-to-date: /home/rahul/camera_ws/install/robot_moveit/share/robot_moveit/config
[0.505s] -- Up-to-date: /home/rahul/camera_ws/install/robot_moveit/share/robot_moveit/config/joint_limits.yaml
[0.505s] -- Up-to-date: /home/rahul/camera_ws/install/robot_moveit/share/robot_moveit/config/robot.urdf.xacro
[0.505s] -- Up-to-date: /home/rahul/camera_ws/install/robot_moveit/share/robot_moveit/config/moveit_controllers.yaml
[0.505s] -- Up-to-date: /home/rahul/camera_ws/install/robot_moveit/share/robot_moveit/config/robot.ros2_control.xacro
[0.505s] -- Up-to-date: /home/rahul/camera_ws/install/robot_moveit/share/robot_moveit/config/kinematics.yaml
[0.505s] -- Up-to-date: /home/rahul/camera_ws/install/robot_moveit/share/robot_moveit/config/pilz_cartesian_limits.yaml
[0.506s] -- Up-to-date: /home/rahul/camera_ws/install/robot_moveit/share/robot_moveit/config/robot.srdf
[0.506s] -- Up-to-date: /home/rahul/camera_ws/install/robot_moveit/share/robot_moveit/config/initial_positions.yaml
[0.506s] -- Up-to-date: /home/rahul/camera_ws/install/robot_moveit/share/robot_moveit/.setup_assistant
[0.506s] -- Up-to-date: /home/rahul/camera_ws/install/robot_moveit/share/ament_index/resource_index/package_run_dependencies/robot_moveit
[0.506s] -- Up-to-date: /home/rahul/camera_ws/install/robot_moveit/share/ament_index/resource_index/parent_prefix_path/robot_moveit
[0.507s] -- Up-to-date: /home/rahul/camera_ws/install/robot_moveit/share/robot_moveit/environment/ament_prefix_path.sh
[0.507s] -- Up-to-date: /home/rahul/camera_ws/install/robot_moveit/share/robot_moveit/environment/ament_prefix_path.dsv
[0.507s] -- Up-to-date: /home/rahul/camera_ws/install/robot_moveit/share/robot_moveit/environment/path.sh
[0.507s] -- Up-to-date: /home/rahul/camera_ws/install/robot_moveit/share/robot_moveit/environment/path.dsv
[0.507s] -- Up-to-date: /home/rahul/camera_ws/install/robot_moveit/share/robot_moveit/local_setup.bash
[0.507s] -- Up-to-date: /home/rahul/camera_ws/install/robot_moveit/share/robot_moveit/local_setup.sh
[0.507s] -- Up-to-date: /home/rahul/camera_ws/install/robot_moveit/share/robot_moveit/local_setup.zsh
[0.508s] -- Up-to-date: /home/rahul/camera_ws/install/robot_moveit/share/robot_moveit/local_setup.dsv
[0.508s] -- Installing: /home/rahul/camera_ws/install/robot_moveit/share/robot_moveit/package.dsv
[0.508s] -- Up-to-date: /home/rahul/camera_ws/install/robot_moveit/share/ament_index/resource_index/packages/robot_moveit
[0.508s] -- Up-to-date: /home/rahul/camera_ws/install/robot_moveit/share/robot_moveit/cmake/robot_moveitConfig.cmake
[0.508s] -- Up-to-date: /home/rahul/camera_ws/install/robot_moveit/share/robot_moveit/cmake/robot_moveitConfig-version.cmake
[0.508s] -- Up-to-date: /home/rahul/camera_ws/install/robot_moveit/share/robot_moveit/package.xml
[0.512s] Invoked command in '/home/rahul/camera_ws/build/robot_moveit' returned '0': AMENT_PREFIX_PATH=/home/rahul/camera_ws/install/robot_description:${AMENT_PREFIX_PATH} CMAKE_PREFIX_PATH=/home/rahul/camera_ws/install/robot_description:/opt/ros/iron /usr/bin/cmake --install /home/rahul/camera_ws/build/robot_moveit
