[0.049s] Invoking command in '/home/rahul/camera_ws/build/robot_moveit': AMENT_PREFIX_PATH=/home/rahul/camera_ws/install/robot_description:${AMENT_PREFIX_PATH} CMAKE_PREFIX_PATH=/home/rahul/camera_ws/install/robot_description:/opt/ros/iron /usr/bin/cmake --build /home/rahul/camera_ws/build/robot_moveit -- -j12 -l12
[0.182s] Built target ament_cmake_python_copy_robot_moveit
[0.538s] running egg_info
[0.539s] writing robot_moveit.egg-info/PKG-INFO
[0.540s] writing dependency_links to robot_moveit.egg-info/dependency_links.txt
[0.540s] writing top-level names to robot_moveit.egg-info/top_level.txt
[0.546s] reading manifest file 'robot_moveit.egg-info/SOURCES.txt'
[0.625s] writing manifest file 'robot_moveit.egg-info/SOURCES.txt'
[0.700s] Built target ament_cmake_python_build_robot_moveit_egg
[0.721s] Invoked command in '/home/rahul/camera_ws/build/robot_moveit' returned '0': AMENT_PREFIX_PATH=/home/rahul/camera_ws/install/robot_description:${AMENT_PREFIX_PATH} CMAKE_PREFIX_PATH=/home/rahul/camera_ws/install/robot_description:/opt/ros/iron /usr/bin/cmake --build /home/rahul/camera_ws/build/robot_moveit -- -j12 -l12
[0.723s] Invoking command in '/home/rahul/camera_ws/build/robot_moveit': AMENT_PREFIX_PATH=/home/rahul/camera_ws/install/robot_description:${AMENT_PREFIX_PATH} CMAKE_PREFIX_PATH=/home/rahul/camera_ws/install/robot_description:/opt/ros/iron /usr/bin/cmake --install /home/rahul/camera_ws/build/robot_moveit
[0.735s] -- Install configuration: ""
[0.735s] -- Up-to-date: /home/rahul/camera_ws/install/robot_moveit/share/robot_moveit/environment/pythonpath.sh
[0.736s] -- Up-to-date: /home/rahul/camera_ws/install/robot_moveit/share/robot_moveit/environment/pythonpath.dsv
[0.736s] -- Up-to-date: /home/rahul/camera_ws/install/robot_moveit/lib/python3.10/site-packages/robot_moveit-0.3.0-py3.10.egg-info
[0.736s] -- Installing: /home/rahul/camera_ws/install/robot_moveit/lib/python3.10/site-packages/robot_moveit-0.3.0-py3.10.egg-info/SOURCES.txt
[0.736s] -- Installing: /home/rahul/camera_ws/install/robot_moveit/lib/python3.10/site-packages/robot_moveit-0.3.0-py3.10.egg-info/PKG-INFO
[0.736s] -- Installing: /home/rahul/camera_ws/install/robot_moveit/lib/python3.10/site-packages/robot_moveit-0.3.0-py3.10.egg-info/dependency_links.txt
[0.736s] -- Installing: /home/rahul/camera_ws/install/robot_moveit/lib/python3.10/site-packages/robot_moveit-0.3.0-py3.10.egg-info/top_level.txt
[0.736s] -- Up-to-date: /home/rahul/camera_ws/install/robot_moveit/lib/python3.10/site-packages/robot_moveit
[0.736s] -- Installing: /home/rahul/camera_ws/install/robot_moveit/lib/python3.10/site-packages/robot_moveit/ur5_controller.py
[0.736s] -- Up-to-date: /home/rahul/camera_ws/install/robot_moveit/lib/python3.10/site-packages/robot_moveit/__init__.py
[0.780s] Listing '/home/rahul/camera_ws/install/robot_moveit/lib/python3.10/site-packages/robot_moveit'...
[0.780s] Compiling '/home/rahul/camera_ws/install/robot_moveit/lib/python3.10/site-packages/robot_moveit/ur5_controller.py'...
[0.787s] -- Up-to-date: /home/rahul/camera_ws/install/robot_moveit/share/robot_moveit/launch
[0.787s] -- Up-to-date: /home/rahul/camera_ws/install/robot_moveit/share/robot_moveit/launch/setup_assistant.launch.py
[0.787s] -- Up-to-date: /home/rahul/camera_ws/install/robot_moveit/share/robot_moveit/launch/moveit.launch.py
[0.787s] -- Up-to-date: /home/rahul/camera_ws/install/robot_moveit/share/robot_moveit/config
[0.787s] -- Up-to-date: /home/rahul/camera_ws/install/robot_moveit/share/robot_moveit/config/joint_limits.yaml
[0.787s] -- Up-to-date: /home/rahul/camera_ws/install/robot_moveit/share/robot_moveit/config/robot.urdf.xacro
[0.787s] -- Up-to-date: /home/rahul/camera_ws/install/robot_moveit/share/robot_moveit/config/moveit_controllers.yaml
[0.787s] -- Up-to-date: /home/rahul/camera_ws/install/robot_moveit/share/robot_moveit/config/robot.ros2_control.xacro
[0.788s] -- Up-to-date: /home/rahul/camera_ws/install/robot_moveit/share/robot_moveit/config/kinematics.yaml
[0.788s] -- Up-to-date: /home/rahul/camera_ws/install/robot_moveit/share/robot_moveit/config/pilz_cartesian_limits.yaml
[0.788s] -- Up-to-date: /home/rahul/camera_ws/install/robot_moveit/share/robot_moveit/config/robot.srdf
[0.788s] -- Up-to-date: /home/rahul/camera_ws/install/robot_moveit/share/robot_moveit/config/initial_positions.yaml
[0.788s] -- Installing: /home/rahul/camera_ws/install/robot_moveit/lib/robot_moveit/ur5_controller.py
[0.789s] -- Up-to-date: /home/rahul/camera_ws/install/robot_moveit/share/robot_moveit/launch
[0.789s] -- Up-to-date: /home/rahul/camera_ws/install/robot_moveit/share/robot_moveit/launch/setup_assistant.launch.py
[0.789s] -- Up-to-date: /home/rahul/camera_ws/install/robot_moveit/share/robot_moveit/launch/moveit.launch.py
[0.789s] -- Up-to-date: /home/rahul/camera_ws/install/robot_moveit/share/robot_moveit/config
[0.789s] -- Up-to-date: /home/rahul/camera_ws/install/robot_moveit/share/robot_moveit/config/joint_limits.yaml
[0.790s] -- Up-to-date: /home/rahul/camera_ws/install/robot_moveit/share/robot_moveit/config/robot.urdf.xacro
[0.790s] -- Up-to-date: /home/rahul/camera_ws/install/robot_moveit/share/robot_moveit/config/moveit_controllers.yaml
[0.790s] -- Up-to-date: /home/rahul/camera_ws/install/robot_moveit/share/robot_moveit/config/robot.ros2_control.xacro
[0.790s] -- Up-to-date: /home/rahul/camera_ws/install/robot_moveit/share/robot_moveit/config/kinematics.yaml
[0.790s] -- Up-to-date: /home/rahul/camera_ws/install/robot_moveit/share/robot_moveit/config/pilz_cartesian_limits.yaml
[0.790s] -- Up-to-date: /home/rahul/camera_ws/install/robot_moveit/share/robot_moveit/config/robot.srdf
[0.790s] -- Up-to-date: /home/rahul/camera_ws/install/robot_moveit/share/robot_moveit/config/initial_positions.yaml
[0.791s] -- Up-to-date: /home/rahul/camera_ws/install/robot_moveit/share/robot_moveit/.setup_assistant
[0.791s] -- Up-to-date: /home/rahul/camera_ws/install/robot_moveit/share/ament_index/resource_index/package_run_dependencies/robot_moveit
[0.791s] -- Up-to-date: /home/rahul/camera_ws/install/robot_moveit/share/ament_index/resource_index/parent_prefix_path/robot_moveit
[0.791s] -- Up-to-date: /home/rahul/camera_ws/install/robot_moveit/share/robot_moveit/environment/ament_prefix_path.sh
[0.791s] -- Up-to-date: /home/rahul/camera_ws/install/robot_moveit/share/robot_moveit/environment/ament_prefix_path.dsv
[0.791s] -- Up-to-date: /home/rahul/camera_ws/install/robot_moveit/share/robot_moveit/environment/path.sh
[0.791s] -- Up-to-date: /home/rahul/camera_ws/install/robot_moveit/share/robot_moveit/environment/path.dsv
[0.792s] -- Up-to-date: /home/rahul/camera_ws/install/robot_moveit/share/robot_moveit/local_setup.bash
[0.792s] -- Up-to-date: /home/rahul/camera_ws/install/robot_moveit/share/robot_moveit/local_setup.sh
[0.792s] -- Up-to-date: /home/rahul/camera_ws/install/robot_moveit/share/robot_moveit/local_setup.zsh
[0.792s] -- Up-to-date: /home/rahul/camera_ws/install/robot_moveit/share/robot_moveit/local_setup.dsv
[0.792s] -- Installing: /home/rahul/camera_ws/install/robot_moveit/share/robot_moveit/package.dsv
[0.792s] -- Up-to-date: /home/rahul/camera_ws/install/robot_moveit/share/ament_index/resource_index/packages/robot_moveit
[0.792s] -- Up-to-date: /home/rahul/camera_ws/install/robot_moveit/share/robot_moveit/cmake/robot_moveitConfig.cmake
[0.793s] -- Up-to-date: /home/rahul/camera_ws/install/robot_moveit/share/robot_moveit/cmake/robot_moveitConfig-version.cmake
[0.793s] -- Up-to-date: /home/rahul/camera_ws/install/robot_moveit/share/robot_moveit/package.xml
[0.795s] Invoked command in '/home/rahul/camera_ws/build/robot_moveit' returned '0': AMENT_PREFIX_PATH=/home/rahul/camera_ws/install/robot_description:${AMENT_PREFIX_PATH} CMAKE_PREFIX_PATH=/home/rahul/camera_ws/install/robot_description:/opt/ros/iron /usr/bin/cmake --install /home/rahul/camera_ws/build/robot_moveit
