[0.098s] DEBUG:colcon:Command line arguments: ['/usr/bin/colcon', 'build']
[0.098s] DEBUG:colcon:Parsed command line arguments: Namespace(log_base=None, log_level=None, verb_name='build', build_base='build', install_base='install', merge_install=False, symlink_install=False, test_result_base=None, continue_on_error=False, executor='parallel', parallel_workers=12, event_handlers=None, ignore_user_meta=False, metas=['./colcon.meta'], base_paths=['.'], packages_ignore=None, packages_ignore_regex=None, paths=None, packages_up_to=None, packages_up_to_regex=None, packages_above=None, packages_above_and_dependencies=None, packages_above_depth=None, packages_select_by_dep=None, packages_skip_by_dep=None, packages_skip_up_to=None, packages_select_build_failed=False, packages_skip_build_finished=False, packages_select_test_failures=False, packages_skip_test_passed=False, packages_select=None, packages_skip=None, packages_select_regex=None, packages_skip_regex=None, packages_start=None, packages_end=None, allow_overriding=[], cmake_args=None, cmake_target=None, cmake_target_skip_unavailable=False, cmake_clean_cache=False, cmake_clean_first=False, cmake_force_configure=False, ament_cmake_args=None, catkin_cmake_args=None, catkin_skip_building_tests=False, mixin_files=None, mixin=None, verb_parser=<colcon_mixin.mixin.mixin_argument.MixinArgumentDecorator object at 0x7aa1d1c6b2e0>, verb_extension=<colcon_core.verb.build.BuildVerb object at 0x7aa1d1c6ad10>, main=<bound method BuildVerb.main of <colcon_core.verb.build.BuildVerb object at 0x7aa1d1c6ad10>>, mixin_verb=('build',))
[1.382s] Level 1:colcon.colcon_core.package_discovery:discover_packages(colcon_meta) check parameters
[1.382s] Level 1:colcon.colcon_core.package_discovery:discover_packages(recursive) check parameters
[1.382s] Level 1:colcon.colcon_core.package_discovery:discover_packages(ignore) check parameters
[1.382s] Level 1:colcon.colcon_core.package_discovery:discover_packages(path) check parameters
[1.382s] Level 1:colcon.colcon_core.package_discovery:discover_packages(colcon_meta) discover
[1.382s] Level 1:colcon.colcon_core.package_discovery:discover_packages(recursive) discover
[1.382s] INFO:colcon.colcon_core.package_discovery:Crawling recursively for packages in '/home/rahul/camera_ws'
[1.382s] Level 1:colcon.colcon_core.package_identification:_identify(.) by extensions ['ignore', 'ignore_ament_install']
[1.383s] Level 1:colcon.colcon_core.package_identification:_identify(.) by extension 'ignore'
[1.383s] Level 1:colcon.colcon_core.package_identification:_identify(.) by extension 'ignore_ament_install'
[1.383s] Level 1:colcon.colcon_core.package_identification:_identify(.) by extensions ['colcon_pkg']
[1.383s] Level 1:colcon.colcon_core.package_identification:_identify(.) by extension 'colcon_pkg'
[1.383s] Level 1:colcon.colcon_core.package_identification:_identify(.) by extensions ['colcon_meta']
[1.383s] Level 1:colcon.colcon_core.package_identification:_identify(.) by extension 'colcon_meta'
[1.383s] Level 1:colcon.colcon_core.package_identification:_identify(.) by extensions ['ros']
[1.383s] Level 1:colcon.colcon_core.package_identification:_identify(.) by extension 'ros'
[1.473s] Level 1:colcon.colcon_core.package_identification:_identify(.) by extensions ['cmake', 'python']
[1.474s] Level 1:colcon.colcon_core.package_identification:_identify(.) by extension 'cmake'
[1.474s] Level 1:colcon.colcon_core.package_identification:_identify(.) by extension 'python'
[1.474s] Level 1:colcon.colcon_core.package_identification:_identify(.) by extensions ['python_setup_py']
[1.474s] Level 1:colcon.colcon_core.package_identification:_identify(.) by extension 'python_setup_py'
[1.474s] Level 1:colcon.colcon_core.package_identification:_identify(build) by extensions ['ignore', 'ignore_ament_install']
[1.474s] Level 1:colcon.colcon_core.package_identification:_identify(build) by extension 'ignore'
[1.474s] Level 1:colcon.colcon_core.package_identification:_identify(build) ignored
[1.474s] Level 1:colcon.colcon_core.package_identification:_identify(install) by extensions ['ignore', 'ignore_ament_install']
[1.474s] Level 1:colcon.colcon_core.package_identification:_identify(install) by extension 'ignore'
[1.474s] Level 1:colcon.colcon_core.package_identification:_identify(install) ignored
[1.474s] Level 1:colcon.colcon_core.package_identification:_identify(log) by extensions ['ignore', 'ignore_ament_install']
[1.474s] Level 1:colcon.colcon_core.package_identification:_identify(log) by extension 'ignore'
[1.474s] Level 1:colcon.colcon_core.package_identification:_identify(log) ignored
[1.474s] Level 1:colcon.colcon_core.package_identification:_identify(src) by extensions ['ignore', 'ignore_ament_install']
[1.475s] Level 1:colcon.colcon_core.package_identification:_identify(src) by extension 'ignore'
[1.475s] Level 1:colcon.colcon_core.package_identification:_identify(src) by extension 'ignore_ament_install'
[1.475s] Level 1:colcon.colcon_core.package_identification:_identify(src) by extensions ['colcon_pkg']
[1.475s] Level 1:colcon.colcon_core.package_identification:_identify(src) by extension 'colcon_pkg'
[1.475s] Level 1:colcon.colcon_core.package_identification:_identify(src) by extensions ['colcon_meta']
[1.475s] Level 1:colcon.colcon_core.package_identification:_identify(src) by extension 'colcon_meta'
[1.475s] Level 1:colcon.colcon_core.package_identification:_identify(src) by extensions ['ros']
[1.475s] Level 1:colcon.colcon_core.package_identification:_identify(src) by extension 'ros'
[1.475s] Level 1:colcon.colcon_core.package_identification:_identify(src) by extensions ['cmake', 'python']
[1.475s] Level 1:colcon.colcon_core.package_identification:_identify(src) by extension 'cmake'
[1.475s] Level 1:colcon.colcon_core.package_identification:_identify(src) by extension 'python'
[1.475s] Level 1:colcon.colcon_core.package_identification:_identify(src) by extensions ['python_setup_py']
[1.475s] Level 1:colcon.colcon_core.package_identification:_identify(src) by extension 'python_setup_py'
[1.475s] Level 1:colcon.colcon_core.package_identification:_identify(src/robot_controller) by extensions ['ignore', 'ignore_ament_install']
[1.475s] Level 1:colcon.colcon_core.package_identification:_identify(src/robot_controller) by extension 'ignore'
[1.475s] Level 1:colcon.colcon_core.package_identification:_identify(src/robot_controller) by extension 'ignore_ament_install'
[1.475s] Level 1:colcon.colcon_core.package_identification:_identify(src/robot_controller) by extensions ['colcon_pkg']
[1.475s] Level 1:colcon.colcon_core.package_identification:_identify(src/robot_controller) by extension 'colcon_pkg'
[1.475s] Level 1:colcon.colcon_core.package_identification:_identify(src/robot_controller) by extensions ['colcon_meta']
[1.475s] Level 1:colcon.colcon_core.package_identification:_identify(src/robot_controller) by extension 'colcon_meta'
[1.475s] Level 1:colcon.colcon_core.package_identification:_identify(src/robot_controller) by extensions ['ros']
[1.475s] Level 1:colcon.colcon_core.package_identification:_identify(src/robot_controller) by extension 'ros'
[1.490s] DEBUG:colcon.colcon_core.package_identification:Package 'src/robot_controller' with type 'ros.ament_cmake' and name 'robot_controller'
[1.491s] Level 1:colcon.colcon_core.package_identification:_identify(src/robot_description) by extensions ['ignore', 'ignore_ament_install']
[1.491s] Level 1:colcon.colcon_core.package_identification:_identify(src/robot_description) by extension 'ignore'
[1.491s] Level 1:colcon.colcon_core.package_identification:_identify(src/robot_description) by extension 'ignore_ament_install'
[1.491s] Level 1:colcon.colcon_core.package_identification:_identify(src/robot_description) by extensions ['colcon_pkg']
[1.491s] Level 1:colcon.colcon_core.package_identification:_identify(src/robot_description) by extension 'colcon_pkg'
[1.491s] Level 1:colcon.colcon_core.package_identification:_identify(src/robot_description) by extensions ['colcon_meta']
[1.491s] Level 1:colcon.colcon_core.package_identification:_identify(src/robot_description) by extension 'colcon_meta'
[1.491s] Level 1:colcon.colcon_core.package_identification:_identify(src/robot_description) by extensions ['ros']
[1.491s] Level 1:colcon.colcon_core.package_identification:_identify(src/robot_description) by extension 'ros'
[1.505s] DEBUG:colcon.colcon_core.package_identification:Package 'src/robot_description' with type 'ros.ament_cmake' and name 'robot_description'
[1.506s] Level 1:colcon.colcon_core.package_identification:_identify(src/robot_moveit) by extensions ['ignore', 'ignore_ament_install']
[1.506s] Level 1:colcon.colcon_core.package_identification:_identify(src/robot_moveit) by extension 'ignore'
[1.506s] Level 1:colcon.colcon_core.package_identification:_identify(src/robot_moveit) by extension 'ignore_ament_install'
[1.506s] Level 1:colcon.colcon_core.package_identification:_identify(src/robot_moveit) by extensions ['colcon_pkg']
[1.506s] Level 1:colcon.colcon_core.package_identification:_identify(src/robot_moveit) by extension 'colcon_pkg'
[1.506s] Level 1:colcon.colcon_core.package_identification:_identify(src/robot_moveit) by extensions ['colcon_meta']
[1.506s] Level 1:colcon.colcon_core.package_identification:_identify(src/robot_moveit) by extension 'colcon_meta'
[1.506s] Level 1:colcon.colcon_core.package_identification:_identify(src/robot_moveit) by extensions ['ros']
[1.506s] Level 1:colcon.colcon_core.package_identification:_identify(src/robot_moveit) by extension 'ros'
[1.507s] DEBUG:colcon.colcon_core.package_identification:Package 'src/robot_moveit' with type 'ros.ament_cmake' and name 'robot_moveit'
[1.507s] Level 1:colcon.colcon_core.package_discovery:discover_packages(recursive) using defaults
[1.507s] Level 1:colcon.colcon_core.package_discovery:discover_packages(ignore) discover
[1.507s] Level 1:colcon.colcon_core.package_discovery:discover_packages(ignore) using defaults
[1.507s] Level 1:colcon.colcon_core.package_discovery:discover_packages(path) discover
[1.507s] Level 1:colcon.colcon_core.package_discovery:discover_packages(path) using defaults
[1.704s] Level 1:colcon.colcon_core.package_discovery:discover_packages(prefix_path) check parameters
[1.704s] Level 1:colcon.colcon_core.package_discovery:discover_packages(prefix_path) discover
[1.711s] DEBUG:colcon.colcon_installed_package_information.package_discovery:Found 415 installed packages in /opt/ros/iron
[1.714s] Level 1:colcon.colcon_core.package_discovery:discover_packages(prefix_path) using defaults
[1.786s] Level 5:colcon.colcon_core.verb:set package 'robot_description' build argument 'cmake_args' from command line to 'None'
[1.786s] Level 5:colcon.colcon_core.verb:set package 'robot_description' build argument 'cmake_target' from command line to 'None'
[1.786s] Level 5:colcon.colcon_core.verb:set package 'robot_description' build argument 'cmake_target_skip_unavailable' from command line to 'False'
[1.786s] Level 5:colcon.colcon_core.verb:set package 'robot_description' build argument 'cmake_clean_cache' from command line to 'False'
[1.786s] Level 5:colcon.colcon_core.verb:set package 'robot_description' build argument 'cmake_clean_first' from command line to 'False'
[1.786s] Level 5:colcon.colcon_core.verb:set package 'robot_description' build argument 'cmake_force_configure' from command line to 'False'
[1.786s] Level 5:colcon.colcon_core.verb:set package 'robot_description' build argument 'ament_cmake_args' from command line to 'None'
[1.786s] Level 5:colcon.colcon_core.verb:set package 'robot_description' build argument 'catkin_cmake_args' from command line to 'None'
[1.786s] Level 5:colcon.colcon_core.verb:set package 'robot_description' build argument 'catkin_skip_building_tests' from command line to 'False'
[1.786s] DEBUG:colcon.colcon_core.verb:Building package 'robot_description' with the following arguments: {'ament_cmake_args': None, 'build_base': '/home/rahul/camera_ws/build/robot_description', 'catkin_cmake_args': None, 'catkin_skip_building_tests': False, 'cmake_args': None, 'cmake_clean_cache': False, 'cmake_clean_first': False, 'cmake_force_configure': False, 'cmake_target': None, 'cmake_target_skip_unavailable': False, 'install_base': '/home/rahul/camera_ws/install/robot_description', 'merge_install': False, 'path': '/home/rahul/camera_ws/src/robot_description', 'symlink_install': False, 'test_result_base': None}
[1.786s] Level 5:colcon.colcon_core.verb:set package 'robot_controller' build argument 'cmake_args' from command line to 'None'
[1.786s] Level 5:colcon.colcon_core.verb:set package 'robot_controller' build argument 'cmake_target' from command line to 'None'
[1.786s] Level 5:colcon.colcon_core.verb:set package 'robot_controller' build argument 'cmake_target_skip_unavailable' from command line to 'False'
[1.786s] Level 5:colcon.colcon_core.verb:set package 'robot_controller' build argument 'cmake_clean_cache' from command line to 'False'
[1.786s] Level 5:colcon.colcon_core.verb:set package 'robot_controller' build argument 'cmake_clean_first' from command line to 'False'
[1.787s] Level 5:colcon.colcon_core.verb:set package 'robot_controller' build argument 'cmake_force_configure' from command line to 'False'
[1.787s] Level 5:colcon.colcon_core.verb:set package 'robot_controller' build argument 'ament_cmake_args' from command line to 'None'
[1.787s] Level 5:colcon.colcon_core.verb:set package 'robot_controller' build argument 'catkin_cmake_args' from command line to 'None'
[1.787s] Level 5:colcon.colcon_core.verb:set package 'robot_controller' build argument 'catkin_skip_building_tests' from command line to 'False'
[1.787s] DEBUG:colcon.colcon_core.verb:Building package 'robot_controller' with the following arguments: {'ament_cmake_args': None, 'build_base': '/home/rahul/camera_ws/build/robot_controller', 'catkin_cmake_args': None, 'catkin_skip_building_tests': False, 'cmake_args': None, 'cmake_clean_cache': False, 'cmake_clean_first': False, 'cmake_force_configure': False, 'cmake_target': None, 'cmake_target_skip_unavailable': False, 'install_base': '/home/rahul/camera_ws/install/robot_controller', 'merge_install': False, 'path': '/home/rahul/camera_ws/src/robot_controller', 'symlink_install': False, 'test_result_base': None}
[1.787s] Level 5:colcon.colcon_core.verb:set package 'robot_moveit' build argument 'cmake_args' from command line to 'None'
[1.787s] Level 5:colcon.colcon_core.verb:set package 'robot_moveit' build argument 'cmake_target' from command line to 'None'
[1.787s] Level 5:colcon.colcon_core.verb:set package 'robot_moveit' build argument 'cmake_target_skip_unavailable' from command line to 'False'
[1.787s] Level 5:colcon.colcon_core.verb:set package 'robot_moveit' build argument 'cmake_clean_cache' from command line to 'False'
[1.787s] Level 5:colcon.colcon_core.verb:set package 'robot_moveit' build argument 'cmake_clean_first' from command line to 'False'
[1.787s] Level 5:colcon.colcon_core.verb:set package 'robot_moveit' build argument 'cmake_force_configure' from command line to 'False'
[1.787s] Level 5:colcon.colcon_core.verb:set package 'robot_moveit' build argument 'ament_cmake_args' from command line to 'None'
[1.787s] Level 5:colcon.colcon_core.verb:set package 'robot_moveit' build argument 'catkin_cmake_args' from command line to 'None'
[1.787s] Level 5:colcon.colcon_core.verb:set package 'robot_moveit' build argument 'catkin_skip_building_tests' from command line to 'False'
[1.787s] DEBUG:colcon.colcon_core.verb:Building package 'robot_moveit' with the following arguments: {'ament_cmake_args': None, 'build_base': '/home/rahul/camera_ws/build/robot_moveit', 'catkin_cmake_args': None, 'catkin_skip_building_tests': False, 'cmake_args': None, 'cmake_clean_cache': False, 'cmake_clean_first': False, 'cmake_force_configure': False, 'cmake_target': None, 'cmake_target_skip_unavailable': False, 'install_base': '/home/rahul/camera_ws/install/robot_moveit', 'merge_install': False, 'path': '/home/rahul/camera_ws/src/robot_moveit', 'symlink_install': False, 'test_result_base': None}
[1.787s] INFO:colcon.colcon_core.executor:Executing jobs using 'parallel' executor
[1.789s] DEBUG:colcon.colcon_parallel_executor.executor.parallel:run_until_complete
[1.789s] INFO:colcon.colcon_ros.task.ament_cmake.build:Building ROS package in '/home/rahul/camera_ws/src/robot_description' with build type 'ament_cmake'
[1.789s] INFO:colcon.colcon_cmake.task.cmake.build:Building CMake package in '/home/rahul/camera_ws/src/robot_description'
[1.810s] INFO:colcon.colcon_core.plugin_system:Skipping extension 'colcon_core.shell.bat': Not used on non-Windows systems
[1.811s] INFO:colcon.colcon_core.shell:Skip shell extension 'powershell' for command environment: Not usable outside of PowerShell
[1.811s] DEBUG:colcon.colcon_core.shell:Skip shell extension 'dsv' for command environment
[1.833s] DEBUG:colcon.colcon_core.event_handler.log_command:Invoking command in '/home/rahul/camera_ws/build/robot_description': CMAKE_PREFIX_PATH=/opt/ros/iron /usr/bin/cmake --build /home/rahul/camera_ws/build/robot_description -- -j12 -l12
[2.020s] DEBUG:colcon.colcon_core.event_handler.log_command:Invoked command in '/home/rahul/camera_ws/build/robot_description' returned '0': CMAKE_PREFIX_PATH=/opt/ros/iron /usr/bin/cmake --build /home/rahul/camera_ws/build/robot_description -- -j12 -l12
[2.035s] DEBUG:colcon.colcon_core.event_handler.log_command:Invoking command in '/home/rahul/camera_ws/build/robot_description': CMAKE_PREFIX_PATH=/opt/ros/iron /usr/bin/cmake --install /home/rahul/camera_ws/build/robot_description
[2.062s] Level 1:colcon.colcon_core.environment:create_environment_scripts_only(robot_description)
[2.063s] DEBUG:colcon.colcon_core.event_handler.log_command:Invoked command in '/home/rahul/camera_ws/build/robot_description' returned '0': CMAKE_PREFIX_PATH=/opt/ros/iron /usr/bin/cmake --install /home/rahul/camera_ws/build/robot_description
[2.115s] Level 1:colcon.colcon_core.environment:checking '/home/rahul/camera_ws/install/robot_description' for CMake module files
[2.116s] Level 1:colcon.colcon_core.environment:checking '/home/rahul/camera_ws/install/robot_description' for CMake config files
[2.117s] Level 1:colcon.colcon_core.shell:create_environment_hook('robot_description', 'cmake_prefix_path')
[2.118s] INFO:colcon.colcon_core.shell:Creating environment hook '/home/rahul/camera_ws/install/robot_description/share/robot_description/hook/cmake_prefix_path.ps1'
[2.119s] INFO:colcon.colcon_core.shell:Creating environment descriptor '/home/rahul/camera_ws/install/robot_description/share/robot_description/hook/cmake_prefix_path.dsv'
[2.120s] INFO:colcon.colcon_core.shell:Creating environment hook '/home/rahul/camera_ws/install/robot_description/share/robot_description/hook/cmake_prefix_path.sh'
[2.122s] Level 1:colcon.colcon_core.environment:checking '/home/rahul/camera_ws/install/robot_description/bin'
[2.122s] Level 1:colcon.colcon_core.environment:checking '/home/rahul/camera_ws/install/robot_description/lib/pkgconfig/robot_description.pc'
[2.123s] Level 1:colcon.colcon_core.environment:checking '/home/rahul/camera_ws/install/robot_description/lib/python3.10/site-packages'
[2.123s] Level 1:colcon.colcon_core.environment:checking '/home/rahul/camera_ws/install/robot_description/bin'
[2.123s] INFO:colcon.colcon_core.shell:Creating package script '/home/rahul/camera_ws/install/robot_description/share/robot_description/package.ps1'
[2.124s] INFO:colcon.colcon_core.shell:Creating package descriptor '/home/rahul/camera_ws/install/robot_description/share/robot_description/package.dsv'
[2.125s] INFO:colcon.colcon_core.shell:Creating package script '/home/rahul/camera_ws/install/robot_description/share/robot_description/package.sh'
[2.125s] INFO:colcon.colcon_core.shell:Creating package script '/home/rahul/camera_ws/install/robot_description/share/robot_description/package.bash'
[2.126s] INFO:colcon.colcon_core.shell:Creating package script '/home/rahul/camera_ws/install/robot_description/share/robot_description/package.zsh'
[2.127s] Level 1:colcon.colcon_core.environment:create_file_with_runtime_dependencies(/home/rahul/camera_ws/install/robot_description/share/colcon-core/packages/robot_description)
[2.127s] Level 1:colcon.colcon_core.environment:create_environment_scripts_only(robot_description)
[2.127s] Level 1:colcon.colcon_core.environment:checking '/home/rahul/camera_ws/install/robot_description' for CMake module files
[2.128s] Level 1:colcon.colcon_core.environment:checking '/home/rahul/camera_ws/install/robot_description' for CMake config files
[2.128s] Level 1:colcon.colcon_core.shell:create_environment_hook('robot_description', 'cmake_prefix_path')
[2.128s] INFO:colcon.colcon_core.shell:Creating environment hook '/home/rahul/camera_ws/install/robot_description/share/robot_description/hook/cmake_prefix_path.ps1'
[2.129s] INFO:colcon.colcon_core.shell:Creating environment descriptor '/home/rahul/camera_ws/install/robot_description/share/robot_description/hook/cmake_prefix_path.dsv'
[2.129s] INFO:colcon.colcon_core.shell:Creating environment hook '/home/rahul/camera_ws/install/robot_description/share/robot_description/hook/cmake_prefix_path.sh'
[2.130s] Level 1:colcon.colcon_core.environment:checking '/home/rahul/camera_ws/install/robot_description/bin'
[2.130s] Level 1:colcon.colcon_core.environment:checking '/home/rahul/camera_ws/install/robot_description/lib/pkgconfig/robot_description.pc'
[2.130s] Level 1:colcon.colcon_core.environment:checking '/home/rahul/camera_ws/install/robot_description/lib/python3.10/site-packages'
[2.131s] Level 1:colcon.colcon_core.environment:checking '/home/rahul/camera_ws/install/robot_description/bin'
[2.131s] INFO:colcon.colcon_core.shell:Creating package script '/home/rahul/camera_ws/install/robot_description/share/robot_description/package.ps1'
[2.132s] INFO:colcon.colcon_core.shell:Creating package descriptor '/home/rahul/camera_ws/install/robot_description/share/robot_description/package.dsv'
[2.132s] INFO:colcon.colcon_core.shell:Creating package script '/home/rahul/camera_ws/install/robot_description/share/robot_description/package.sh'
[2.133s] INFO:colcon.colcon_core.shell:Creating package script '/home/rahul/camera_ws/install/robot_description/share/robot_description/package.bash'
[2.133s] INFO:colcon.colcon_core.shell:Creating package script '/home/rahul/camera_ws/install/robot_description/share/robot_description/package.zsh'
[2.133s] Level 1:colcon.colcon_core.environment:create_file_with_runtime_dependencies(/home/rahul/camera_ws/install/robot_description/share/colcon-core/packages/robot_description)
[2.134s] INFO:colcon.colcon_ros.task.ament_cmake.build:Building ROS package in '/home/rahul/camera_ws/src/robot_controller' with build type 'ament_cmake'
[2.134s] INFO:colcon.colcon_cmake.task.cmake.build:Building CMake package in '/home/rahul/camera_ws/src/robot_controller'
[2.134s] INFO:colcon.colcon_core.shell:Skip shell extension 'powershell' for command environment: Not usable outside of PowerShell
[2.134s] DEBUG:colcon.colcon_core.shell:Skip shell extension 'dsv' for command environment
[2.138s] INFO:colcon.colcon_ros.task.ament_cmake.build:Building ROS package in '/home/rahul/camera_ws/src/robot_moveit' with build type 'ament_cmake'
[2.139s] INFO:colcon.colcon_cmake.task.cmake.build:Building CMake package in '/home/rahul/camera_ws/src/robot_moveit'
[2.139s] INFO:colcon.colcon_core.shell:Skip shell extension 'powershell' for command environment: Not usable outside of PowerShell
[2.139s] DEBUG:colcon.colcon_core.shell:Skip shell extension 'dsv' for command environment
[2.150s] DEBUG:colcon.colcon_core.event_handler.log_command:Invoking command in '/home/rahul/camera_ws/build/robot_controller': AMENT_PREFIX_PATH=/home/rahul/camera_ws/install/robot_description:${AMENT_PREFIX_PATH} CMAKE_PREFIX_PATH=/home/rahul/camera_ws/install/robot_description:/opt/ros/iron /usr/bin/cmake --build /home/rahul/camera_ws/build/robot_controller -- -j12 -l12
[2.154s] DEBUG:colcon.colcon_core.event_handler.log_command:Invoking command in '/home/rahul/camera_ws/build/robot_moveit': AMENT_PREFIX_PATH=/home/rahul/camera_ws/install/robot_description:${AMENT_PREFIX_PATH} CMAKE_PREFIX_PATH=/home/rahul/camera_ws/install/robot_description:/opt/ros/iron /usr/bin/cmake --build /home/rahul/camera_ws/build/robot_moveit -- -j12 -l12
[2.206s] DEBUG:colcon.colcon_core.event_handler.log_command:Invoked command in '/home/rahul/camera_ws/build/robot_controller' returned '0': AMENT_PREFIX_PATH=/home/rahul/camera_ws/install/robot_description:${AMENT_PREFIX_PATH} CMAKE_PREFIX_PATH=/home/rahul/camera_ws/install/robot_description:/opt/ros/iron /usr/bin/cmake --build /home/rahul/camera_ws/build/robot_controller -- -j12 -l12
[2.207s] DEBUG:colcon.colcon_core.event_handler.log_command:Invoking command in '/home/rahul/camera_ws/build/robot_controller': AMENT_PREFIX_PATH=/home/rahul/camera_ws/install/robot_description:${AMENT_PREFIX_PATH} CMAKE_PREFIX_PATH=/home/rahul/camera_ws/install/robot_description:/opt/ros/iron /usr/bin/cmake --install /home/rahul/camera_ws/build/robot_controller
[2.220s] Level 1:colcon.colcon_core.environment:create_environment_scripts_only(robot_controller)
[2.220s] Level 1:colcon.colcon_core.environment:checking '/home/rahul/camera_ws/install/robot_controller' for CMake module files
[2.221s] DEBUG:colcon.colcon_core.event_handler.log_command:Invoked command in '/home/rahul/camera_ws/build/robot_controller' returned '0': AMENT_PREFIX_PATH=/home/rahul/camera_ws/install/robot_description:${AMENT_PREFIX_PATH} CMAKE_PREFIX_PATH=/home/rahul/camera_ws/install/robot_description:/opt/ros/iron /usr/bin/cmake --install /home/rahul/camera_ws/build/robot_controller
[2.221s] Level 1:colcon.colcon_core.environment:checking '/home/rahul/camera_ws/install/robot_controller' for CMake config files
[2.221s] Level 1:colcon.colcon_core.shell:create_environment_hook('robot_controller', 'cmake_prefix_path')
[2.222s] INFO:colcon.colcon_core.shell:Creating environment hook '/home/rahul/camera_ws/install/robot_controller/share/robot_controller/hook/cmake_prefix_path.ps1'
[2.222s] INFO:colcon.colcon_core.shell:Creating environment descriptor '/home/rahul/camera_ws/install/robot_controller/share/robot_controller/hook/cmake_prefix_path.dsv'
[2.223s] INFO:colcon.colcon_core.shell:Creating environment hook '/home/rahul/camera_ws/install/robot_controller/share/robot_controller/hook/cmake_prefix_path.sh'
[2.223s] Level 1:colcon.colcon_core.environment:checking '/home/rahul/camera_ws/install/robot_controller/bin'
[2.223s] Level 1:colcon.colcon_core.environment:checking '/home/rahul/camera_ws/install/robot_controller/lib/pkgconfig/robot_controller.pc'
[2.224s] Level 1:colcon.colcon_core.environment:checking '/home/rahul/camera_ws/install/robot_controller/lib/python3.10/site-packages'
[2.224s] Level 1:colcon.colcon_core.environment:checking '/home/rahul/camera_ws/install/robot_controller/bin'
[2.224s] INFO:colcon.colcon_core.shell:Creating package script '/home/rahul/camera_ws/install/robot_controller/share/robot_controller/package.ps1'
[2.225s] INFO:colcon.colcon_core.shell:Creating package descriptor '/home/rahul/camera_ws/install/robot_controller/share/robot_controller/package.dsv'
[2.225s] INFO:colcon.colcon_core.shell:Creating package script '/home/rahul/camera_ws/install/robot_controller/share/robot_controller/package.sh'
[2.226s] INFO:colcon.colcon_core.shell:Creating package script '/home/rahul/camera_ws/install/robot_controller/share/robot_controller/package.bash'
[2.226s] INFO:colcon.colcon_core.shell:Creating package script '/home/rahul/camera_ws/install/robot_controller/share/robot_controller/package.zsh'
[2.226s] Level 1:colcon.colcon_core.environment:create_file_with_runtime_dependencies(/home/rahul/camera_ws/install/robot_controller/share/colcon-core/packages/robot_controller)
[2.227s] Level 1:colcon.colcon_core.environment:create_environment_scripts_only(robot_controller)
[2.228s] Level 1:colcon.colcon_core.environment:checking '/home/rahul/camera_ws/install/robot_controller' for CMake module files
[2.228s] Level 1:colcon.colcon_core.environment:checking '/home/rahul/camera_ws/install/robot_controller' for CMake config files
[2.228s] Level 1:colcon.colcon_core.shell:create_environment_hook('robot_controller', 'cmake_prefix_path')
[2.229s] INFO:colcon.colcon_core.shell:Creating environment hook '/home/rahul/camera_ws/install/robot_controller/share/robot_controller/hook/cmake_prefix_path.ps1'
[2.229s] INFO:colcon.colcon_core.shell:Creating environment descriptor '/home/rahul/camera_ws/install/robot_controller/share/robot_controller/hook/cmake_prefix_path.dsv'
[2.229s] INFO:colcon.colcon_core.shell:Creating environment hook '/home/rahul/camera_ws/install/robot_controller/share/robot_controller/hook/cmake_prefix_path.sh'
[2.230s] Level 1:colcon.colcon_core.environment:checking '/home/rahul/camera_ws/install/robot_controller/bin'
[2.230s] Level 1:colcon.colcon_core.environment:checking '/home/rahul/camera_ws/install/robot_controller/lib/pkgconfig/robot_controller.pc'
[2.230s] Level 1:colcon.colcon_core.environment:checking '/home/rahul/camera_ws/install/robot_controller/lib/python3.10/site-packages'
[2.230s] Level 1:colcon.colcon_core.environment:checking '/home/rahul/camera_ws/install/robot_controller/bin'
[2.230s] INFO:colcon.colcon_core.shell:Creating package script '/home/rahul/camera_ws/install/robot_controller/share/robot_controller/package.ps1'
[2.231s] INFO:colcon.colcon_core.shell:Creating package descriptor '/home/rahul/camera_ws/install/robot_controller/share/robot_controller/package.dsv'
[2.231s] INFO:colcon.colcon_core.shell:Creating package script '/home/rahul/camera_ws/install/robot_controller/share/robot_controller/package.sh'
[2.232s] INFO:colcon.colcon_core.shell:Creating package script '/home/rahul/camera_ws/install/robot_controller/share/robot_controller/package.bash'
[2.232s] INFO:colcon.colcon_core.shell:Creating package script '/home/rahul/camera_ws/install/robot_controller/share/robot_controller/package.zsh'
[2.232s] Level 1:colcon.colcon_core.environment:create_file_with_runtime_dependencies(/home/rahul/camera_ws/install/robot_controller/share/colcon-core/packages/robot_controller)
[2.577s] DEBUG:colcon.colcon_core.event_handler.log_command:Invoked command in '/home/rahul/camera_ws/build/robot_moveit' returned '0': AMENT_PREFIX_PATH=/home/rahul/camera_ws/install/robot_description:${AMENT_PREFIX_PATH} CMAKE_PREFIX_PATH=/home/rahul/camera_ws/install/robot_description:/opt/ros/iron /usr/bin/cmake --build /home/rahul/camera_ws/build/robot_moveit -- -j12 -l12
[2.618s] DEBUG:colcon.colcon_core.event_handler.log_command:Invoking command in '/home/rahul/camera_ws/build/robot_moveit': AMENT_PREFIX_PATH=/home/rahul/camera_ws/install/robot_description:${AMENT_PREFIX_PATH} CMAKE_PREFIX_PATH=/home/rahul/camera_ws/install/robot_description:/opt/ros/iron /usr/bin/cmake --install /home/rahul/camera_ws/build/robot_moveit
[2.697s] Level 1:colcon.colcon_core.environment:create_environment_scripts_only(robot_moveit)
[2.698s] Level 1:colcon.colcon_core.environment:checking '/home/rahul/camera_ws/install/robot_moveit' for CMake module files
[2.702s] DEBUG:colcon.colcon_core.event_handler.log_command:Invoked command in '/home/rahul/camera_ws/build/robot_moveit' returned '0': AMENT_PREFIX_PATH=/home/rahul/camera_ws/install/robot_description:${AMENT_PREFIX_PATH} CMAKE_PREFIX_PATH=/home/rahul/camera_ws/install/robot_description:/opt/ros/iron /usr/bin/cmake --install /home/rahul/camera_ws/build/robot_moveit
[2.702s] Level 1:colcon.colcon_core.environment:checking '/home/rahul/camera_ws/install/robot_moveit' for CMake config files
[2.704s] Level 1:colcon.colcon_core.shell:create_environment_hook('robot_moveit', 'cmake_prefix_path')
[2.704s] INFO:colcon.colcon_core.shell:Creating environment hook '/home/rahul/camera_ws/install/robot_moveit/share/robot_moveit/hook/cmake_prefix_path.ps1'
[2.706s] INFO:colcon.colcon_core.shell:Creating environment descriptor '/home/rahul/camera_ws/install/robot_moveit/share/robot_moveit/hook/cmake_prefix_path.dsv'
[2.707s] INFO:colcon.colcon_core.shell:Creating environment hook '/home/rahul/camera_ws/install/robot_moveit/share/robot_moveit/hook/cmake_prefix_path.sh'
[2.708s] Level 1:colcon.colcon_core.environment:checking '/home/rahul/camera_ws/install/robot_moveit/lib'
[2.709s] Level 1:colcon.colcon_core.environment:checking '/home/rahul/camera_ws/install/robot_moveit/bin'
[2.709s] Level 1:colcon.colcon_core.environment:checking '/home/rahul/camera_ws/install/robot_moveit/lib/pkgconfig/robot_moveit.pc'
[2.710s] Level 1:colcon.colcon_core.environment:checking '/home/rahul/camera_ws/install/robot_moveit/lib/python3.10/site-packages'
[2.710s] Level 1:colcon.colcon_core.shell:create_environment_hook('robot_moveit', 'pythonpath')
[2.710s] INFO:colcon.colcon_core.shell:Creating environment hook '/home/rahul/camera_ws/install/robot_moveit/share/robot_moveit/hook/pythonpath.ps1'
[2.712s] INFO:colcon.colcon_core.shell:Creating environment descriptor '/home/rahul/camera_ws/install/robot_moveit/share/robot_moveit/hook/pythonpath.dsv'
[2.713s] INFO:colcon.colcon_core.shell:Creating environment hook '/home/rahul/camera_ws/install/robot_moveit/share/robot_moveit/hook/pythonpath.sh'
[2.715s] Level 1:colcon.colcon_core.environment:checking '/home/rahul/camera_ws/install/robot_moveit/bin'
[2.716s] INFO:colcon.colcon_core.shell:Creating package script '/home/rahul/camera_ws/install/robot_moveit/share/robot_moveit/package.ps1'
[2.718s] INFO:colcon.colcon_core.shell:Creating package descriptor '/home/rahul/camera_ws/install/robot_moveit/share/robot_moveit/package.dsv'
[2.719s] INFO:colcon.colcon_core.shell:Creating package script '/home/rahul/camera_ws/install/robot_moveit/share/robot_moveit/package.sh'
[2.719s] INFO:colcon.colcon_core.shell:Creating package script '/home/rahul/camera_ws/install/robot_moveit/share/robot_moveit/package.bash'
[2.720s] INFO:colcon.colcon_core.shell:Creating package script '/home/rahul/camera_ws/install/robot_moveit/share/robot_moveit/package.zsh'
[2.721s] Level 1:colcon.colcon_core.environment:create_file_with_runtime_dependencies(/home/rahul/camera_ws/install/robot_moveit/share/colcon-core/packages/robot_moveit)
[2.722s] Level 1:colcon.colcon_core.environment:create_environment_scripts_only(robot_moveit)
[2.723s] Level 1:colcon.colcon_core.environment:checking '/home/rahul/camera_ws/install/robot_moveit' for CMake module files
[2.724s] Level 1:colcon.colcon_core.environment:checking '/home/rahul/camera_ws/install/robot_moveit' for CMake config files
[2.725s] Level 1:colcon.colcon_core.shell:create_environment_hook('robot_moveit', 'cmake_prefix_path')
[2.725s] INFO:colcon.colcon_core.shell:Creating environment hook '/home/rahul/camera_ws/install/robot_moveit/share/robot_moveit/hook/cmake_prefix_path.ps1'
[2.726s] INFO:colcon.colcon_core.shell:Creating environment descriptor '/home/rahul/camera_ws/install/robot_moveit/share/robot_moveit/hook/cmake_prefix_path.dsv'
[2.727s] INFO:colcon.colcon_core.shell:Creating environment hook '/home/rahul/camera_ws/install/robot_moveit/share/robot_moveit/hook/cmake_prefix_path.sh'
[2.729s] Level 1:colcon.colcon_core.environment:checking '/home/rahul/camera_ws/install/robot_moveit/lib'
[2.729s] Level 1:colcon.colcon_core.environment:checking '/home/rahul/camera_ws/install/robot_moveit/bin'
[2.729s] Level 1:colcon.colcon_core.environment:checking '/home/rahul/camera_ws/install/robot_moveit/lib/pkgconfig/robot_moveit.pc'
[2.729s] Level 1:colcon.colcon_core.environment:checking '/home/rahul/camera_ws/install/robot_moveit/lib/python3.10/site-packages'
[2.730s] Level 1:colcon.colcon_core.shell:create_environment_hook('robot_moveit', 'pythonpath')
[2.730s] INFO:colcon.colcon_core.shell:Creating environment hook '/home/rahul/camera_ws/install/robot_moveit/share/robot_moveit/hook/pythonpath.ps1'
[2.731s] INFO:colcon.colcon_core.shell:Creating environment descriptor '/home/rahul/camera_ws/install/robot_moveit/share/robot_moveit/hook/pythonpath.dsv'
[2.732s] INFO:colcon.colcon_core.shell:Creating environment hook '/home/rahul/camera_ws/install/robot_moveit/share/robot_moveit/hook/pythonpath.sh'
[2.733s] Level 1:colcon.colcon_core.environment:checking '/home/rahul/camera_ws/install/robot_moveit/bin'
[2.733s] INFO:colcon.colcon_core.shell:Creating package script '/home/rahul/camera_ws/install/robot_moveit/share/robot_moveit/package.ps1'
[2.734s] INFO:colcon.colcon_core.shell:Creating package descriptor '/home/rahul/camera_ws/install/robot_moveit/share/robot_moveit/package.dsv'
[2.735s] INFO:colcon.colcon_core.shell:Creating package script '/home/rahul/camera_ws/install/robot_moveit/share/robot_moveit/package.sh'
[2.736s] INFO:colcon.colcon_core.shell:Creating package script '/home/rahul/camera_ws/install/robot_moveit/share/robot_moveit/package.bash'
[2.736s] INFO:colcon.colcon_core.shell:Creating package script '/home/rahul/camera_ws/install/robot_moveit/share/robot_moveit/package.zsh'
[2.737s] Level 1:colcon.colcon_core.environment:create_file_with_runtime_dependencies(/home/rahul/camera_ws/install/robot_moveit/share/colcon-core/packages/robot_moveit)
[2.737s] DEBUG:colcon.colcon_parallel_executor.executor.parallel:closing loop
[2.737s] DEBUG:colcon.colcon_parallel_executor.executor.parallel:loop closed
[2.737s] DEBUG:colcon.colcon_parallel_executor.executor.parallel:run_until_complete finished with '0'
[2.737s] DEBUG:colcon.colcon_core.event_reactor:joining thread
[2.770s] INFO:colcon.colcon_core.plugin_system:Skipping extension 'colcon_notification.desktop_notification.terminal_notifier': Not used on non-Darwin systems
[2.770s] INFO:colcon.colcon_core.plugin_system:Skipping extension 'colcon_notification.desktop_notification.win32': Not used on non-Windows systems
[2.770s] INFO:colcon.colcon_notification.desktop_notification:Sending desktop notification using 'notify2'
[2.787s] DEBUG:colcon.colcon_core.event_reactor:joined thread
[2.788s] INFO:colcon.colcon_core.shell:Creating prefix script '/home/rahul/camera_ws/install/local_setup.ps1'
[2.798s] INFO:colcon.colcon_core.shell:Creating prefix util module '/home/rahul/camera_ws/install/_local_setup_util_ps1.py'
[2.813s] INFO:colcon.colcon_core.shell:Creating prefix chain script '/home/rahul/camera_ws/install/setup.ps1'
[2.814s] INFO:colcon.colcon_core.shell:Creating prefix script '/home/rahul/camera_ws/install/local_setup.sh'
[2.829s] INFO:colcon.colcon_core.shell:Creating prefix util module '/home/rahul/camera_ws/install/_local_setup_util_sh.py'
[2.830s] INFO:colcon.colcon_core.shell:Creating prefix chain script '/home/rahul/camera_ws/install/setup.sh'
[2.831s] INFO:colcon.colcon_core.shell:Creating prefix script '/home/rahul/camera_ws/install/local_setup.bash'
[2.846s] INFO:colcon.colcon_core.shell:Creating prefix chain script '/home/rahul/camera_ws/install/setup.bash'
[2.847s] INFO:colcon.colcon_core.shell:Creating prefix script '/home/rahul/camera_ws/install/local_setup.zsh'
[2.860s] INFO:colcon.colcon_core.shell:Creating prefix chain script '/home/rahul/camera_ws/install/setup.zsh'
