-- Install configuration: ""
-- Up-to-date: /home/rahul/camera_ws/install/robot_description/share/robot_description/launch
-- Up-to-date: /home/rahul/camera_ws/install/robot_description/share/robot_description/launch/display.launch.py
-- Up-to-date: /home/rahul/camera_ws/install/robot_description/share/robot_description/launch/gazebo.launch.py
-- Up-to-date: /home/rahul/camera_ws/install/robot_description/share/robot_description/meshes
-- Up-to-date: /home/rahul/camera_ws/install/robot_description/share/robot_description/meshes/wrist1.stl
-- Up-to-date: /home/rahul/camera_ws/install/robot_description/share/robot_description/meshes/robotiq_85_finger_link.stl
-- Up-to-date: /home/rahul/camera_ws/install/robot_description/share/robot_description/meshes/robotiq_85_base_link.stl
-- Up-to-date: /home/rahul/camera_ws/install/robot_description/share/robot_description/meshes/wrist2.stl
-- Up-to-date: /home/rahul/camera_ws/install/robot_description/share/robot_description/meshes/robotiq_85_knuckle_link.stl
-- Up-to-date: /home/rahul/camera_ws/install/robot_description/share/robot_description/meshes/shoulder.stl
-- Up-to-date: /home/rahul/camera_ws/install/robot_description/share/robot_description/meshes/robotiq_85_finger_tip_link.stl
-- Up-to-date: /home/rahul/camera_ws/install/robot_description/share/robot_description/meshes/wrist3.stl
-- Up-to-date: /home/rahul/camera_ws/install/robot_description/share/robot_description/meshes/upperarm.stl
-- Up-to-date: /home/rahul/camera_ws/install/robot_description/share/robot_description/meshes/base.stl
-- Up-to-date: /home/rahul/camera_ws/install/robot_description/share/robot_description/meshes/forearm.stl
-- Up-to-date: /home/rahul/camera_ws/install/robot_description/share/robot_description/meshes/coupler.stl
-- Up-to-date: /home/rahul/camera_ws/install/robot_description/share/robot_description/meshes/robotiq_85_inner_knuckle_link.stl
-- Up-to-date: /home/rahul/camera_ws/install/robot_description/share/robot_description/urdf
-- Up-to-date: /home/rahul/camera_ws/install/robot_description/share/robot_description/urdf/robot_gazebo.xacro
-- Up-to-date: /home/rahul/camera_ws/install/robot_description/share/robot_description/urdf/robot.urdf.xacro
-- Up-to-date: /home/rahul/camera_ws/install/robot_description/share/robot_description/urdf/robot_ros2_control.xacro
-- Installing: /home/rahul/camera_ws/install/robot_description/share/robot_description/urdf/camera.urdf.xacro
-- Up-to-date: /home/rahul/camera_ws/install/robot_description/share/robot_description/rviz
-- Up-to-date: /home/rahul/camera_ws/install/robot_description/share/ament_index/resource_index/package_run_dependencies/robot_description
-- Up-to-date: /home/rahul/camera_ws/install/robot_description/share/ament_index/resource_index/parent_prefix_path/robot_description
-- Up-to-date: /home/rahul/camera_ws/install/robot_description/share/robot_description/environment/ament_prefix_path.sh
-- Up-to-date: /home/rahul/camera_ws/install/robot_description/share/robot_description/environment/ament_prefix_path.dsv
-- Up-to-date: /home/rahul/camera_ws/install/robot_description/share/robot_description/environment/path.sh
-- Up-to-date: /home/rahul/camera_ws/install/robot_description/share/robot_description/environment/path.dsv
-- Up-to-date: /home/rahul/camera_ws/install/robot_description/share/robot_description/local_setup.bash
-- Up-to-date: /home/rahul/camera_ws/install/robot_description/share/robot_description/local_setup.sh
-- Up-to-date: /home/rahul/camera_ws/install/robot_description/share/robot_description/local_setup.zsh
-- Up-to-date: /home/rahul/camera_ws/install/robot_description/share/robot_description/local_setup.dsv
-- Up-to-date: /home/rahul/camera_ws/install/robot_description/share/robot_description/package.dsv
-- Up-to-date: /home/rahul/camera_ws/install/robot_description/share/ament_index/resource_index/packages/robot_description
-- Up-to-date: /home/rahul/camera_ws/install/robot_description/share/robot_description/cmake/robot_descriptionConfig.cmake
-- Up-to-date: /home/rahul/camera_ws/install/robot_description/share/robot_description/cmake/robot_descriptionConfig-version.cmake
-- Up-to-date: /home/rahul/camera_ws/install/robot_description/share/robot_description/package.xml
