[0.545s] Invoking command in '/home/rahul/camera_ws/build/robot_description': CMAKE_PREFIX_PATH=/opt/ros/iron /usr/bin/cmake --build /home/rahul/camera_ws/build/robot_description -- -j12 -l12
[4.963s] Invoked command in '/home/rahul/camera_ws/build/robot_description' returned '0': CMAKE_PREFIX_PATH=/opt/ros/iron /usr/bin/cmake --build /home/rahul/camera_ws/build/robot_description -- -j12 -l12
[5.250s] Invoking command in '/home/rahul/camera_ws/build/robot_description': CMAKE_PREFIX_PATH=/opt/ros/iron /usr/bin/cmake --install /home/rahul/camera_ws/build/robot_description
[5.350s] -- Install configuration: ""
[5.430s] -- Up-to-date: /home/rahul/camera_ws/install/robot_description/share/robot_description/launch
[5.478s] -- Up-to-date: /home/rahul/camera_ws/install/robot_description/share/robot_description/launch/display.launch.py
[5.478s] -- Up-to-date: /home/rahul/camera_ws/install/robot_description/share/robot_description/launch/gazebo.launch.py
[5.499s] -- Up-to-date: /home/rahul/camera_ws/install/robot_description/share/robot_description/meshes
[5.530s] -- Up-to-date: /home/rahul/camera_ws/install/robot_description/share/robot_description/meshes/wrist1.stl
[5.531s] -- Up-to-date: /home/rahul/camera_ws/install/robot_description/share/robot_description/meshes/robotiq_85_finger_link.stl
[5.531s] -- Up-to-date: /home/rahul/camera_ws/install/robot_description/share/robot_description/meshes/robotiq_85_base_link.stl
[5.531s] -- Up-to-date: /home/rahul/camera_ws/install/robot_description/share/robot_description/meshes/wrist2.stl
[5.531s] -- Up-to-date: /home/rahul/camera_ws/install/robot_description/share/robot_description/meshes/robotiq_85_knuckle_link.stl
[5.531s] -- Up-to-date: /home/rahul/camera_ws/install/robot_description/share/robot_description/meshes/shoulder.stl
[5.531s] -- Up-to-date: /home/rahul/camera_ws/install/robot_description/share/robot_description/meshes/robotiq_85_finger_tip_link.stl
[5.531s] -- Up-to-date: /home/rahul/camera_ws/install/robot_description/share/robot_description/meshes/wrist3.stl
[5.532s] -- Up-to-date: /home/rahul/camera_ws/install/robot_description/share/robot_description/meshes/upperarm.stl
[5.532s] -- Up-to-date: /home/rahul/camera_ws/install/robot_description/share/robot_description/meshes/base.stl
[5.532s] -- Up-to-date: /home/rahul/camera_ws/install/robot_description/share/robot_description/meshes/forearm.stl
[5.532s] -- Up-to-date: /home/rahul/camera_ws/install/robot_description/share/robot_description/meshes/coupler.stl
[5.532s] -- Up-to-date: /home/rahul/camera_ws/install/robot_description/share/robot_description/meshes/robotiq_85_inner_knuckle_link.stl
[5.532s] -- Up-to-date: /home/rahul/camera_ws/install/robot_description/share/robot_description/urdf
[5.559s] -- Up-to-date: /home/rahul/camera_ws/install/robot_description/share/robot_description/urdf/robot_gazebo.xacro
[5.566s] -- Up-to-date: /home/rahul/camera_ws/install/robot_description/share/robot_description/urdf/robot.urdf.xacro
[5.566s] -- Up-to-date: /home/rahul/camera_ws/install/robot_description/share/robot_description/urdf/robot_ros2_control.xacro
[5.566s] -- Up-to-date: /home/rahul/camera_ws/install/robot_description/share/robot_description/rviz
[5.570s] -- Up-to-date: /home/rahul/camera_ws/install/robot_description/share/ament_index/resource_index/package_run_dependencies/robot_description
[5.570s] -- Up-to-date: /home/rahul/camera_ws/install/robot_description/share/ament_index/resource_index/parent_prefix_path/robot_description
[5.571s] -- Up-to-date: /home/rahul/camera_ws/install/robot_description/share/robot_description/environment/ament_prefix_path.sh
[5.571s] -- Up-to-date: /home/rahul/camera_ws/install/robot_description/share/robot_description/environment/ament_prefix_path.dsv
[5.571s] -- Up-to-date: /home/rahul/camera_ws/install/robot_description/share/robot_description/environment/path.sh
[5.571s] -- Up-to-date: /home/rahul/camera_ws/install/robot_description/share/robot_description/environment/path.dsv
[5.571s] -- Up-to-date: /home/rahul/camera_ws/install/robot_description/share/robot_description/local_setup.bash
[5.571s] -- Up-to-date: /home/rahul/camera_ws/install/robot_description/share/robot_description/local_setup.sh
[5.572s] -- Up-to-date: /home/rahul/camera_ws/install/robot_description/share/robot_description/local_setup.zsh
[5.572s] -- Up-to-date: /home/rahul/camera_ws/install/robot_description/share/robot_description/local_setup.dsv
[5.572s] -- Installing: /home/rahul/camera_ws/install/robot_description/share/robot_description/package.dsv
[5.574s] -- Up-to-date: /home/rahul/camera_ws/install/robot_description/share/ament_index/resource_index/packages/robot_description
[5.574s] -- Up-to-date: /home/rahul/camera_ws/install/robot_description/share/robot_description/cmake/robot_descriptionConfig.cmake
[5.574s] -- Up-to-date: /home/rahul/camera_ws/install/robot_description/share/robot_description/cmake/robot_descriptionConfig-version.cmake
[5.574s] -- Up-to-date: /home/rahul/camera_ws/install/robot_description/share/robot_description/package.xml
[5.579s] Invoked command in '/home/rahul/camera_ws/build/robot_description' returned '0': CMAKE_PREFIX_PATH=/opt/ros/iron /usr/bin/cmake --install /home/rahul/camera_ws/build/robot_description
