[0.016s] Invoking command in '/home/rahul/camera_ws/build/robot_moveit': AMENT_PREFIX_PATH=/home/rahul/camera_ws/install/robot_description:${AMENT_PREFIX_PATH} CMAKE_PREFIX_PATH=/home/rahul/camera_ws/install/robot_description:/opt/ros/iron /usr/bin/cmake /home/rahul/camera_ws/src/robot_moveit -DCMAKE_INSTALL_PREFIX=/home/rahul/camera_ws/install/robot_moveit
[0.076s] -- The C compiler identification is GNU 11.4.0
[0.140s] -- The CXX compiler identification is GNU 11.4.0
[0.148s] -- Detecting C compiler ABI info
[0.234s] -- Detecting C compiler ABI info - done
[0.241s] -- Check for working C compiler: /usr/bin/cc - skipped
[0.241s] -- Detecting C compile features
[0.242s] -- Detecting C compile features - done
[0.245s] -- Detecting CXX compiler ABI info
[0.332s] -- Detecting CXX compiler ABI info - done
[0.351s] -- Check for working CXX compiler: /usr/bin/c++ - skipped
[0.352s] -- Detecting CXX compile features
[0.353s] -- Detecting CXX compile features - done
[0.361s] -- Found ament_cmake: 2.0.7 (/opt/ros/iron/share/ament_cmake/cmake)
[0.533s] -- Found Python3: /usr/bin/python3.10 (found version "3.10.12") found components: Interpreter 
[0.688s] -- Found rclpy: 4.1.7 (/opt/ros/iron/share/rclpy/cmake)
[0.870s] -- Configuring done
[0.880s] -- Generating done
[0.886s] -- Build files have been written to: /home/rahul/camera_ws/build/robot_moveit
[0.896s] Invoked command in '/home/rahul/camera_ws/build/robot_moveit' returned '0': AMENT_PREFIX_PATH=/home/rahul/camera_ws/install/robot_description:${AMENT_PREFIX_PATH} CMAKE_PREFIX_PATH=/home/rahul/camera_ws/install/robot_description:/opt/ros/iron /usr/bin/cmake /home/rahul/camera_ws/src/robot_moveit -DCMAKE_INSTALL_PREFIX=/home/rahul/camera_ws/install/robot_moveit
[0.899s] Invoking command in '/home/rahul/camera_ws/build/robot_moveit': AMENT_PREFIX_PATH=/home/rahul/camera_ws/install/robot_description:${AMENT_PREFIX_PATH} CMAKE_PREFIX_PATH=/home/rahul/camera_ws/install/robot_description:/opt/ros/iron /usr/bin/cmake --build /home/rahul/camera_ws/build/robot_moveit -- -j12 -l12
[0.996s] Built target ament_cmake_python_copy_robot_moveit
[1.821s] running egg_info
[1.822s] creating robot_moveit.egg-info
[1.822s] writing robot_moveit.egg-info/PKG-INFO
[1.822s] writing dependency_links to robot_moveit.egg-info/dependency_links.txt
[1.822s] writing top-level names to robot_moveit.egg-info/top_level.txt
[1.822s] writing manifest file 'robot_moveit.egg-info/SOURCES.txt'
[1.967s] reading manifest file 'robot_moveit.egg-info/SOURCES.txt'
[1.968s] writing manifest file 'robot_moveit.egg-info/SOURCES.txt'
[2.020s] Built target ament_cmake_python_build_robot_moveit_egg
[2.044s] Invoked command in '/home/rahul/camera_ws/build/robot_moveit' returned '0': AMENT_PREFIX_PATH=/home/rahul/camera_ws/install/robot_description:${AMENT_PREFIX_PATH} CMAKE_PREFIX_PATH=/home/rahul/camera_ws/install/robot_description:/opt/ros/iron /usr/bin/cmake --build /home/rahul/camera_ws/build/robot_moveit -- -j12 -l12
[2.047s] Invoking command in '/home/rahul/camera_ws/build/robot_moveit': AMENT_PREFIX_PATH=/home/rahul/camera_ws/install/robot_description:${AMENT_PREFIX_PATH} CMAKE_PREFIX_PATH=/home/rahul/camera_ws/install/robot_description:/opt/ros/iron /usr/bin/cmake --install /home/rahul/camera_ws/build/robot_moveit
[2.054s] -- Install configuration: ""
[2.054s] -- Installing: /home/rahul/camera_ws/install/robot_moveit/share/robot_moveit/environment/pythonpath.sh
[2.054s] -- Installing: /home/rahul/camera_ws/install/robot_moveit/share/robot_moveit/environment/pythonpath.dsv
[2.055s] -- Installing: /home/rahul/camera_ws/install/robot_moveit/lib/python3.10/site-packages/robot_moveit-0.3.0-py3.10.egg-info
[2.055s] -- Installing: /home/rahul/camera_ws/install/robot_moveit/lib/python3.10/site-packages/robot_moveit-0.3.0-py3.10.egg-info/SOURCES.txt
[2.055s] -- Installing: /home/rahul/camera_ws/install/robot_moveit/lib/python3.10/site-packages/robot_moveit-0.3.0-py3.10.egg-info/PKG-INFO
[2.055s] -- Installing: /home/rahul/camera_ws/install/robot_moveit/lib/python3.10/site-packages/robot_moveit-0.3.0-py3.10.egg-info/dependency_links.txt
[2.055s] -- Installing: /home/rahul/camera_ws/install/robot_moveit/lib/python3.10/site-packages/robot_moveit-0.3.0-py3.10.egg-info/top_level.txt
[2.056s] -- Installing: /home/rahul/camera_ws/install/robot_moveit/lib/python3.10/site-packages/robot_moveit
[2.056s] -- Installing: /home/rahul/camera_ws/install/robot_moveit/lib/python3.10/site-packages/robot_moveit/compute _camera_pose.py
[2.056s] -- Installing: /home/rahul/camera_ws/install/robot_moveit/lib/python3.10/site-packages/robot_moveit/ur5_controller.py
[2.056s] -- Installing: /home/rahul/camera_ws/install/robot_moveit/lib/python3.10/site-packages/robot_moveit/__init__.py
[2.114s] Listing '/home/rahul/camera_ws/install/robot_moveit/lib/python3.10/site-packages/robot_moveit'...
[2.114s] Compiling '/home/rahul/camera_ws/install/robot_moveit/lib/python3.10/site-packages/robot_moveit/__init__.py'...
[2.114s] Compiling '/home/rahul/camera_ws/install/robot_moveit/lib/python3.10/site-packages/robot_moveit/compute _camera_pose.py'...
[2.114s] Compiling '/home/rahul/camera_ws/install/robot_moveit/lib/python3.10/site-packages/robot_moveit/ur5_controller.py'...
[2.119s] -- Installing: /home/rahul/camera_ws/install/robot_moveit/lib/robot_moveit/ur5_controller.py
[2.120s] [31mCMake Error at cmake_install.cmake:70 (file):
[2.120s]   file INSTALL cannot find
[2.120s]   "/home/rahul/camera_ws/src/robot_moveit/robot_moveit/compute_camera_pose.py":
[2.120s]   No such file or directory.
[2.120s] 
[2.120s] [0m
[2.124s] Invoked command in '/home/rahul/camera_ws/build/robot_moveit' returned '1': AMENT_PREFIX_PATH=/home/rahul/camera_ws/install/robot_description:${AMENT_PREFIX_PATH} CMAKE_PREFIX_PATH=/home/rahul/camera_ws/install/robot_description:/opt/ros/iron /usr/bin/cmake --install /home/rahul/camera_ws/build/robot_moveit
