[0.237s] DEBUG:colcon:Command line arguments: ['/usr/bin/colcon', 'build']
[0.237s] DEBUG:colcon:Parsed command line arguments: Namespace(log_base=None, log_level=None, verb_name='build', build_base='build', install_base='install', merge_install=False, symlink_install=False, test_result_base=None, continue_on_error=False, executor='parallel', parallel_workers=12, event_handlers=None, ignore_user_meta=False, metas=['./colcon.meta'], base_paths=['.'], packages_ignore=None, packages_ignore_regex=None, paths=None, packages_up_to=None, packages_up_to_regex=None, packages_above=None, packages_above_and_dependencies=None, packages_above_depth=None, packages_select_by_dep=None, packages_skip_by_dep=None, packages_skip_up_to=None, packages_select_build_failed=False, packages_skip_build_finished=False, packages_select_test_failures=False, packages_skip_test_passed=False, packages_select=None, packages_skip=None, packages_select_regex=None, packages_skip_regex=None, packages_start=None, packages_end=None, allow_overriding=[], cmake_args=None, cmake_target=None, cmake_target_skip_unavailable=False, cmake_clean_cache=False, cmake_clean_first=False, cmake_force_configure=False, ament_cmake_args=None, catkin_cmake_args=None, catkin_skip_building_tests=False, mixin_files=None, mixin=None, verb_parser=<colcon_mixin.mixin.mixin_argument.MixinArgumentDecorator object at 0x747bbda5ecb0>, verb_extension=<colcon_core.verb.build.BuildVerb object at 0x747bbda5e6e0>, main=<bound method BuildVerb.main of <colcon_core.verb.build.BuildVerb object at 0x747bbda5e6e0>>, mixin_verb=('build',))
[0.510s] Level 1:colcon.colcon_core.package_discovery:discover_packages(colcon_meta) check parameters
[0.510s] Level 1:colcon.colcon_core.package_discovery:discover_packages(recursive) check parameters
[0.510s] Level 1:colcon.colcon_core.package_discovery:discover_packages(ignore) check parameters
[0.510s] Level 1:colcon.colcon_core.package_discovery:discover_packages(path) check parameters
[0.510s] Level 1:colcon.colcon_core.package_discovery:discover_packages(colcon_meta) discover
[0.510s] Level 1:colcon.colcon_core.package_discovery:discover_packages(recursive) discover
[0.510s] INFO:colcon.colcon_core.package_discovery:Crawling recursively for packages in '/home/rahul/camera_ws'
[0.510s] Level 1:colcon.colcon_core.package_identification:_identify(.) by extensions ['ignore', 'ignore_ament_install']
[0.510s] Level 1:colcon.colcon_core.package_identification:_identify(.) by extension 'ignore'
[0.510s] Level 1:colcon.colcon_core.package_identification:_identify(.) by extension 'ignore_ament_install'
[0.511s] Level 1:colcon.colcon_core.package_identification:_identify(.) by extensions ['colcon_pkg']
[0.511s] Level 1:colcon.colcon_core.package_identification:_identify(.) by extension 'colcon_pkg'
[0.511s] Level 1:colcon.colcon_core.package_identification:_identify(.) by extensions ['colcon_meta']
[0.511s] Level 1:colcon.colcon_core.package_identification:_identify(.) by extension 'colcon_meta'
[0.511s] Level 1:colcon.colcon_core.package_identification:_identify(.) by extensions ['ros']
[0.511s] Level 1:colcon.colcon_core.package_identification:_identify(.) by extension 'ros'
[0.580s] Level 1:colcon.colcon_core.package_identification:_identify(.) by extensions ['cmake', 'python']
[0.580s] Level 1:colcon.colcon_core.package_identification:_identify(.) by extension 'cmake'
[0.580s] Level 1:colcon.colcon_core.package_identification:_identify(.) by extension 'python'
[0.580s] Level 1:colcon.colcon_core.package_identification:_identify(.) by extensions ['python_setup_py']
[0.580s] Level 1:colcon.colcon_core.package_identification:_identify(.) by extension 'python_setup_py'
[0.580s] Level 1:colcon.colcon_core.package_identification:_identify(build) by extensions ['ignore', 'ignore_ament_install']
[0.580s] Level 1:colcon.colcon_core.package_identification:_identify(build) by extension 'ignore'
[0.580s] Level 1:colcon.colcon_core.package_identification:_identify(build) ignored
[0.581s] Level 1:colcon.colcon_core.package_identification:_identify(install) by extensions ['ignore', 'ignore_ament_install']
[0.581s] Level 1:colcon.colcon_core.package_identification:_identify(install) by extension 'ignore'
[0.581s] Level 1:colcon.colcon_core.package_identification:_identify(install) ignored
[0.581s] Level 1:colcon.colcon_core.package_identification:_identify(log) by extensions ['ignore', 'ignore_ament_install']
[0.581s] Level 1:colcon.colcon_core.package_identification:_identify(log) by extension 'ignore'
[0.581s] Level 1:colcon.colcon_core.package_identification:_identify(log) ignored
[0.581s] Level 1:colcon.colcon_core.package_identification:_identify(src) by extensions ['ignore', 'ignore_ament_install']
[0.581s] Level 1:colcon.colcon_core.package_identification:_identify(src) by extension 'ignore'
[0.581s] Level 1:colcon.colcon_core.package_identification:_identify(src) by extension 'ignore_ament_install'
[0.581s] Level 1:colcon.colcon_core.package_identification:_identify(src) by extensions ['colcon_pkg']
[0.581s] Level 1:colcon.colcon_core.package_identification:_identify(src) by extension 'colcon_pkg'
[0.581s] Level 1:colcon.colcon_core.package_identification:_identify(src) by extensions ['colcon_meta']
[0.581s] Level 1:colcon.colcon_core.package_identification:_identify(src) by extension 'colcon_meta'
[0.582s] Level 1:colcon.colcon_core.package_identification:_identify(src) by extensions ['ros']
[0.582s] Level 1:colcon.colcon_core.package_identification:_identify(src) by extension 'ros'
[0.582s] Level 1:colcon.colcon_core.package_identification:_identify(src) by extensions ['cmake', 'python']
[0.582s] Level 1:colcon.colcon_core.package_identification:_identify(src) by extension 'cmake'
[0.582s] Level 1:colcon.colcon_core.package_identification:_identify(src) by extension 'python'
[0.582s] Level 1:colcon.colcon_core.package_identification:_identify(src) by extensions ['python_setup_py']
[0.582s] Level 1:colcon.colcon_core.package_identification:_identify(src) by extension 'python_setup_py'
[0.582s] Level 1:colcon.colcon_core.package_identification:_identify(src/robot_controller) by extensions ['ignore', 'ignore_ament_install']
[0.582s] Level 1:colcon.colcon_core.package_identification:_identify(src/robot_controller) by extension 'ignore'
[0.582s] Level 1:colcon.colcon_core.package_identification:_identify(src/robot_controller) by extension 'ignore_ament_install'
[0.582s] Level 1:colcon.colcon_core.package_identification:_identify(src/robot_controller) by extensions ['colcon_pkg']
[0.582s] Level 1:colcon.colcon_core.package_identification:_identify(src/robot_controller) by extension 'colcon_pkg'
[0.582s] Level 1:colcon.colcon_core.package_identification:_identify(src/robot_controller) by extensions ['colcon_meta']
[0.582s] Level 1:colcon.colcon_core.package_identification:_identify(src/robot_controller) by extension 'colcon_meta'
[0.582s] Level 1:colcon.colcon_core.package_identification:_identify(src/robot_controller) by extensions ['ros']
[0.582s] Level 1:colcon.colcon_core.package_identification:_identify(src/robot_controller) by extension 'ros'
[0.588s] DEBUG:colcon.colcon_core.package_identification:Package 'src/robot_controller' with type 'ros.ament_cmake' and name 'robot_controller'
[0.588s] Level 1:colcon.colcon_core.package_identification:_identify(src/robot_description) by extensions ['ignore', 'ignore_ament_install']
[0.589s] Level 1:colcon.colcon_core.package_identification:_identify(src/robot_description) by extension 'ignore'
[0.589s] Level 1:colcon.colcon_core.package_identification:_identify(src/robot_description) by extension 'ignore_ament_install'
[0.589s] Level 1:colcon.colcon_core.package_identification:_identify(src/robot_description) by extensions ['colcon_pkg']
[0.589s] Level 1:colcon.colcon_core.package_identification:_identify(src/robot_description) by extension 'colcon_pkg'
[0.589s] Level 1:colcon.colcon_core.package_identification:_identify(src/robot_description) by extensions ['colcon_meta']
[0.589s] Level 1:colcon.colcon_core.package_identification:_identify(src/robot_description) by extension 'colcon_meta'
[0.589s] Level 1:colcon.colcon_core.package_identification:_identify(src/robot_description) by extensions ['ros']
[0.589s] Level 1:colcon.colcon_core.package_identification:_identify(src/robot_description) by extension 'ros'
[0.591s] DEBUG:colcon.colcon_core.package_identification:Package 'src/robot_description' with type 'ros.ament_cmake' and name 'robot_description'
[0.591s] Level 1:colcon.colcon_core.package_identification:_identify(src/robot_moveit) by extensions ['ignore', 'ignore_ament_install']
[0.592s] Level 1:colcon.colcon_core.package_identification:_identify(src/robot_moveit) by extension 'ignore'
[0.592s] Level 1:colcon.colcon_core.package_identification:_identify(src/robot_moveit) by extension 'ignore_ament_install'
[0.592s] Level 1:colcon.colcon_core.package_identification:_identify(src/robot_moveit) by extensions ['colcon_pkg']
[0.592s] Level 1:colcon.colcon_core.package_identification:_identify(src/robot_moveit) by extension 'colcon_pkg'
[0.592s] Level 1:colcon.colcon_core.package_identification:_identify(src/robot_moveit) by extensions ['colcon_meta']
[0.592s] Level 1:colcon.colcon_core.package_identification:_identify(src/robot_moveit) by extension 'colcon_meta'
[0.592s] Level 1:colcon.colcon_core.package_identification:_identify(src/robot_moveit) by extensions ['ros']
[0.592s] Level 1:colcon.colcon_core.package_identification:_identify(src/robot_moveit) by extension 'ros'
[0.593s] DEBUG:colcon.colcon_core.package_identification:Package 'src/robot_moveit' with type 'ros.ament_cmake' and name 'robot_moveit'
[0.594s] Level 1:colcon.colcon_core.package_discovery:discover_packages(recursive) using defaults
[0.594s] Level 1:colcon.colcon_core.package_discovery:discover_packages(ignore) discover
[0.594s] Level 1:colcon.colcon_core.package_discovery:discover_packages(ignore) using defaults
[0.594s] Level 1:colcon.colcon_core.package_discovery:discover_packages(path) discover
[0.594s] Level 1:colcon.colcon_core.package_discovery:discover_packages(path) using defaults
[0.626s] Level 1:colcon.colcon_core.package_discovery:discover_packages(prefix_path) check parameters
[0.626s] Level 1:colcon.colcon_core.package_discovery:discover_packages(prefix_path) discover
[0.632s] DEBUG:colcon.colcon_installed_package_information.package_discovery:Found 404 installed packages in /opt/ros/iron
[0.637s] Level 1:colcon.colcon_core.package_discovery:discover_packages(prefix_path) using defaults
[0.718s] Level 5:colcon.colcon_core.verb:set package 'robot_description' build argument 'cmake_args' from command line to 'None'
[0.719s] Level 5:colcon.colcon_core.verb:set package 'robot_description' build argument 'cmake_target' from command line to 'None'
[0.719s] Level 5:colcon.colcon_core.verb:set package 'robot_description' build argument 'cmake_target_skip_unavailable' from command line to 'False'
[0.719s] Level 5:colcon.colcon_core.verb:set package 'robot_description' build argument 'cmake_clean_cache' from command line to 'False'
[0.719s] Level 5:colcon.colcon_core.verb:set package 'robot_description' build argument 'cmake_clean_first' from command line to 'False'
[0.719s] Level 5:colcon.colcon_core.verb:set package 'robot_description' build argument 'cmake_force_configure' from command line to 'False'
[0.719s] Level 5:colcon.colcon_core.verb:set package 'robot_description' build argument 'ament_cmake_args' from command line to 'None'
[0.719s] Level 5:colcon.colcon_core.verb:set package 'robot_description' build argument 'catkin_cmake_args' from command line to 'None'
[0.719s] Level 5:colcon.colcon_core.verb:set package 'robot_description' build argument 'catkin_skip_building_tests' from command line to 'False'
[0.719s] DEBUG:colcon.colcon_core.verb:Building package 'robot_description' with the following arguments: {'ament_cmake_args': None, 'build_base': '/home/rahul/camera_ws/build/robot_description', 'catkin_cmake_args': None, 'catkin_skip_building_tests': False, 'cmake_args': None, 'cmake_clean_cache': False, 'cmake_clean_first': False, 'cmake_force_configure': False, 'cmake_target': None, 'cmake_target_skip_unavailable': False, 'install_base': '/home/rahul/camera_ws/install/robot_description', 'merge_install': False, 'path': '/home/rahul/camera_ws/src/robot_description', 'symlink_install': False, 'test_result_base': None}
[0.719s] Level 5:colcon.colcon_core.verb:set package 'robot_controller' build argument 'cmake_args' from command line to 'None'
[0.720s] Level 5:colcon.colcon_core.verb:set package 'robot_controller' build argument 'cmake_target' from command line to 'None'
[0.720s] Level 5:colcon.colcon_core.verb:set package 'robot_controller' build argument 'cmake_target_skip_unavailable' from command line to 'False'
[0.720s] Level 5:colcon.colcon_core.verb:set package 'robot_controller' build argument 'cmake_clean_cache' from command line to 'False'
[0.720s] Level 5:colcon.colcon_core.verb:set package 'robot_controller' build argument 'cmake_clean_first' from command line to 'False'
[0.720s] Level 5:colcon.colcon_core.verb:set package 'robot_controller' build argument 'cmake_force_configure' from command line to 'False'
[0.720s] Level 5:colcon.colcon_core.verb:set package 'robot_controller' build argument 'ament_cmake_args' from command line to 'None'
[0.720s] Level 5:colcon.colcon_core.verb:set package 'robot_controller' build argument 'catkin_cmake_args' from command line to 'None'
[0.720s] Level 5:colcon.colcon_core.verb:set package 'robot_controller' build argument 'catkin_skip_building_tests' from command line to 'False'
[0.720s] DEBUG:colcon.colcon_core.verb:Building package 'robot_controller' with the following arguments: {'ament_cmake_args': None, 'build_base': '/home/rahul/camera_ws/build/robot_controller', 'catkin_cmake_args': None, 'catkin_skip_building_tests': False, 'cmake_args': None, 'cmake_clean_cache': False, 'cmake_clean_first': False, 'cmake_force_configure': False, 'cmake_target': None, 'cmake_target_skip_unavailable': False, 'install_base': '/home/rahul/camera_ws/install/robot_controller', 'merge_install': False, 'path': '/home/rahul/camera_ws/src/robot_controller', 'symlink_install': False, 'test_result_base': None}
[0.720s] Level 5:colcon.colcon_core.verb:set package 'robot_moveit' build argument 'cmake_args' from command line to 'None'
[0.720s] Level 5:colcon.colcon_core.verb:set package 'robot_moveit' build argument 'cmake_target' from command line to 'None'
[0.720s] Level 5:colcon.colcon_core.verb:set package 'robot_moveit' build argument 'cmake_target_skip_unavailable' from command line to 'False'
[0.720s] Level 5:colcon.colcon_core.verb:set package 'robot_moveit' build argument 'cmake_clean_cache' from command line to 'False'
[0.720s] Level 5:colcon.colcon_core.verb:set package 'robot_moveit' build argument 'cmake_clean_first' from command line to 'False'
[0.720s] Level 5:colcon.colcon_core.verb:set package 'robot_moveit' build argument 'cmake_force_configure' from command line to 'False'
[0.720s] Level 5:colcon.colcon_core.verb:set package 'robot_moveit' build argument 'ament_cmake_args' from command line to 'None'
[0.720s] Level 5:colcon.colcon_core.verb:set package 'robot_moveit' build argument 'catkin_cmake_args' from command line to 'None'
[0.720s] Level 5:colcon.colcon_core.verb:set package 'robot_moveit' build argument 'catkin_skip_building_tests' from command line to 'False'
[0.721s] DEBUG:colcon.colcon_core.verb:Building package 'robot_moveit' with the following arguments: {'ament_cmake_args': None, 'build_base': '/home/rahul/camera_ws/build/robot_moveit', 'catkin_cmake_args': None, 'catkin_skip_building_tests': False, 'cmake_args': None, 'cmake_clean_cache': False, 'cmake_clean_first': False, 'cmake_force_configure': False, 'cmake_target': None, 'cmake_target_skip_unavailable': False, 'install_base': '/home/rahul/camera_ws/install/robot_moveit', 'merge_install': False, 'path': '/home/rahul/camera_ws/src/robot_moveit', 'symlink_install': False, 'test_result_base': None}
[0.721s] INFO:colcon.colcon_core.executor:Executing jobs using 'parallel' executor
[0.724s] DEBUG:colcon.colcon_parallel_executor.executor.parallel:run_until_complete
[0.726s] INFO:colcon.colcon_ros.task.ament_cmake.build:Building ROS package in '/home/rahul/camera_ws/src/robot_description' with build type 'ament_cmake'
[0.726s] INFO:colcon.colcon_cmake.task.cmake.build:Building CMake package in '/home/rahul/camera_ws/src/robot_description'
[0.730s] INFO:colcon.colcon_core.plugin_system:Skipping extension 'colcon_core.shell.bat': Not used on non-Windows systems
[0.731s] INFO:colcon.colcon_core.shell:Skip shell extension 'powershell' for command environment: Not usable outside of PowerShell
[0.731s] DEBUG:colcon.colcon_core.shell:Skip shell extension 'dsv' for command environment
[0.757s] DEBUG:colcon.colcon_core.event_handler.log_command:Invoking command in '/home/rahul/camera_ws/build/robot_description': CMAKE_PREFIX_PATH=/opt/ros/iron /usr/bin/cmake --build /home/rahul/camera_ws/build/robot_description -- -j12 -l12
[0.869s] DEBUG:colcon.colcon_core.event_handler.log_command:Invoked command in '/home/rahul/camera_ws/build/robot_description' returned '0': CMAKE_PREFIX_PATH=/opt/ros/iron /usr/bin/cmake --build /home/rahul/camera_ws/build/robot_description -- -j12 -l12
[0.909s] DEBUG:colcon.colcon_core.event_handler.log_command:Invoking command in '/home/rahul/camera_ws/build/robot_description': CMAKE_PREFIX_PATH=/opt/ros/iron /usr/bin/cmake --install /home/rahul/camera_ws/build/robot_description
[0.947s] Level 1:colcon.colcon_core.environment:create_environment_scripts_only(robot_description)
[0.951s] DEBUG:colcon.colcon_core.event_handler.log_command:Invoked command in '/home/rahul/camera_ws/build/robot_description' returned '0': CMAKE_PREFIX_PATH=/opt/ros/iron /usr/bin/cmake --install /home/rahul/camera_ws/build/robot_description
[0.955s] Level 1:colcon.colcon_core.environment:checking '/home/rahul/camera_ws/install/robot_description' for CMake module files
[0.956s] Level 1:colcon.colcon_core.environment:checking '/home/rahul/camera_ws/install/robot_description' for CMake config files
[0.957s] Level 1:colcon.colcon_core.shell:create_environment_hook('robot_description', 'cmake_prefix_path')
[0.958s] INFO:colcon.colcon_core.shell:Creating environment hook '/home/rahul/camera_ws/install/robot_description/share/robot_description/hook/cmake_prefix_path.ps1'
[0.960s] INFO:colcon.colcon_core.shell:Creating environment descriptor '/home/rahul/camera_ws/install/robot_description/share/robot_description/hook/cmake_prefix_path.dsv'
[0.963s] INFO:colcon.colcon_core.shell:Creating environment hook '/home/rahul/camera_ws/install/robot_description/share/robot_description/hook/cmake_prefix_path.sh'
[0.966s] Level 1:colcon.colcon_core.environment:checking '/home/rahul/camera_ws/install/robot_description/bin'
[0.967s] Level 1:colcon.colcon_core.environment:checking '/home/rahul/camera_ws/install/robot_description/lib/pkgconfig/robot_description.pc'
[0.968s] Level 1:colcon.colcon_core.environment:checking '/home/rahul/camera_ws/install/robot_description/lib/python3.10/site-packages'
[0.968s] Level 1:colcon.colcon_core.environment:checking '/home/rahul/camera_ws/install/robot_description/bin'
[0.969s] INFO:colcon.colcon_core.shell:Creating package script '/home/rahul/camera_ws/install/robot_description/share/robot_description/package.ps1'
[0.972s] INFO:colcon.colcon_core.shell:Creating package descriptor '/home/rahul/camera_ws/install/robot_description/share/robot_description/package.dsv'
[0.973s] INFO:colcon.colcon_core.shell:Creating package script '/home/rahul/camera_ws/install/robot_description/share/robot_description/package.sh'
[0.976s] INFO:colcon.colcon_core.shell:Creating package script '/home/rahul/camera_ws/install/robot_description/share/robot_description/package.bash'
[0.980s] INFO:colcon.colcon_core.shell:Creating package script '/home/rahul/camera_ws/install/robot_description/share/robot_description/package.zsh'
[0.983s] Level 1:colcon.colcon_core.environment:create_file_with_runtime_dependencies(/home/rahul/camera_ws/install/robot_description/share/colcon-core/packages/robot_description)
[0.985s] Level 1:colcon.colcon_core.environment:create_environment_scripts_only(robot_description)
[0.986s] Level 1:colcon.colcon_core.environment:checking '/home/rahul/camera_ws/install/robot_description' for CMake module files
[0.987s] Level 1:colcon.colcon_core.environment:checking '/home/rahul/camera_ws/install/robot_description' for CMake config files
[0.988s] Level 1:colcon.colcon_core.shell:create_environment_hook('robot_description', 'cmake_prefix_path')
[0.988s] INFO:colcon.colcon_core.shell:Creating environment hook '/home/rahul/camera_ws/install/robot_description/share/robot_description/hook/cmake_prefix_path.ps1'
[0.990s] INFO:colcon.colcon_core.shell:Creating environment descriptor '/home/rahul/camera_ws/install/robot_description/share/robot_description/hook/cmake_prefix_path.dsv'
[0.991s] INFO:colcon.colcon_core.shell:Creating environment hook '/home/rahul/camera_ws/install/robot_description/share/robot_description/hook/cmake_prefix_path.sh'
[0.993s] Level 1:colcon.colcon_core.environment:checking '/home/rahul/camera_ws/install/robot_description/bin'
[0.993s] Level 1:colcon.colcon_core.environment:checking '/home/rahul/camera_ws/install/robot_description/lib/pkgconfig/robot_description.pc'
[0.994s] Level 1:colcon.colcon_core.environment:checking '/home/rahul/camera_ws/install/robot_description/lib/python3.10/site-packages'
[0.995s] Level 1:colcon.colcon_core.environment:checking '/home/rahul/camera_ws/install/robot_description/bin'
[0.997s] INFO:colcon.colcon_core.shell:Creating package script '/home/rahul/camera_ws/install/robot_description/share/robot_description/package.ps1'
[1.000s] INFO:colcon.colcon_core.shell:Creating package descriptor '/home/rahul/camera_ws/install/robot_description/share/robot_description/package.dsv'
[1.002s] INFO:colcon.colcon_core.shell:Creating package script '/home/rahul/camera_ws/install/robot_description/share/robot_description/package.sh'
[1.004s] INFO:colcon.colcon_core.shell:Creating package script '/home/rahul/camera_ws/install/robot_description/share/robot_description/package.bash'
[1.007s] INFO:colcon.colcon_core.shell:Creating package script '/home/rahul/camera_ws/install/robot_description/share/robot_description/package.zsh'
[1.010s] Level 1:colcon.colcon_core.environment:create_file_with_runtime_dependencies(/home/rahul/camera_ws/install/robot_description/share/colcon-core/packages/robot_description)
[1.012s] INFO:colcon.colcon_ros.task.ament_cmake.build:Building ROS package in '/home/rahul/camera_ws/src/robot_controller' with build type 'ament_cmake'
[1.013s] INFO:colcon.colcon_cmake.task.cmake.build:Building CMake package in '/home/rahul/camera_ws/src/robot_controller'
[1.014s] INFO:colcon.colcon_core.shell:Skip shell extension 'powershell' for command environment: Not usable outside of PowerShell
[1.014s] DEBUG:colcon.colcon_core.shell:Skip shell extension 'dsv' for command environment
[1.025s] INFO:colcon.colcon_ros.task.ament_cmake.build:Building ROS package in '/home/rahul/camera_ws/src/robot_moveit' with build type 'ament_cmake'
[1.025s] INFO:colcon.colcon_cmake.task.cmake.build:Building CMake package in '/home/rahul/camera_ws/src/robot_moveit'
[1.026s] INFO:colcon.colcon_core.shell:Skip shell extension 'powershell' for command environment: Not usable outside of PowerShell
[1.026s] DEBUG:colcon.colcon_core.shell:Skip shell extension 'dsv' for command environment
[1.047s] DEBUG:colcon.colcon_core.event_handler.log_command:Invoking command in '/home/rahul/camera_ws/build/robot_controller': AMENT_PREFIX_PATH=/home/rahul/camera_ws/install/robot_description:${AMENT_PREFIX_PATH} CMAKE_PREFIX_PATH=/home/rahul/camera_ws/install/robot_description:/opt/ros/iron /usr/bin/cmake --build /home/rahul/camera_ws/build/robot_controller -- -j12 -l12
[1.063s] DEBUG:colcon.colcon_core.event_handler.log_command:Invoking command in '/home/rahul/camera_ws/build/robot_moveit': AMENT_PREFIX_PATH=/home/rahul/camera_ws/install/robot_description:${AMENT_PREFIX_PATH} CMAKE_PREFIX_PATH=/home/rahul/camera_ws/install/robot_description:/opt/ros/iron /usr/bin/cmake --build /home/rahul/camera_ws/build/robot_moveit -- -j12 -l12
[1.165s] DEBUG:colcon.colcon_core.event_handler.log_command:Invoked command in '/home/rahul/camera_ws/build/robot_controller' returned '0': AMENT_PREFIX_PATH=/home/rahul/camera_ws/install/robot_description:${AMENT_PREFIX_PATH} CMAKE_PREFIX_PATH=/home/rahul/camera_ws/install/robot_description:/opt/ros/iron /usr/bin/cmake --build /home/rahul/camera_ws/build/robot_controller -- -j12 -l12
[1.170s] DEBUG:colcon.colcon_core.event_handler.log_command:Invoking command in '/home/rahul/camera_ws/build/robot_controller': AMENT_PREFIX_PATH=/home/rahul/camera_ws/install/robot_description:${AMENT_PREFIX_PATH} CMAKE_PREFIX_PATH=/home/rahul/camera_ws/install/robot_description:/opt/ros/iron /usr/bin/cmake --install /home/rahul/camera_ws/build/robot_controller
[1.205s] Level 1:colcon.colcon_core.environment:create_environment_scripts_only(robot_controller)
[1.206s] Level 1:colcon.colcon_core.environment:checking '/home/rahul/camera_ws/install/robot_controller' for CMake module files
[1.208s] DEBUG:colcon.colcon_core.event_handler.log_command:Invoked command in '/home/rahul/camera_ws/build/robot_controller' returned '0': AMENT_PREFIX_PATH=/home/rahul/camera_ws/install/robot_description:${AMENT_PREFIX_PATH} CMAKE_PREFIX_PATH=/home/rahul/camera_ws/install/robot_description:/opt/ros/iron /usr/bin/cmake --install /home/rahul/camera_ws/build/robot_controller
[1.209s] Level 1:colcon.colcon_core.environment:checking '/home/rahul/camera_ws/install/robot_controller' for CMake config files
[1.209s] Level 1:colcon.colcon_core.shell:create_environment_hook('robot_controller', 'cmake_prefix_path')
[1.210s] INFO:colcon.colcon_core.shell:Creating environment hook '/home/rahul/camera_ws/install/robot_controller/share/robot_controller/hook/cmake_prefix_path.ps1'
[1.212s] INFO:colcon.colcon_core.shell:Creating environment descriptor '/home/rahul/camera_ws/install/robot_controller/share/robot_controller/hook/cmake_prefix_path.dsv'
[1.214s] INFO:colcon.colcon_core.shell:Creating environment hook '/home/rahul/camera_ws/install/robot_controller/share/robot_controller/hook/cmake_prefix_path.sh'
[1.218s] Level 1:colcon.colcon_core.environment:checking '/home/rahul/camera_ws/install/robot_controller/bin'
[1.218s] Level 1:colcon.colcon_core.environment:checking '/home/rahul/camera_ws/install/robot_controller/lib/pkgconfig/robot_controller.pc'
[1.219s] Level 1:colcon.colcon_core.environment:checking '/home/rahul/camera_ws/install/robot_controller/lib/python3.10/site-packages'
[1.219s] Level 1:colcon.colcon_core.environment:checking '/home/rahul/camera_ws/install/robot_controller/bin'
[1.220s] INFO:colcon.colcon_core.shell:Creating package script '/home/rahul/camera_ws/install/robot_controller/share/robot_controller/package.ps1'
[1.222s] INFO:colcon.colcon_core.shell:Creating package descriptor '/home/rahul/camera_ws/install/robot_controller/share/robot_controller/package.dsv'
[1.224s] INFO:colcon.colcon_core.shell:Creating package script '/home/rahul/camera_ws/install/robot_controller/share/robot_controller/package.sh'
[1.225s] INFO:colcon.colcon_core.shell:Creating package script '/home/rahul/camera_ws/install/robot_controller/share/robot_controller/package.bash'
[1.227s] INFO:colcon.colcon_core.shell:Creating package script '/home/rahul/camera_ws/install/robot_controller/share/robot_controller/package.zsh'
[1.228s] Level 1:colcon.colcon_core.environment:create_file_with_runtime_dependencies(/home/rahul/camera_ws/install/robot_controller/share/colcon-core/packages/robot_controller)
[1.231s] Level 1:colcon.colcon_core.environment:create_environment_scripts_only(robot_controller)
[1.232s] Level 1:colcon.colcon_core.environment:checking '/home/rahul/camera_ws/install/robot_controller' for CMake module files
[1.233s] Level 1:colcon.colcon_core.environment:checking '/home/rahul/camera_ws/install/robot_controller' for CMake config files
[1.233s] Level 1:colcon.colcon_core.shell:create_environment_hook('robot_controller', 'cmake_prefix_path')
[1.234s] INFO:colcon.colcon_core.shell:Creating environment hook '/home/rahul/camera_ws/install/robot_controller/share/robot_controller/hook/cmake_prefix_path.ps1'
[1.236s] INFO:colcon.colcon_core.shell:Creating environment descriptor '/home/rahul/camera_ws/install/robot_controller/share/robot_controller/hook/cmake_prefix_path.dsv'
[1.237s] INFO:colcon.colcon_core.shell:Creating environment hook '/home/rahul/camera_ws/install/robot_controller/share/robot_controller/hook/cmake_prefix_path.sh'
[1.238s] Level 1:colcon.colcon_core.environment:checking '/home/rahul/camera_ws/install/robot_controller/bin'
[1.238s] Level 1:colcon.colcon_core.environment:checking '/home/rahul/camera_ws/install/robot_controller/lib/pkgconfig/robot_controller.pc'
[1.239s] Level 1:colcon.colcon_core.environment:checking '/home/rahul/camera_ws/install/robot_controller/lib/python3.10/site-packages'
[1.239s] Level 1:colcon.colcon_core.environment:checking '/home/rahul/camera_ws/install/robot_controller/bin'
[1.240s] INFO:colcon.colcon_core.shell:Creating package script '/home/rahul/camera_ws/install/robot_controller/share/robot_controller/package.ps1'
[1.243s] INFO:colcon.colcon_core.shell:Creating package descriptor '/home/rahul/camera_ws/install/robot_controller/share/robot_controller/package.dsv'
[1.244s] INFO:colcon.colcon_core.shell:Creating package script '/home/rahul/camera_ws/install/robot_controller/share/robot_controller/package.sh'
[1.247s] INFO:colcon.colcon_core.shell:Creating package script '/home/rahul/camera_ws/install/robot_controller/share/robot_controller/package.bash'
[1.248s] INFO:colcon.colcon_core.shell:Creating package script '/home/rahul/camera_ws/install/robot_controller/share/robot_controller/package.zsh'
[1.249s] Level 1:colcon.colcon_core.environment:create_file_with_runtime_dependencies(/home/rahul/camera_ws/install/robot_controller/share/colcon-core/packages/robot_controller)
[1.987s] DEBUG:colcon.colcon_core.event_handler.log_command:Invoked command in '/home/rahul/camera_ws/build/robot_moveit' returned '0': AMENT_PREFIX_PATH=/home/rahul/camera_ws/install/robot_description:${AMENT_PREFIX_PATH} CMAKE_PREFIX_PATH=/home/rahul/camera_ws/install/robot_description:/opt/ros/iron /usr/bin/cmake --build /home/rahul/camera_ws/build/robot_moveit -- -j12 -l12
[1.989s] DEBUG:colcon.colcon_core.event_handler.log_command:Invoking command in '/home/rahul/camera_ws/build/robot_moveit': AMENT_PREFIX_PATH=/home/rahul/camera_ws/install/robot_description:${AMENT_PREFIX_PATH} CMAKE_PREFIX_PATH=/home/rahul/camera_ws/install/robot_description:/opt/ros/iron /usr/bin/cmake --install /home/rahul/camera_ws/build/robot_moveit
[2.132s] Level 1:colcon.colcon_core.environment:create_environment_scripts_only(robot_moveit)
[2.132s] Level 1:colcon.colcon_core.environment:checking '/home/rahul/camera_ws/install/robot_moveit' for CMake module files
[2.133s] DEBUG:colcon.colcon_core.event_handler.log_command:Invoked command in '/home/rahul/camera_ws/build/robot_moveit' returned '0': AMENT_PREFIX_PATH=/home/rahul/camera_ws/install/robot_description:${AMENT_PREFIX_PATH} CMAKE_PREFIX_PATH=/home/rahul/camera_ws/install/robot_description:/opt/ros/iron /usr/bin/cmake --install /home/rahul/camera_ws/build/robot_moveit
[2.134s] Level 1:colcon.colcon_core.environment:checking '/home/rahul/camera_ws/install/robot_moveit' for CMake config files
[2.134s] Level 1:colcon.colcon_core.shell:create_environment_hook('robot_moveit', 'cmake_prefix_path')
[2.135s] INFO:colcon.colcon_core.shell:Creating environment hook '/home/rahul/camera_ws/install/robot_moveit/share/robot_moveit/hook/cmake_prefix_path.ps1'
[2.140s] INFO:colcon.colcon_core.shell:Creating environment descriptor '/home/rahul/camera_ws/install/robot_moveit/share/robot_moveit/hook/cmake_prefix_path.dsv'
[2.142s] INFO:colcon.colcon_core.shell:Creating environment hook '/home/rahul/camera_ws/install/robot_moveit/share/robot_moveit/hook/cmake_prefix_path.sh'
[2.144s] Level 1:colcon.colcon_core.environment:checking '/home/rahul/camera_ws/install/robot_moveit/lib'
[2.145s] Level 1:colcon.colcon_core.environment:checking '/home/rahul/camera_ws/install/robot_moveit/bin'
[2.145s] Level 1:colcon.colcon_core.environment:checking '/home/rahul/camera_ws/install/robot_moveit/lib/pkgconfig/robot_moveit.pc'
[2.145s] Level 1:colcon.colcon_core.environment:checking '/home/rahul/camera_ws/install/robot_moveit/lib/python3.10/site-packages'
[2.145s] Level 1:colcon.colcon_core.shell:create_environment_hook('robot_moveit', 'pythonpath')
[2.146s] INFO:colcon.colcon_core.shell:Creating environment hook '/home/rahul/camera_ws/install/robot_moveit/share/robot_moveit/hook/pythonpath.ps1'
[2.147s] INFO:colcon.colcon_core.shell:Creating environment descriptor '/home/rahul/camera_ws/install/robot_moveit/share/robot_moveit/hook/pythonpath.dsv'
[2.147s] INFO:colcon.colcon_core.shell:Creating environment hook '/home/rahul/camera_ws/install/robot_moveit/share/robot_moveit/hook/pythonpath.sh'
[2.148s] Level 1:colcon.colcon_core.environment:checking '/home/rahul/camera_ws/install/robot_moveit/bin'
[2.149s] INFO:colcon.colcon_core.shell:Creating package script '/home/rahul/camera_ws/install/robot_moveit/share/robot_moveit/package.ps1'
[2.152s] INFO:colcon.colcon_core.shell:Creating package descriptor '/home/rahul/camera_ws/install/robot_moveit/share/robot_moveit/package.dsv'
[2.153s] INFO:colcon.colcon_core.shell:Creating package script '/home/rahul/camera_ws/install/robot_moveit/share/robot_moveit/package.sh'
[2.154s] INFO:colcon.colcon_core.shell:Creating package script '/home/rahul/camera_ws/install/robot_moveit/share/robot_moveit/package.bash'
[2.154s] INFO:colcon.colcon_core.shell:Creating package script '/home/rahul/camera_ws/install/robot_moveit/share/robot_moveit/package.zsh'
[2.155s] Level 1:colcon.colcon_core.environment:create_file_with_runtime_dependencies(/home/rahul/camera_ws/install/robot_moveit/share/colcon-core/packages/robot_moveit)
[2.157s] Level 1:colcon.colcon_core.environment:create_environment_scripts_only(robot_moveit)
[2.158s] Level 1:colcon.colcon_core.environment:checking '/home/rahul/camera_ws/install/robot_moveit' for CMake module files
[2.158s] Level 1:colcon.colcon_core.environment:checking '/home/rahul/camera_ws/install/robot_moveit' for CMake config files
[2.159s] Level 1:colcon.colcon_core.shell:create_environment_hook('robot_moveit', 'cmake_prefix_path')
[2.160s] INFO:colcon.colcon_core.shell:Creating environment hook '/home/rahul/camera_ws/install/robot_moveit/share/robot_moveit/hook/cmake_prefix_path.ps1'
[2.161s] INFO:colcon.colcon_core.shell:Creating environment descriptor '/home/rahul/camera_ws/install/robot_moveit/share/robot_moveit/hook/cmake_prefix_path.dsv'
[2.163s] INFO:colcon.colcon_core.shell:Creating environment hook '/home/rahul/camera_ws/install/robot_moveit/share/robot_moveit/hook/cmake_prefix_path.sh'
[2.165s] Level 1:colcon.colcon_core.environment:checking '/home/rahul/camera_ws/install/robot_moveit/lib'
[2.165s] Level 1:colcon.colcon_core.environment:checking '/home/rahul/camera_ws/install/robot_moveit/bin'
[2.165s] Level 1:colcon.colcon_core.environment:checking '/home/rahul/camera_ws/install/robot_moveit/lib/pkgconfig/robot_moveit.pc'
[2.165s] Level 1:colcon.colcon_core.environment:checking '/home/rahul/camera_ws/install/robot_moveit/lib/python3.10/site-packages'
[2.165s] Level 1:colcon.colcon_core.shell:create_environment_hook('robot_moveit', 'pythonpath')
[2.166s] INFO:colcon.colcon_core.shell:Creating environment hook '/home/rahul/camera_ws/install/robot_moveit/share/robot_moveit/hook/pythonpath.ps1'
[2.167s] INFO:colcon.colcon_core.shell:Creating environment descriptor '/home/rahul/camera_ws/install/robot_moveit/share/robot_moveit/hook/pythonpath.dsv'
[2.170s] INFO:colcon.colcon_core.shell:Creating environment hook '/home/rahul/camera_ws/install/robot_moveit/share/robot_moveit/hook/pythonpath.sh'
[2.173s] Level 1:colcon.colcon_core.environment:checking '/home/rahul/camera_ws/install/robot_moveit/bin'
[2.175s] INFO:colcon.colcon_core.shell:Creating package script '/home/rahul/camera_ws/install/robot_moveit/share/robot_moveit/package.ps1'
[2.179s] INFO:colcon.colcon_core.shell:Creating package descriptor '/home/rahul/camera_ws/install/robot_moveit/share/robot_moveit/package.dsv'
[2.182s] INFO:colcon.colcon_core.shell:Creating package script '/home/rahul/camera_ws/install/robot_moveit/share/robot_moveit/package.sh'
[2.186s] INFO:colcon.colcon_core.shell:Creating package script '/home/rahul/camera_ws/install/robot_moveit/share/robot_moveit/package.bash'
[2.188s] INFO:colcon.colcon_core.shell:Creating package script '/home/rahul/camera_ws/install/robot_moveit/share/robot_moveit/package.zsh'
[2.190s] Level 1:colcon.colcon_core.environment:create_file_with_runtime_dependencies(/home/rahul/camera_ws/install/robot_moveit/share/colcon-core/packages/robot_moveit)
[2.191s] DEBUG:colcon.colcon_parallel_executor.executor.parallel:closing loop
[2.192s] DEBUG:colcon.colcon_parallel_executor.executor.parallel:loop closed
[2.193s] DEBUG:colcon.colcon_parallel_executor.executor.parallel:run_until_complete finished with '0'
[2.193s] DEBUG:colcon.colcon_core.event_reactor:joining thread
[2.211s] INFO:colcon.colcon_core.plugin_system:Skipping extension 'colcon_notification.desktop_notification.terminal_notifier': Not used on non-Darwin systems
[2.211s] INFO:colcon.colcon_core.plugin_system:Skipping extension 'colcon_notification.desktop_notification.win32': Not used on non-Windows systems
[2.211s] INFO:colcon.colcon_notification.desktop_notification:Sending desktop notification using 'notify2'
[2.260s] DEBUG:colcon.colcon_core.event_reactor:joined thread
[2.261s] INFO:colcon.colcon_core.shell:Creating prefix script '/home/rahul/camera_ws/install/local_setup.ps1'
[2.264s] INFO:colcon.colcon_core.shell:Creating prefix util module '/home/rahul/camera_ws/install/_local_setup_util_ps1.py'
[2.267s] INFO:colcon.colcon_core.shell:Creating prefix chain script '/home/rahul/camera_ws/install/setup.ps1'
[2.271s] INFO:colcon.colcon_core.shell:Creating prefix script '/home/rahul/camera_ws/install/local_setup.sh'
[2.273s] INFO:colcon.colcon_core.shell:Creating prefix util module '/home/rahul/camera_ws/install/_local_setup_util_sh.py'
[2.276s] INFO:colcon.colcon_core.shell:Creating prefix chain script '/home/rahul/camera_ws/install/setup.sh'
[2.281s] INFO:colcon.colcon_core.shell:Creating prefix script '/home/rahul/camera_ws/install/local_setup.bash'
[2.282s] INFO:colcon.colcon_core.shell:Creating prefix chain script '/home/rahul/camera_ws/install/setup.bash'
[2.285s] INFO:colcon.colcon_core.shell:Creating prefix script '/home/rahul/camera_ws/install/local_setup.zsh'
[2.289s] INFO:colcon.colcon_core.shell:Creating prefix chain script '/home/rahul/camera_ws/install/setup.zsh'
