[0.148s] Invoking command in '/home/rahul/camera_ws/build/robot_description': CMAKE_PREFIX_PATH=/opt/ros/iron /usr/bin/cmake --build /home/rahul/camera_ws/build/robot_description -- -j12 -l12
[2.619s] Invoked command in '/home/rahul/camera_ws/build/robot_description' returned '0': CMAKE_PREFIX_PATH=/opt/ros/iron /usr/bin/cmake --build /home/rahul/camera_ws/build/robot_description -- -j12 -l12
[2.646s] Invoking command in '/home/rahul/camera_ws/build/robot_description': CMAKE_PREFIX_PATH=/opt/ros/iron /usr/bin/cmake --install /home/rahul/camera_ws/build/robot_description
[2.657s] -- Install configuration: ""
[2.658s] -- Up-to-date: /home/rahul/camera_ws/install/robot_description/share/robot_description/launch
[2.682s] -- Up-to-date: /home/rahul/camera_ws/install/robot_description/share/robot_description/launch/display.launch.py
[2.683s] -- Up-to-date: /home/rahul/camera_ws/install/robot_description/share/robot_description/launch/gazebo.launch.py
[2.692s] -- Up-to-date: /home/rahul/camera_ws/install/robot_description/share/robot_description/meshes
[2.707s] -- Up-to-date: /home/rahul/camera_ws/install/robot_description/share/robot_description/meshes/wrist1.stl
[2.708s] -- Up-to-date: /home/rahul/camera_ws/install/robot_description/share/robot_description/meshes/robotiq_85_finger_link.stl
[2.708s] -- Up-to-date: /home/rahul/camera_ws/install/robot_description/share/robot_description/meshes/robotiq_85_base_link.stl
[2.708s] -- Up-to-date: /home/rahul/camera_ws/install/robot_description/share/robot_description/meshes/wrist2.stl
[2.708s] -- Up-to-date: /home/rahul/camera_ws/install/robot_description/share/robot_description/meshes/robotiq_85_knuckle_link.stl
[2.709s] -- Up-to-date: /home/rahul/camera_ws/install/robot_description/share/robot_description/meshes/shoulder.stl
[2.709s] -- Up-to-date: /home/rahul/camera_ws/install/robot_description/share/robot_description/meshes/robotiq_85_finger_tip_link.stl
[2.709s] -- Up-to-date: /home/rahul/camera_ws/install/robot_description/share/robot_description/meshes/wrist3.stl
[2.709s] -- Up-to-date: /home/rahul/camera_ws/install/robot_description/share/robot_description/meshes/upperarm.stl
[2.709s] -- Up-to-date: /home/rahul/camera_ws/install/robot_description/share/robot_description/meshes/base.stl
[2.710s] -- Up-to-date: /home/rahul/camera_ws/install/robot_description/share/robot_description/meshes/forearm.stl
[2.710s] -- Up-to-date: /home/rahul/camera_ws/install/robot_description/share/robot_description/meshes/coupler.stl
[2.710s] -- Up-to-date: /home/rahul/camera_ws/install/robot_description/share/robot_description/meshes/robotiq_85_inner_knuckle_link.stl
[2.710s] -- Up-to-date: /home/rahul/camera_ws/install/robot_description/share/robot_description/urdf
[2.736s] -- Up-to-date: /home/rahul/camera_ws/install/robot_description/share/robot_description/urdf/robot_gazebo.xacro
[2.743s] -- Up-to-date: /home/rahul/camera_ws/install/robot_description/share/robot_description/urdf/robot.urdf.xacro
[2.743s] -- Up-to-date: /home/rahul/camera_ws/install/robot_description/share/robot_description/urdf/robot_ros2_control.xacro
[2.743s] -- Up-to-date: /home/rahul/camera_ws/install/robot_description/share/robot_description/urdf/camera.urdf.xacro
[2.744s] -- Up-to-date: /home/rahul/camera_ws/install/robot_description/share/robot_description/rviz
[2.747s] -- Up-to-date: /home/rahul/camera_ws/install/robot_description/share/ament_index/resource_index/package_run_dependencies/robot_description
[2.747s] -- Up-to-date: /home/rahul/camera_ws/install/robot_description/share/ament_index/resource_index/parent_prefix_path/robot_description
[2.747s] -- Up-to-date: /home/rahul/camera_ws/install/robot_description/share/robot_description/environment/ament_prefix_path.sh
[2.747s] -- Up-to-date: /home/rahul/camera_ws/install/robot_description/share/robot_description/environment/ament_prefix_path.dsv
[2.748s] -- Up-to-date: /home/rahul/camera_ws/install/robot_description/share/robot_description/environment/path.sh
[2.748s] -- Up-to-date: /home/rahul/camera_ws/install/robot_description/share/robot_description/environment/path.dsv
[2.748s] -- Up-to-date: /home/rahul/camera_ws/install/robot_description/share/robot_description/local_setup.bash
[2.748s] -- Up-to-date: /home/rahul/camera_ws/install/robot_description/share/robot_description/local_setup.sh
[2.748s] -- Up-to-date: /home/rahul/camera_ws/install/robot_description/share/robot_description/local_setup.zsh
[2.749s] -- Up-to-date: /home/rahul/camera_ws/install/robot_description/share/robot_description/local_setup.dsv
[2.749s] -- Installing: /home/rahul/camera_ws/install/robot_description/share/robot_description/package.dsv
[2.772s] -- Up-to-date: /home/rahul/camera_ws/install/robot_description/share/ament_index/resource_index/packages/robot_description
[2.772s] -- Up-to-date: /home/rahul/camera_ws/install/robot_description/share/robot_description/cmake/robot_descriptionConfig.cmake
[2.773s] -- Up-to-date: /home/rahul/camera_ws/install/robot_description/share/robot_description/cmake/robot_descriptionConfig-version.cmake
[2.773s] -- Up-to-date: /home/rahul/camera_ws/install/robot_description/share/robot_description/package.xml
[2.777s] Invoked command in '/home/rahul/camera_ws/build/robot_description' returned '0': CMAKE_PREFIX_PATH=/opt/ros/iron /usr/bin/cmake --install /home/rahul/camera_ws/build/robot_description
