[0.047s] Invoking command in '/home/rahul/camera_ws/build/robot_moveit': AMENT_PREFIX_PATH=/home/rahul/camera_ws/install/robot_description:${AMENT_PREFIX_PATH} CMAKE_PREFIX_PATH=/home/rahul/camera_ws/install/robot_description:/opt/ros/iron /usr/bin/cmake --build /home/rahul/camera_ws/build/robot_moveit -- -j12 -l12
[0.225s] Built target ament_cmake_python_copy_robot_moveit
[0.799s] running egg_info
[0.801s] writing robot_moveit.egg-info/PKG-INFO
[0.802s] writing dependency_links to robot_moveit.egg-info/dependency_links.txt
[0.803s] writing top-level names to robot_moveit.egg-info/top_level.txt
[0.812s] reading manifest file 'robot_moveit.egg-info/SOURCES.txt'
[0.815s] writing manifest file 'robot_moveit.egg-info/SOURCES.txt'
[0.999s] Built target ament_cmake_python_build_robot_moveit_egg
[1.038s] Invoked command in '/home/rahul/camera_ws/build/robot_moveit' returned '0': AMENT_PREFIX_PATH=/home/rahul/camera_ws/install/robot_description:${AMENT_PREFIX_PATH} CMAKE_PREFIX_PATH=/home/rahul/camera_ws/install/robot_description:/opt/ros/iron /usr/bin/cmake --build /home/rahul/camera_ws/build/robot_moveit -- -j12 -l12
[1.041s] Invoking command in '/home/rahul/camera_ws/build/robot_moveit': AMENT_PREFIX_PATH=/home/rahul/camera_ws/install/robot_description:${AMENT_PREFIX_PATH} CMAKE_PREFIX_PATH=/home/rahul/camera_ws/install/robot_description:/opt/ros/iron /usr/bin/cmake --install /home/rahul/camera_ws/build/robot_moveit
[1.066s] -- Install configuration: ""
[1.067s] -- Up-to-date: /home/rahul/camera_ws/install/robot_moveit/share/robot_moveit/environment/pythonpath.sh
[1.067s] -- Up-to-date: /home/rahul/camera_ws/install/robot_moveit/share/robot_moveit/environment/pythonpath.dsv
[1.067s] -- Up-to-date: /home/rahul/camera_ws/install/robot_moveit/lib/python3.10/site-packages/robot_moveit-0.3.0-py3.10.egg-info
[1.067s] -- Installing: /home/rahul/camera_ws/install/robot_moveit/lib/python3.10/site-packages/robot_moveit-0.3.0-py3.10.egg-info/SOURCES.txt
[1.067s] -- Installing: /home/rahul/camera_ws/install/robot_moveit/lib/python3.10/site-packages/robot_moveit-0.3.0-py3.10.egg-info/PKG-INFO
[1.068s] -- Installing: /home/rahul/camera_ws/install/robot_moveit/lib/python3.10/site-packages/robot_moveit-0.3.0-py3.10.egg-info/dependency_links.txt
[1.068s] -- Installing: /home/rahul/camera_ws/install/robot_moveit/lib/python3.10/site-packages/robot_moveit-0.3.0-py3.10.egg-info/top_level.txt
[1.068s] -- Up-to-date: /home/rahul/camera_ws/install/robot_moveit/lib/python3.10/site-packages/robot_moveit
[1.069s] -- Up-to-date: /home/rahul/camera_ws/install/robot_moveit/lib/python3.10/site-packages/robot_moveit/ur5_controller.py
[1.069s] -- Up-to-date: /home/rahul/camera_ws/install/robot_moveit/lib/python3.10/site-packages/robot_moveit/__init__.py
[1.156s] Listing '/home/rahul/camera_ws/install/robot_moveit/lib/python3.10/site-packages/robot_moveit'...
[1.191s] -- Up-to-date: /home/rahul/camera_ws/install/robot_moveit/share/robot_moveit/launch
[1.192s] -- Up-to-date: /home/rahul/camera_ws/install/robot_moveit/share/robot_moveit/launch/setup_assistant.launch.py
[1.192s] -- Up-to-date: /home/rahul/camera_ws/install/robot_moveit/share/robot_moveit/launch/moveit.launch.py
[1.193s] -- Up-to-date: /home/rahul/camera_ws/install/robot_moveit/share/robot_moveit/config
[1.193s] -- Up-to-date: /home/rahul/camera_ws/install/robot_moveit/share/robot_moveit/config/joint_limits.yaml
[1.193s] -- Up-to-date: /home/rahul/camera_ws/install/robot_moveit/share/robot_moveit/config/robot.urdf.xacro
[1.193s] -- Up-to-date: /home/rahul/camera_ws/install/robot_moveit/share/robot_moveit/config/moveit_controllers.yaml
[1.193s] -- Up-to-date: /home/rahul/camera_ws/install/robot_moveit/share/robot_moveit/config/robot.ros2_control.xacro
[1.193s] -- Up-to-date: /home/rahul/camera_ws/install/robot_moveit/share/robot_moveit/config/kinematics.yaml
[1.193s] -- Up-to-date: /home/rahul/camera_ws/install/robot_moveit/share/robot_moveit/config/pilz_cartesian_limits.yaml
[1.193s] -- Up-to-date: /home/rahul/camera_ws/install/robot_moveit/share/robot_moveit/config/robot.srdf
[1.193s] -- Up-to-date: /home/rahul/camera_ws/install/robot_moveit/share/robot_moveit/config/initial_positions.yaml
[1.194s] -- Up-to-date: /home/rahul/camera_ws/install/robot_moveit/lib/robot_moveit/ur5_controller.py
[1.194s] -- Up-to-date: /home/rahul/camera_ws/install/robot_moveit/share/robot_moveit/launch
[1.194s] -- Up-to-date: /home/rahul/camera_ws/install/robot_moveit/share/robot_moveit/launch/setup_assistant.launch.py
[1.194s] -- Up-to-date: /home/rahul/camera_ws/install/robot_moveit/share/robot_moveit/launch/moveit.launch.py
[1.194s] -- Up-to-date: /home/rahul/camera_ws/install/robot_moveit/share/robot_moveit/config
[1.194s] -- Up-to-date: /home/rahul/camera_ws/install/robot_moveit/share/robot_moveit/config/joint_limits.yaml
[1.194s] -- Up-to-date: /home/rahul/camera_ws/install/robot_moveit/share/robot_moveit/config/robot.urdf.xacro
[1.194s] -- Up-to-date: /home/rahul/camera_ws/install/robot_moveit/share/robot_moveit/config/moveit_controllers.yaml
[1.194s] -- Up-to-date: /home/rahul/camera_ws/install/robot_moveit/share/robot_moveit/config/robot.ros2_control.xacro
[1.194s] -- Up-to-date: /home/rahul/camera_ws/install/robot_moveit/share/robot_moveit/config/kinematics.yaml
[1.194s] -- Up-to-date: /home/rahul/camera_ws/install/robot_moveit/share/robot_moveit/config/pilz_cartesian_limits.yaml
[1.194s] -- Up-to-date: /home/rahul/camera_ws/install/robot_moveit/share/robot_moveit/config/robot.srdf
[1.195s] -- Up-to-date: /home/rahul/camera_ws/install/robot_moveit/share/robot_moveit/config/initial_positions.yaml
[1.195s] -- Up-to-date: /home/rahul/camera_ws/install/robot_moveit/share/robot_moveit/.setup_assistant
[1.195s] -- Up-to-date: /home/rahul/camera_ws/install/robot_moveit/share/ament_index/resource_index/package_run_dependencies/robot_moveit
[1.195s] -- Up-to-date: /home/rahul/camera_ws/install/robot_moveit/share/ament_index/resource_index/parent_prefix_path/robot_moveit
[1.195s] -- Up-to-date: /home/rahul/camera_ws/install/robot_moveit/share/robot_moveit/environment/ament_prefix_path.sh
[1.195s] -- Up-to-date: /home/rahul/camera_ws/install/robot_moveit/share/robot_moveit/environment/ament_prefix_path.dsv
[1.195s] -- Up-to-date: /home/rahul/camera_ws/install/robot_moveit/share/robot_moveit/environment/path.sh
[1.195s] -- Up-to-date: /home/rahul/camera_ws/install/robot_moveit/share/robot_moveit/environment/path.dsv
[1.195s] -- Up-to-date: /home/rahul/camera_ws/install/robot_moveit/share/robot_moveit/local_setup.bash
[1.195s] -- Up-to-date: /home/rahul/camera_ws/install/robot_moveit/share/robot_moveit/local_setup.sh
[1.195s] -- Up-to-date: /home/rahul/camera_ws/install/robot_moveit/share/robot_moveit/local_setup.zsh
[1.195s] -- Up-to-date: /home/rahul/camera_ws/install/robot_moveit/share/robot_moveit/local_setup.dsv
[1.195s] -- Installing: /home/rahul/camera_ws/install/robot_moveit/share/robot_moveit/package.dsv
[1.195s] -- Up-to-date: /home/rahul/camera_ws/install/robot_moveit/share/ament_index/resource_index/packages/robot_moveit
[1.195s] -- Up-to-date: /home/rahul/camera_ws/install/robot_moveit/share/robot_moveit/cmake/robot_moveitConfig.cmake
[1.196s] -- Up-to-date: /home/rahul/camera_ws/install/robot_moveit/share/robot_moveit/cmake/robot_moveitConfig-version.cmake
[1.196s] -- Up-to-date: /home/rahul/camera_ws/install/robot_moveit/share/robot_moveit/package.xml
[1.203s] Invoked command in '/home/rahul/camera_ws/build/robot_moveit' returned '0': AMENT_PREFIX_PATH=/home/rahul/camera_ws/install/robot_description:${AMENT_PREFIX_PATH} CMAKE_PREFIX_PATH=/home/rahul/camera_ws/install/robot_description:/opt/ros/iron /usr/bin/cmake --install /home/rahul/camera_ws/build/robot_moveit
