[0.011s] Invoking command in '/home/rahul/camera_ws/build/robot_controller': AMENT_PREFIX_PATH=/home/rahul/camera_ws/install/robot_description:${AMENT_PREFIX_PATH} CMAKE_PREFIX_PATH=/home/rahul/camera_ws/install/robot_description:/opt/ros/iron /usr/bin/cmake /home/rahul/camera_ws/src/robot_controller -DCMAKE_INSTALL_PREFIX=/home/rahul/camera_ws/install/robot_controller
[0.078s] -- The C compiler identification is GNU 11.4.0
[0.140s] -- The CXX compiler identification is GNU 11.4.0
[0.149s] -- Detecting C compiler ABI info
[0.233s] -- Detecting C compiler ABI info - done
[0.240s] -- Check for working C compiler: /usr/bin/cc - skipped
[0.240s] -- Detecting C compile features
[0.240s] -- Detecting C compile features - done
[0.243s] -- Detecting CXX compiler ABI info
[0.334s] -- Detecting CXX compiler ABI info - done
[0.344s] -- Check for working CXX compiler: /usr/bin/c++ - skipped
[0.345s] -- Detecting CXX compile features
[0.345s] -- Detecting CXX compile features - done
[0.349s] -- Found ament_cmake: 2.0.7 (/opt/ros/iron/share/ament_cmake/cmake)
[0.532s] -- Found Python3: /usr/bin/python3.10 (found version "3.10.12") found components: Interpreter 
[0.732s] -- Configuring done
[0.735s] -- Generating done
[0.737s] -- Build files have been written to: /home/rahul/camera_ws/build/robot_controller
[0.742s] Invoked command in '/home/rahul/camera_ws/build/robot_controller' returned '0': AMENT_PREFIX_PATH=/home/rahul/camera_ws/install/robot_description:${AMENT_PREFIX_PATH} CMAKE_PREFIX_PATH=/home/rahul/camera_ws/install/robot_description:/opt/ros/iron /usr/bin/cmake /home/rahul/camera_ws/src/robot_controller -DCMAKE_INSTALL_PREFIX=/home/rahul/camera_ws/install/robot_controller
[0.745s] Invoking command in '/home/rahul/camera_ws/build/robot_controller': AMENT_PREFIX_PATH=/home/rahul/camera_ws/install/robot_description:${AMENT_PREFIX_PATH} CMAKE_PREFIX_PATH=/home/rahul/camera_ws/install/robot_description:/opt/ros/iron /usr/bin/cmake --build /home/rahul/camera_ws/build/robot_controller -- -j12 -l12
[0.792s] Invoked command in '/home/rahul/camera_ws/build/robot_controller' returned '0': AMENT_PREFIX_PATH=/home/rahul/camera_ws/install/robot_description:${AMENT_PREFIX_PATH} CMAKE_PREFIX_PATH=/home/rahul/camera_ws/install/robot_description:/opt/ros/iron /usr/bin/cmake --build /home/rahul/camera_ws/build/robot_controller -- -j12 -l12
[0.793s] Invoking command in '/home/rahul/camera_ws/build/robot_controller': AMENT_PREFIX_PATH=/home/rahul/camera_ws/install/robot_description:${AMENT_PREFIX_PATH} CMAKE_PREFIX_PATH=/home/rahul/camera_ws/install/robot_description:/opt/ros/iron /usr/bin/cmake --install /home/rahul/camera_ws/build/robot_controller
[0.803s] -- Install configuration: ""
[0.803s] -- Installing: /home/rahul/camera_ws/install/robot_controller/share/robot_controller/launch
[0.803s] -- Installing: /home/rahul/camera_ws/install/robot_controller/share/robot_controller/launch/controller.launch.py
[0.803s] -- Installing: /home/rahul/camera_ws/install/robot_controller/share/robot_controller/config
[0.803s] -- Installing: /home/rahul/camera_ws/install/robot_controller/share/robot_controller/config/ros2_controllers.yaml
[0.804s] -- Installing: /home/rahul/camera_ws/install/robot_controller/share/ament_index/resource_index/package_run_dependencies/robot_controller
[0.804s] -- Installing: /home/rahul/camera_ws/install/robot_controller/share/ament_index/resource_index/parent_prefix_path/robot_controller
[0.804s] -- Installing: /home/rahul/camera_ws/install/robot_controller/share/robot_controller/environment/ament_prefix_path.sh
[0.804s] -- Installing: /home/rahul/camera_ws/install/robot_controller/share/robot_controller/environment/ament_prefix_path.dsv
[0.804s] -- Installing: /home/rahul/camera_ws/install/robot_controller/share/robot_controller/environment/path.sh
[0.805s] -- Installing: /home/rahul/camera_ws/install/robot_controller/share/robot_controller/environment/path.dsv
[0.805s] -- Installing: /home/rahul/camera_ws/install/robot_controller/share/robot_controller/local_setup.bash
[0.805s] -- Installing: /home/rahul/camera_ws/install/robot_controller/share/robot_controller/local_setup.sh
[0.805s] -- Installing: /home/rahul/camera_ws/install/robot_controller/share/robot_controller/local_setup.zsh
[0.805s] -- Installing: /home/rahul/camera_ws/install/robot_controller/share/robot_controller/local_setup.dsv
[0.806s] -- Installing: /home/rahul/camera_ws/install/robot_controller/share/robot_controller/package.dsv
[0.806s] -- Installing: /home/rahul/camera_ws/install/robot_controller/share/ament_index/resource_index/packages/robot_controller
[0.806s] -- Installing: /home/rahul/camera_ws/install/robot_controller/share/robot_controller/cmake/robot_controllerConfig.cmake
[0.806s] -- Installing: /home/rahul/camera_ws/install/robot_controller/share/robot_controller/cmake/robot_controllerConfig-version.cmake
[0.806s] -- Installing: /home/rahul/camera_ws/install/robot_controller/share/robot_controller/package.xml
[0.810s] Invoked command in '/home/rahul/camera_ws/build/robot_controller' returned '0': AMENT_PREFIX_PATH=/home/rahul/camera_ws/install/robot_description:${AMENT_PREFIX_PATH} CMAKE_PREFIX_PATH=/home/rahul/camera_ws/install/robot_description:/opt/ros/iron /usr/bin/cmake --install /home/rahul/camera_ws/build/robot_controller
