[0.404s] Invoking command in '/home/rahul/camera_ws/build/robot_description': CMAKE_PREFIX_PATH=/opt/ros/iron /usr/bin/cmake /home/rahul/camera_ws/src/robot_description -DCMAKE_INSTALL_PREFIX=/home/rahul/camera_ws/install/robot_description
[12.691s] -- The C compiler identification is GNU 11.4.0
[14.019s] -- The CXX compiler identification is GNU 11.4.0
[14.239s] -- Detecting C compiler ABI info
[14.550s] -- Detecting C compiler ABI info - done
[14.568s] -- Check for working C compiler: /usr/bin/cc - skipped
[14.568s] -- Detecting C compile features
[14.579s] -- Detecting C compile features - done
[14.594s] -- Detecting CXX compiler ABI info
[14.795s] -- Detecting CXX compiler ABI info - done
[14.802s] -- Check for working CXX compiler: /usr/bin/c++ - skipped
[14.802s] -- Detecting CXX compile features
[14.802s] -- Detecting CXX compile features - done
[15.005s] -- Found ament_cmake: 2.0.7 (/opt/ros/iron/share/ament_cmake/cmake)
[15.581s] -- Found Python3: /usr/bin/python3.10 (found version "3.10.12") found components: Interpreter 
[16.366s] -- Found ament_lint_auto: 0.14.4 (/opt/ros/iron/share/ament_lint_auto/cmake)
[16.676s] -- Added test 'flake8' to check Python code syntax and style conventions
[16.676s] -- Configured 'flake8' exclude dirs and/or files: 
[16.680s] -- Added test 'lint_cmake' to check CMake code style
[16.682s] -- Added test 'pep257' to check Python code against some of the docstring style conventions in PEP 257
[16.688s] -- Added test 'xmllint' to check XML markup files
[16.692s] -- Configuring done
[16.700s] -- Generating done
[16.705s] -- Build files have been written to: /home/rahul/camera_ws/build/robot_description
[16.714s] Invoked command in '/home/rahul/camera_ws/build/robot_description' returned '0': CMAKE_PREFIX_PATH=/opt/ros/iron /usr/bin/cmake /home/rahul/camera_ws/src/robot_description -DCMAKE_INSTALL_PREFIX=/home/rahul/camera_ws/install/robot_description
[16.717s] Invoking command in '/home/rahul/camera_ws/build/robot_description': CMAKE_PREFIX_PATH=/opt/ros/iron /usr/bin/cmake --build /home/rahul/camera_ws/build/robot_description -- -j12 -l12
[16.767s] Invoked command in '/home/rahul/camera_ws/build/robot_description' returned '0': CMAKE_PREFIX_PATH=/opt/ros/iron /usr/bin/cmake --build /home/rahul/camera_ws/build/robot_description -- -j12 -l12
[16.779s] Invoking command in '/home/rahul/camera_ws/build/robot_description': CMAKE_PREFIX_PATH=/opt/ros/iron /usr/bin/cmake --install /home/rahul/camera_ws/build/robot_description
[16.787s] -- Install configuration: ""
[16.787s] -- Installing: /home/rahul/camera_ws/install/robot_description/share/robot_description/launch
[16.787s] -- Installing: /home/rahul/camera_ws/install/robot_description/share/robot_description/launch/display.launch.py
[16.827s] -- Installing: /home/rahul/camera_ws/install/robot_description/share/robot_description/launch/gazebo.launch.py
[16.841s] -- Installing: /home/rahul/camera_ws/install/robot_description/share/robot_description/meshes
[16.842s] -- Installing: /home/rahul/camera_ws/install/robot_description/share/robot_description/meshes/wrist1.stl
[16.854s] -- Installing: /home/rahul/camera_ws/install/robot_description/share/robot_description/meshes/robotiq_85_finger_link.stl
[16.871s] -- Installing: /home/rahul/camera_ws/install/robot_description/share/robot_description/meshes/robotiq_85_base_link.stl
[16.905s] -- Installing: /home/rahul/camera_ws/install/robot_description/share/robot_description/meshes/wrist2.stl
[16.918s] -- Installing: /home/rahul/camera_ws/install/robot_description/share/robot_description/meshes/robotiq_85_knuckle_link.stl
[16.926s] -- Installing: /home/rahul/camera_ws/install/robot_description/share/robot_description/meshes/shoulder.stl
[16.928s] -- Installing: /home/rahul/camera_ws/install/robot_description/share/robot_description/meshes/robotiq_85_finger_tip_link.stl
[16.941s] -- Installing: /home/rahul/camera_ws/install/robot_description/share/robot_description/meshes/wrist3.stl
[16.942s] -- Installing: /home/rahul/camera_ws/install/robot_description/share/robot_description/meshes/upperarm.stl
[16.943s] -- Installing: /home/rahul/camera_ws/install/robot_description/share/robot_description/meshes/base.stl
[16.944s] -- Installing: /home/rahul/camera_ws/install/robot_description/share/robot_description/meshes/forearm.stl
[16.945s] -- Installing: /home/rahul/camera_ws/install/robot_description/share/robot_description/meshes/coupler.stl
[16.960s] -- Installing: /home/rahul/camera_ws/install/robot_description/share/robot_description/meshes/robotiq_85_inner_knuckle_link.stl
[16.968s] -- Installing: /home/rahul/camera_ws/install/robot_description/share/robot_description/urdf
[16.969s] -- Installing: /home/rahul/camera_ws/install/robot_description/share/robot_description/urdf/robot_gazebo.xacro
[16.983s] -- Installing: /home/rahul/camera_ws/install/robot_description/share/robot_description/urdf/robot.urdf.xacro
[16.992s] -- Installing: /home/rahul/camera_ws/install/robot_description/share/robot_description/rviz
[16.992s] -- Installing: /home/rahul/camera_ws/install/robot_description/share/ament_index/resource_index/package_run_dependencies/robot_description
[16.992s] -- Installing: /home/rahul/camera_ws/install/robot_description/share/ament_index/resource_index/parent_prefix_path/robot_description
[16.993s] -- Installing: /home/rahul/camera_ws/install/robot_description/share/robot_description/environment/ament_prefix_path.sh
[16.993s] -- Installing: /home/rahul/camera_ws/install/robot_description/share/robot_description/environment/ament_prefix_path.dsv
[16.993s] -- Installing: /home/rahul/camera_ws/install/robot_description/share/robot_description/environment/path.sh
[16.994s] -- Installing: /home/rahul/camera_ws/install/robot_description/share/robot_description/environment/path.dsv
[16.994s] -- Installing: /home/rahul/camera_ws/install/robot_description/share/robot_description/local_setup.bash
[16.994s] -- Installing: /home/rahul/camera_ws/install/robot_description/share/robot_description/local_setup.sh
[16.995s] -- Installing: /home/rahul/camera_ws/install/robot_description/share/robot_description/local_setup.zsh
[16.995s] -- Installing: /home/rahul/camera_ws/install/robot_description/share/robot_description/local_setup.dsv
[16.995s] -- Installing: /home/rahul/camera_ws/install/robot_description/share/robot_description/package.dsv
[16.996s] -- Installing: /home/rahul/camera_ws/install/robot_description/share/ament_index/resource_index/packages/robot_description
[16.996s] -- Installing: /home/rahul/camera_ws/install/robot_description/share/robot_description/cmake/robot_descriptionConfig.cmake
[16.996s] -- Installing: /home/rahul/camera_ws/install/robot_description/share/robot_description/cmake/robot_descriptionConfig-version.cmake
[16.997s] -- Installing: /home/rahul/camera_ws/install/robot_description/share/robot_description/package.xml
[17.001s] Invoked command in '/home/rahul/camera_ws/build/robot_description' returned '0': CMAKE_PREFIX_PATH=/opt/ros/iron /usr/bin/cmake --install /home/rahul/camera_ws/build/robot_description
