[9.777s] DEBUG:colcon:Command line arguments: ['/usr/bin/colcon', 'build']
[9.778s] DEBUG:colcon:Parsed command line arguments: Namespace(log_base=None, log_level=None, verb_name='build', build_base='build', install_base='install', merge_install=False, symlink_install=False, test_result_base=None, continue_on_error=False, executor='parallel', parallel_workers=12, event_handlers=None, ignore_user_meta=False, metas=['./colcon.meta'], base_paths=['.'], packages_ignore=None, packages_ignore_regex=None, paths=None, packages_up_to=None, packages_up_to_regex=None, packages_above=None, packages_above_and_dependencies=None, packages_above_depth=None, packages_select_by_dep=None, packages_skip_by_dep=None, packages_skip_up_to=None, packages_select_build_failed=False, packages_skip_build_finished=False, packages_select_test_failures=False, packages_skip_test_passed=False, packages_select=None, packages_skip=None, packages_select_regex=None, packages_skip_regex=None, packages_start=None, packages_end=None, allow_overriding=[], cmake_args=None, cmake_target=None, cmake_target_skip_unavailable=False, cmake_clean_cache=False, cmake_clean_first=False, cmake_force_configure=False, ament_cmake_args=None, catkin_cmake_args=None, catkin_skip_building_tests=False, mixin_files=None, mixin=None, verb_parser=<colcon_mixin.mixin.mixin_argument.MixinArgumentDecorator object at 0x758001866ce0>, verb_extension=<colcon_core.verb.build.BuildVerb object at 0x758001866710>, main=<bound method BuildVerb.main of <colcon_core.verb.build.BuildVerb object at 0x758001866710>>, mixin_verb=('build',))
[19.388s] Level 1:colcon.colcon_core.package_discovery:discover_packages(colcon_meta) check parameters
[19.388s] Level 1:colcon.colcon_core.package_discovery:discover_packages(recursive) check parameters
[19.388s] Level 1:colcon.colcon_core.package_discovery:discover_packages(ignore) check parameters
[19.388s] Level 1:colcon.colcon_core.package_discovery:discover_packages(path) check parameters
[19.388s] Level 1:colcon.colcon_core.package_discovery:discover_packages(colcon_meta) discover
[19.388s] Level 1:colcon.colcon_core.package_discovery:discover_packages(recursive) discover
[19.389s] INFO:colcon.colcon_core.package_discovery:Crawling recursively for packages in '/home/rahul/camera_ws'
[19.389s] Level 1:colcon.colcon_core.package_identification:_identify(.) by extensions ['ignore', 'ignore_ament_install']
[19.389s] Level 1:colcon.colcon_core.package_identification:_identify(.) by extension 'ignore'
[19.389s] Level 1:colcon.colcon_core.package_identification:_identify(.) by extension 'ignore_ament_install'
[19.389s] Level 1:colcon.colcon_core.package_identification:_identify(.) by extensions ['colcon_pkg']
[19.389s] Level 1:colcon.colcon_core.package_identification:_identify(.) by extension 'colcon_pkg'
[19.389s] Level 1:colcon.colcon_core.package_identification:_identify(.) by extensions ['colcon_meta']
[19.389s] Level 1:colcon.colcon_core.package_identification:_identify(.) by extension 'colcon_meta'
[19.390s] Level 1:colcon.colcon_core.package_identification:_identify(.) by extensions ['ros']
[19.390s] Level 1:colcon.colcon_core.package_identification:_identify(.) by extension 'ros'
[19.509s] Level 1:colcon.colcon_core.package_identification:_identify(.) by extensions ['cmake', 'python']
[19.509s] Level 1:colcon.colcon_core.package_identification:_identify(.) by extension 'cmake'
[19.509s] Level 1:colcon.colcon_core.package_identification:_identify(.) by extension 'python'
[19.509s] Level 1:colcon.colcon_core.package_identification:_identify(.) by extensions ['python_setup_py']
[19.509s] Level 1:colcon.colcon_core.package_identification:_identify(.) by extension 'python_setup_py'
[19.510s] Level 1:colcon.colcon_core.package_identification:_identify(build) by extensions ['ignore', 'ignore_ament_install']
[19.510s] Level 1:colcon.colcon_core.package_identification:_identify(build) by extension 'ignore'
[19.510s] Level 1:colcon.colcon_core.package_identification:_identify(build) ignored
[19.510s] Level 1:colcon.colcon_core.package_identification:_identify(install) by extensions ['ignore', 'ignore_ament_install']
[19.510s] Level 1:colcon.colcon_core.package_identification:_identify(install) by extension 'ignore'
[19.510s] Level 1:colcon.colcon_core.package_identification:_identify(install) ignored
[19.511s] Level 1:colcon.colcon_core.package_identification:_identify(log) by extensions ['ignore', 'ignore_ament_install']
[19.511s] Level 1:colcon.colcon_core.package_identification:_identify(log) by extension 'ignore'
[19.511s] Level 1:colcon.colcon_core.package_identification:_identify(log) ignored
[19.540s] Level 1:colcon.colcon_core.package_identification:_identify(src) by extensions ['ignore', 'ignore_ament_install']
[19.541s] Level 1:colcon.colcon_core.package_identification:_identify(src) by extension 'ignore'
[19.541s] Level 1:colcon.colcon_core.package_identification:_identify(src) by extension 'ignore_ament_install'
[19.541s] Level 1:colcon.colcon_core.package_identification:_identify(src) by extensions ['colcon_pkg']
[19.541s] Level 1:colcon.colcon_core.package_identification:_identify(src) by extension 'colcon_pkg'
[19.541s] Level 1:colcon.colcon_core.package_identification:_identify(src) by extensions ['colcon_meta']
[19.541s] Level 1:colcon.colcon_core.package_identification:_identify(src) by extension 'colcon_meta'
[19.541s] Level 1:colcon.colcon_core.package_identification:_identify(src) by extensions ['ros']
[19.541s] Level 1:colcon.colcon_core.package_identification:_identify(src) by extension 'ros'
[19.542s] Level 1:colcon.colcon_core.package_identification:_identify(src) by extensions ['cmake', 'python']
[19.542s] Level 1:colcon.colcon_core.package_identification:_identify(src) by extension 'cmake'
[19.542s] Level 1:colcon.colcon_core.package_identification:_identify(src) by extension 'python'
[19.542s] Level 1:colcon.colcon_core.package_identification:_identify(src) by extensions ['python_setup_py']
[19.542s] Level 1:colcon.colcon_core.package_identification:_identify(src) by extension 'python_setup_py'
[19.566s] Level 1:colcon.colcon_core.package_identification:_identify(src/robot_controller) by extensions ['ignore', 'ignore_ament_install']
[19.566s] Level 1:colcon.colcon_core.package_identification:_identify(src/robot_controller) by extension 'ignore'
[19.567s] Level 1:colcon.colcon_core.package_identification:_identify(src/robot_controller) by extension 'ignore_ament_install'
[19.567s] Level 1:colcon.colcon_core.package_identification:_identify(src/robot_controller) by extensions ['colcon_pkg']
[19.567s] Level 1:colcon.colcon_core.package_identification:_identify(src/robot_controller) by extension 'colcon_pkg'
[19.567s] Level 1:colcon.colcon_core.package_identification:_identify(src/robot_controller) by extensions ['colcon_meta']
[19.567s] Level 1:colcon.colcon_core.package_identification:_identify(src/robot_controller) by extension 'colcon_meta'
[19.567s] Level 1:colcon.colcon_core.package_identification:_identify(src/robot_controller) by extensions ['ros']
[19.567s] Level 1:colcon.colcon_core.package_identification:_identify(src/robot_controller) by extension 'ros'
[19.626s] DEBUG:colcon.colcon_core.package_identification:Package 'src/robot_controller' with type 'ros.ament_cmake' and name 'robot_controller'
[19.656s] Level 1:colcon.colcon_core.package_identification:_identify(src/robot_description) by extensions ['ignore', 'ignore_ament_install']
[19.656s] Level 1:colcon.colcon_core.package_identification:_identify(src/robot_description) by extension 'ignore'
[19.656s] Level 1:colcon.colcon_core.package_identification:_identify(src/robot_description) by extension 'ignore_ament_install'
[19.656s] Level 1:colcon.colcon_core.package_identification:_identify(src/robot_description) by extensions ['colcon_pkg']
[19.657s] Level 1:colcon.colcon_core.package_identification:_identify(src/robot_description) by extension 'colcon_pkg'
[19.657s] Level 1:colcon.colcon_core.package_identification:_identify(src/robot_description) by extensions ['colcon_meta']
[19.657s] Level 1:colcon.colcon_core.package_identification:_identify(src/robot_description) by extension 'colcon_meta'
[19.657s] Level 1:colcon.colcon_core.package_identification:_identify(src/robot_description) by extensions ['ros']
[19.657s] Level 1:colcon.colcon_core.package_identification:_identify(src/robot_description) by extension 'ros'
[19.679s] DEBUG:colcon.colcon_core.package_identification:Package 'src/robot_description' with type 'ros.ament_cmake' and name 'robot_description'
[19.723s] Level 1:colcon.colcon_core.package_identification:_identify(src/robot_moveit) by extensions ['ignore', 'ignore_ament_install']
[19.724s] Level 1:colcon.colcon_core.package_identification:_identify(src/robot_moveit) by extension 'ignore'
[19.724s] Level 1:colcon.colcon_core.package_identification:_identify(src/robot_moveit) by extension 'ignore_ament_install'
[19.724s] Level 1:colcon.colcon_core.package_identification:_identify(src/robot_moveit) by extensions ['colcon_pkg']
[19.724s] Level 1:colcon.colcon_core.package_identification:_identify(src/robot_moveit) by extension 'colcon_pkg'
[19.724s] Level 1:colcon.colcon_core.package_identification:_identify(src/robot_moveit) by extensions ['colcon_meta']
[19.724s] Level 1:colcon.colcon_core.package_identification:_identify(src/robot_moveit) by extension 'colcon_meta'
[19.724s] Level 1:colcon.colcon_core.package_identification:_identify(src/robot_moveit) by extensions ['ros']
[19.724s] Level 1:colcon.colcon_core.package_identification:_identify(src/robot_moveit) by extension 'ros'
[19.737s] DEBUG:colcon.colcon_core.package_identification:Package 'src/robot_moveit' with type 'ros.ament_cmake' and name 'robot_moveit'
[19.737s] Level 1:colcon.colcon_core.package_discovery:discover_packages(recursive) using defaults
[19.737s] Level 1:colcon.colcon_core.package_discovery:discover_packages(ignore) discover
[19.737s] Level 1:colcon.colcon_core.package_discovery:discover_packages(ignore) using defaults
[19.737s] Level 1:colcon.colcon_core.package_discovery:discover_packages(path) discover
[19.737s] Level 1:colcon.colcon_core.package_discovery:discover_packages(path) using defaults
[20.227s] Level 1:colcon.colcon_core.package_discovery:discover_packages(prefix_path) check parameters
[20.227s] Level 1:colcon.colcon_core.package_discovery:discover_packages(prefix_path) discover
[20.244s] DEBUG:colcon.colcon_installed_package_information.package_discovery:Found 414 installed packages in /opt/ros/iron
[20.250s] Level 1:colcon.colcon_core.package_discovery:discover_packages(prefix_path) using defaults
[20.414s] Level 5:colcon.colcon_core.verb:set package 'robot_description' build argument 'cmake_args' from command line to 'None'
[20.414s] Level 5:colcon.colcon_core.verb:set package 'robot_description' build argument 'cmake_target' from command line to 'None'
[20.414s] Level 5:colcon.colcon_core.verb:set package 'robot_description' build argument 'cmake_target_skip_unavailable' from command line to 'False'
[20.414s] Level 5:colcon.colcon_core.verb:set package 'robot_description' build argument 'cmake_clean_cache' from command line to 'False'
[20.414s] Level 5:colcon.colcon_core.verb:set package 'robot_description' build argument 'cmake_clean_first' from command line to 'False'
[20.414s] Level 5:colcon.colcon_core.verb:set package 'robot_description' build argument 'cmake_force_configure' from command line to 'False'
[20.414s] Level 5:colcon.colcon_core.verb:set package 'robot_description' build argument 'ament_cmake_args' from command line to 'None'
[20.414s] Level 5:colcon.colcon_core.verb:set package 'robot_description' build argument 'catkin_cmake_args' from command line to 'None'
[20.414s] Level 5:colcon.colcon_core.verb:set package 'robot_description' build argument 'catkin_skip_building_tests' from command line to 'False'
[20.414s] DEBUG:colcon.colcon_core.verb:Building package 'robot_description' with the following arguments: {'ament_cmake_args': None, 'build_base': '/home/rahul/camera_ws/build/robot_description', 'catkin_cmake_args': None, 'catkin_skip_building_tests': False, 'cmake_args': None, 'cmake_clean_cache': False, 'cmake_clean_first': False, 'cmake_force_configure': False, 'cmake_target': None, 'cmake_target_skip_unavailable': False, 'install_base': '/home/rahul/camera_ws/install/robot_description', 'merge_install': False, 'path': '/home/rahul/camera_ws/src/robot_description', 'symlink_install': False, 'test_result_base': None}
[20.415s] Level 5:colcon.colcon_core.verb:set package 'robot_controller' build argument 'cmake_args' from command line to 'None'
[20.415s] Level 5:colcon.colcon_core.verb:set package 'robot_controller' build argument 'cmake_target' from command line to 'None'
[20.415s] Level 5:colcon.colcon_core.verb:set package 'robot_controller' build argument 'cmake_target_skip_unavailable' from command line to 'False'
[20.415s] Level 5:colcon.colcon_core.verb:set package 'robot_controller' build argument 'cmake_clean_cache' from command line to 'False'
[20.415s] Level 5:colcon.colcon_core.verb:set package 'robot_controller' build argument 'cmake_clean_first' from command line to 'False'
[20.415s] Level 5:colcon.colcon_core.verb:set package 'robot_controller' build argument 'cmake_force_configure' from command line to 'False'
[20.415s] Level 5:colcon.colcon_core.verb:set package 'robot_controller' build argument 'ament_cmake_args' from command line to 'None'
[20.415s] Level 5:colcon.colcon_core.verb:set package 'robot_controller' build argument 'catkin_cmake_args' from command line to 'None'
[20.415s] Level 5:colcon.colcon_core.verb:set package 'robot_controller' build argument 'catkin_skip_building_tests' from command line to 'False'
[20.415s] DEBUG:colcon.colcon_core.verb:Building package 'robot_controller' with the following arguments: {'ament_cmake_args': None, 'build_base': '/home/rahul/camera_ws/build/robot_controller', 'catkin_cmake_args': None, 'catkin_skip_building_tests': False, 'cmake_args': None, 'cmake_clean_cache': False, 'cmake_clean_first': False, 'cmake_force_configure': False, 'cmake_target': None, 'cmake_target_skip_unavailable': False, 'install_base': '/home/rahul/camera_ws/install/robot_controller', 'merge_install': False, 'path': '/home/rahul/camera_ws/src/robot_controller', 'symlink_install': False, 'test_result_base': None}
[20.415s] Level 5:colcon.colcon_core.verb:set package 'robot_moveit' build argument 'cmake_args' from command line to 'None'
[20.415s] Level 5:colcon.colcon_core.verb:set package 'robot_moveit' build argument 'cmake_target' from command line to 'None'
[20.415s] Level 5:colcon.colcon_core.verb:set package 'robot_moveit' build argument 'cmake_target_skip_unavailable' from command line to 'False'
[20.415s] Level 5:colcon.colcon_core.verb:set package 'robot_moveit' build argument 'cmake_clean_cache' from command line to 'False'
[20.415s] Level 5:colcon.colcon_core.verb:set package 'robot_moveit' build argument 'cmake_clean_first' from command line to 'False'
[20.415s] Level 5:colcon.colcon_core.verb:set package 'robot_moveit' build argument 'cmake_force_configure' from command line to 'False'
[20.415s] Level 5:colcon.colcon_core.verb:set package 'robot_moveit' build argument 'ament_cmake_args' from command line to 'None'
[20.415s] Level 5:colcon.colcon_core.verb:set package 'robot_moveit' build argument 'catkin_cmake_args' from command line to 'None'
[20.415s] Level 5:colcon.colcon_core.verb:set package 'robot_moveit' build argument 'catkin_skip_building_tests' from command line to 'False'
[20.415s] DEBUG:colcon.colcon_core.verb:Building package 'robot_moveit' with the following arguments: {'ament_cmake_args': None, 'build_base': '/home/rahul/camera_ws/build/robot_moveit', 'catkin_cmake_args': None, 'catkin_skip_building_tests': False, 'cmake_args': None, 'cmake_clean_cache': False, 'cmake_clean_first': False, 'cmake_force_configure': False, 'cmake_target': None, 'cmake_target_skip_unavailable': False, 'install_base': '/home/rahul/camera_ws/install/robot_moveit', 'merge_install': False, 'path': '/home/rahul/camera_ws/src/robot_moveit', 'symlink_install': False, 'test_result_base': None}
[20.415s] INFO:colcon.colcon_core.executor:Executing jobs using 'parallel' executor
[20.416s] DEBUG:colcon.colcon_parallel_executor.executor.parallel:run_until_complete
[20.417s] INFO:colcon.colcon_ros.task.ament_cmake.build:Building ROS package in '/home/rahul/camera_ws/src/robot_description' with build type 'ament_cmake'
[20.417s] INFO:colcon.colcon_cmake.task.cmake.build:Building CMake package in '/home/rahul/camera_ws/src/robot_description'
[20.526s] INFO:colcon.colcon_core.plugin_system:Skipping extension 'colcon_core.shell.bat': Not used on non-Windows systems
[20.527s] INFO:colcon.colcon_core.shell:Skip shell extension 'powershell' for command environment: Not usable outside of PowerShell
[20.527s] DEBUG:colcon.colcon_core.shell:Skip shell extension 'dsv' for command environment
[20.730s] DEBUG:colcon.colcon_core.event_handler.log_command:Invoking command in '/home/rahul/camera_ws/build/robot_description': CMAKE_PREFIX_PATH=/opt/ros/iron /usr/bin/cmake --build /home/rahul/camera_ws/build/robot_description -- -j12 -l12
[24.106s] DEBUG:colcon.colcon_core.event_handler.log_command:Invoked command in '/home/rahul/camera_ws/build/robot_description' returned '0': CMAKE_PREFIX_PATH=/opt/ros/iron /usr/bin/cmake --build /home/rahul/camera_ws/build/robot_description -- -j12 -l12
[24.138s] DEBUG:colcon.colcon_core.event_handler.log_command:Invoking command in '/home/rahul/camera_ws/build/robot_description': CMAKE_PREFIX_PATH=/opt/ros/iron /usr/bin/cmake --install /home/rahul/camera_ws/build/robot_description
[24.280s] Level 1:colcon.colcon_core.environment:create_environment_scripts_only(robot_description)
[24.281s] DEBUG:colcon.colcon_core.event_handler.log_command:Invoked command in '/home/rahul/camera_ws/build/robot_description' returned '0': CMAKE_PREFIX_PATH=/opt/ros/iron /usr/bin/cmake --install /home/rahul/camera_ws/build/robot_description
[24.449s] Level 1:colcon.colcon_core.environment:checking '/home/rahul/camera_ws/install/robot_description' for CMake module files
[24.450s] Level 1:colcon.colcon_core.environment:checking '/home/rahul/camera_ws/install/robot_description' for CMake config files
[24.478s] Level 1:colcon.colcon_core.shell:create_environment_hook('robot_description', 'cmake_prefix_path')
[24.479s] INFO:colcon.colcon_core.shell:Creating environment hook '/home/rahul/camera_ws/install/robot_description/share/robot_description/hook/cmake_prefix_path.ps1'
[24.517s] INFO:colcon.colcon_core.shell:Creating environment descriptor '/home/rahul/camera_ws/install/robot_description/share/robot_description/hook/cmake_prefix_path.dsv'
[24.530s] INFO:colcon.colcon_core.shell:Creating environment hook '/home/rahul/camera_ws/install/robot_description/share/robot_description/hook/cmake_prefix_path.sh'
[24.537s] Level 1:colcon.colcon_core.environment:checking '/home/rahul/camera_ws/install/robot_description/bin'
[24.537s] Level 1:colcon.colcon_core.environment:checking '/home/rahul/camera_ws/install/robot_description/lib/pkgconfig/robot_description.pc'
[24.538s] Level 1:colcon.colcon_core.environment:checking '/home/rahul/camera_ws/install/robot_description/lib/python3.10/site-packages'
[24.538s] Level 1:colcon.colcon_core.environment:checking '/home/rahul/camera_ws/install/robot_description/bin'
[24.539s] INFO:colcon.colcon_core.shell:Creating package script '/home/rahul/camera_ws/install/robot_description/share/robot_description/package.ps1'
[24.558s] INFO:colcon.colcon_core.shell:Creating package descriptor '/home/rahul/camera_ws/install/robot_description/share/robot_description/package.dsv'
[24.560s] INFO:colcon.colcon_core.shell:Creating package script '/home/rahul/camera_ws/install/robot_description/share/robot_description/package.sh'
[24.564s] INFO:colcon.colcon_core.shell:Creating package script '/home/rahul/camera_ws/install/robot_description/share/robot_description/package.bash'
[24.589s] INFO:colcon.colcon_core.shell:Creating package script '/home/rahul/camera_ws/install/robot_description/share/robot_description/package.zsh'
[24.628s] Level 1:colcon.colcon_core.environment:create_file_with_runtime_dependencies(/home/rahul/camera_ws/install/robot_description/share/colcon-core/packages/robot_description)
[24.629s] Level 1:colcon.colcon_core.environment:create_environment_scripts_only(robot_description)
[24.630s] Level 1:colcon.colcon_core.environment:checking '/home/rahul/camera_ws/install/robot_description' for CMake module files
[24.630s] Level 1:colcon.colcon_core.environment:checking '/home/rahul/camera_ws/install/robot_description' for CMake config files
[24.631s] Level 1:colcon.colcon_core.shell:create_environment_hook('robot_description', 'cmake_prefix_path')
[24.631s] INFO:colcon.colcon_core.shell:Creating environment hook '/home/rahul/camera_ws/install/robot_description/share/robot_description/hook/cmake_prefix_path.ps1'
[24.632s] INFO:colcon.colcon_core.shell:Creating environment descriptor '/home/rahul/camera_ws/install/robot_description/share/robot_description/hook/cmake_prefix_path.dsv'
[24.633s] INFO:colcon.colcon_core.shell:Creating environment hook '/home/rahul/camera_ws/install/robot_description/share/robot_description/hook/cmake_prefix_path.sh'
[24.634s] Level 1:colcon.colcon_core.environment:checking '/home/rahul/camera_ws/install/robot_description/bin'
[24.634s] Level 1:colcon.colcon_core.environment:checking '/home/rahul/camera_ws/install/robot_description/lib/pkgconfig/robot_description.pc'
[24.635s] Level 1:colcon.colcon_core.environment:checking '/home/rahul/camera_ws/install/robot_description/lib/python3.10/site-packages'
[24.635s] Level 1:colcon.colcon_core.environment:checking '/home/rahul/camera_ws/install/robot_description/bin'
[24.636s] INFO:colcon.colcon_core.shell:Creating package script '/home/rahul/camera_ws/install/robot_description/share/robot_description/package.ps1'
[24.637s] INFO:colcon.colcon_core.shell:Creating package descriptor '/home/rahul/camera_ws/install/robot_description/share/robot_description/package.dsv'
[24.638s] INFO:colcon.colcon_core.shell:Creating package script '/home/rahul/camera_ws/install/robot_description/share/robot_description/package.sh'
[24.638s] INFO:colcon.colcon_core.shell:Creating package script '/home/rahul/camera_ws/install/robot_description/share/robot_description/package.bash'
[24.639s] INFO:colcon.colcon_core.shell:Creating package script '/home/rahul/camera_ws/install/robot_description/share/robot_description/package.zsh'
[24.640s] Level 1:colcon.colcon_core.environment:create_file_with_runtime_dependencies(/home/rahul/camera_ws/install/robot_description/share/colcon-core/packages/robot_description)
[24.641s] INFO:colcon.colcon_ros.task.ament_cmake.build:Building ROS package in '/home/rahul/camera_ws/src/robot_controller' with build type 'ament_cmake'
[24.641s] INFO:colcon.colcon_cmake.task.cmake.build:Building CMake package in '/home/rahul/camera_ws/src/robot_controller'
[24.642s] INFO:colcon.colcon_core.shell:Skip shell extension 'powershell' for command environment: Not usable outside of PowerShell
[24.642s] DEBUG:colcon.colcon_core.shell:Skip shell extension 'dsv' for command environment
[24.650s] INFO:colcon.colcon_ros.task.ament_cmake.build:Building ROS package in '/home/rahul/camera_ws/src/robot_moveit' with build type 'ament_cmake'
[24.650s] INFO:colcon.colcon_cmake.task.cmake.build:Building CMake package in '/home/rahul/camera_ws/src/robot_moveit'
[24.651s] INFO:colcon.colcon_core.shell:Skip shell extension 'powershell' for command environment: Not usable outside of PowerShell
[24.651s] DEBUG:colcon.colcon_core.shell:Skip shell extension 'dsv' for command environment
[24.723s] DEBUG:colcon.colcon_core.event_handler.log_command:Invoking command in '/home/rahul/camera_ws/build/robot_controller': AMENT_PREFIX_PATH=/home/rahul/camera_ws/install/robot_description:${AMENT_PREFIX_PATH} CMAKE_PREFIX_PATH=/home/rahul/camera_ws/install/robot_description:/opt/ros/iron /usr/bin/cmake --build /home/rahul/camera_ws/build/robot_controller -- -j12 -l12
[24.730s] DEBUG:colcon.colcon_core.event_handler.log_command:Invoking command in '/home/rahul/camera_ws/build/robot_moveit': AMENT_PREFIX_PATH=/home/rahul/camera_ws/install/robot_description:${AMENT_PREFIX_PATH} CMAKE_PREFIX_PATH=/home/rahul/camera_ws/install/robot_description:/opt/ros/iron /usr/bin/cmake --build /home/rahul/camera_ws/build/robot_moveit -- -j12 -l12
[25.094s] DEBUG:colcon.colcon_core.event_handler.log_command:Invoked command in '/home/rahul/camera_ws/build/robot_controller' returned '0': AMENT_PREFIX_PATH=/home/rahul/camera_ws/install/robot_description:${AMENT_PREFIX_PATH} CMAKE_PREFIX_PATH=/home/rahul/camera_ws/install/robot_description:/opt/ros/iron /usr/bin/cmake --build /home/rahul/camera_ws/build/robot_controller -- -j12 -l12
[25.174s] DEBUG:colcon.colcon_core.event_handler.log_command:Invoking command in '/home/rahul/camera_ws/build/robot_controller': AMENT_PREFIX_PATH=/home/rahul/camera_ws/install/robot_description:${AMENT_PREFIX_PATH} CMAKE_PREFIX_PATH=/home/rahul/camera_ws/install/robot_description:/opt/ros/iron /usr/bin/cmake --install /home/rahul/camera_ws/build/robot_controller
[25.407s] Level 1:colcon.colcon_core.environment:create_environment_scripts_only(robot_controller)
[25.408s] DEBUG:colcon.colcon_core.event_handler.log_command:Invoked command in '/home/rahul/camera_ws/build/robot_controller' returned '0': AMENT_PREFIX_PATH=/home/rahul/camera_ws/install/robot_description:${AMENT_PREFIX_PATH} CMAKE_PREFIX_PATH=/home/rahul/camera_ws/install/robot_description:/opt/ros/iron /usr/bin/cmake --install /home/rahul/camera_ws/build/robot_controller
[25.408s] Level 1:colcon.colcon_core.environment:checking '/home/rahul/camera_ws/install/robot_controller' for CMake module files
[25.409s] Level 1:colcon.colcon_core.environment:checking '/home/rahul/camera_ws/install/robot_controller' for CMake config files
[25.463s] Level 1:colcon.colcon_core.shell:create_environment_hook('robot_controller', 'cmake_prefix_path')
[25.463s] INFO:colcon.colcon_core.shell:Creating environment hook '/home/rahul/camera_ws/install/robot_controller/share/robot_controller/hook/cmake_prefix_path.ps1'
[25.464s] INFO:colcon.colcon_core.shell:Creating environment descriptor '/home/rahul/camera_ws/install/robot_controller/share/robot_controller/hook/cmake_prefix_path.dsv'
[25.465s] INFO:colcon.colcon_core.shell:Creating environment hook '/home/rahul/camera_ws/install/robot_controller/share/robot_controller/hook/cmake_prefix_path.sh'
[25.466s] Level 1:colcon.colcon_core.environment:checking '/home/rahul/camera_ws/install/robot_controller/bin'
[25.466s] Level 1:colcon.colcon_core.environment:checking '/home/rahul/camera_ws/install/robot_controller/lib/pkgconfig/robot_controller.pc'
[25.467s] Level 1:colcon.colcon_core.environment:checking '/home/rahul/camera_ws/install/robot_controller/lib/python3.10/site-packages'
[25.467s] Level 1:colcon.colcon_core.environment:checking '/home/rahul/camera_ws/install/robot_controller/bin'
[25.468s] INFO:colcon.colcon_core.shell:Creating package script '/home/rahul/camera_ws/install/robot_controller/share/robot_controller/package.ps1'
[25.468s] INFO:colcon.colcon_core.shell:Creating package descriptor '/home/rahul/camera_ws/install/robot_controller/share/robot_controller/package.dsv'
[25.469s] INFO:colcon.colcon_core.shell:Creating package script '/home/rahul/camera_ws/install/robot_controller/share/robot_controller/package.sh'
[25.470s] INFO:colcon.colcon_core.shell:Creating package script '/home/rahul/camera_ws/install/robot_controller/share/robot_controller/package.bash'
[25.471s] INFO:colcon.colcon_core.shell:Creating package script '/home/rahul/camera_ws/install/robot_controller/share/robot_controller/package.zsh'
[25.471s] Level 1:colcon.colcon_core.environment:create_file_with_runtime_dependencies(/home/rahul/camera_ws/install/robot_controller/share/colcon-core/packages/robot_controller)
[25.473s] Level 1:colcon.colcon_core.environment:create_environment_scripts_only(robot_controller)
[25.473s] Level 1:colcon.colcon_core.environment:checking '/home/rahul/camera_ws/install/robot_controller' for CMake module files
[25.474s] Level 1:colcon.colcon_core.environment:checking '/home/rahul/camera_ws/install/robot_controller' for CMake config files
[25.475s] Level 1:colcon.colcon_core.shell:create_environment_hook('robot_controller', 'cmake_prefix_path')
[25.475s] INFO:colcon.colcon_core.shell:Creating environment hook '/home/rahul/camera_ws/install/robot_controller/share/robot_controller/hook/cmake_prefix_path.ps1'
[25.476s] INFO:colcon.colcon_core.shell:Creating environment descriptor '/home/rahul/camera_ws/install/robot_controller/share/robot_controller/hook/cmake_prefix_path.dsv'
[25.477s] INFO:colcon.colcon_core.shell:Creating environment hook '/home/rahul/camera_ws/install/robot_controller/share/robot_controller/hook/cmake_prefix_path.sh'
[25.478s] Level 1:colcon.colcon_core.environment:checking '/home/rahul/camera_ws/install/robot_controller/bin'
[25.478s] Level 1:colcon.colcon_core.environment:checking '/home/rahul/camera_ws/install/robot_controller/lib/pkgconfig/robot_controller.pc'
[25.478s] Level 1:colcon.colcon_core.environment:checking '/home/rahul/camera_ws/install/robot_controller/lib/python3.10/site-packages'
[25.479s] Level 1:colcon.colcon_core.environment:checking '/home/rahul/camera_ws/install/robot_controller/bin'
[25.479s] INFO:colcon.colcon_core.shell:Creating package script '/home/rahul/camera_ws/install/robot_controller/share/robot_controller/package.ps1'
[25.480s] INFO:colcon.colcon_core.shell:Creating package descriptor '/home/rahul/camera_ws/install/robot_controller/share/robot_controller/package.dsv'
[25.481s] INFO:colcon.colcon_core.shell:Creating package script '/home/rahul/camera_ws/install/robot_controller/share/robot_controller/package.sh'
[25.482s] INFO:colcon.colcon_core.shell:Creating package script '/home/rahul/camera_ws/install/robot_controller/share/robot_controller/package.bash'
[25.483s] INFO:colcon.colcon_core.shell:Creating package script '/home/rahul/camera_ws/install/robot_controller/share/robot_controller/package.zsh'
[25.484s] Level 1:colcon.colcon_core.environment:create_file_with_runtime_dependencies(/home/rahul/camera_ws/install/robot_controller/share/colcon-core/packages/robot_controller)
[26.855s] DEBUG:colcon.colcon_core.event_handler.log_command:Invoked command in '/home/rahul/camera_ws/build/robot_moveit' returned '0': AMENT_PREFIX_PATH=/home/rahul/camera_ws/install/robot_description:${AMENT_PREFIX_PATH} CMAKE_PREFIX_PATH=/home/rahul/camera_ws/install/robot_description:/opt/ros/iron /usr/bin/cmake --build /home/rahul/camera_ws/build/robot_moveit -- -j12 -l12
[26.879s] DEBUG:colcon.colcon_core.event_handler.log_command:Invoking command in '/home/rahul/camera_ws/build/robot_moveit': AMENT_PREFIX_PATH=/home/rahul/camera_ws/install/robot_description:${AMENT_PREFIX_PATH} CMAKE_PREFIX_PATH=/home/rahul/camera_ws/install/robot_description:/opt/ros/iron /usr/bin/cmake --install /home/rahul/camera_ws/build/robot_moveit
[27.009s] Level 1:colcon.colcon_core.environment:create_environment_scripts_only(robot_moveit)
[27.010s] Level 1:colcon.colcon_core.environment:checking '/home/rahul/camera_ws/install/robot_moveit' for CMake module files
[27.011s] DEBUG:colcon.colcon_core.event_handler.log_command:Invoked command in '/home/rahul/camera_ws/build/robot_moveit' returned '0': AMENT_PREFIX_PATH=/home/rahul/camera_ws/install/robot_description:${AMENT_PREFIX_PATH} CMAKE_PREFIX_PATH=/home/rahul/camera_ws/install/robot_description:/opt/ros/iron /usr/bin/cmake --install /home/rahul/camera_ws/build/robot_moveit
[27.011s] Level 1:colcon.colcon_core.environment:checking '/home/rahul/camera_ws/install/robot_moveit' for CMake config files
[27.012s] Level 1:colcon.colcon_core.shell:create_environment_hook('robot_moveit', 'cmake_prefix_path')
[27.013s] INFO:colcon.colcon_core.shell:Creating environment hook '/home/rahul/camera_ws/install/robot_moveit/share/robot_moveit/hook/cmake_prefix_path.ps1'
[27.013s] INFO:colcon.colcon_core.shell:Creating environment descriptor '/home/rahul/camera_ws/install/robot_moveit/share/robot_moveit/hook/cmake_prefix_path.dsv'
[27.013s] INFO:colcon.colcon_core.shell:Creating environment hook '/home/rahul/camera_ws/install/robot_moveit/share/robot_moveit/hook/cmake_prefix_path.sh'
[27.014s] Level 1:colcon.colcon_core.environment:checking '/home/rahul/camera_ws/install/robot_moveit/lib'
[27.014s] Level 1:colcon.colcon_core.environment:checking '/home/rahul/camera_ws/install/robot_moveit/bin'
[27.014s] Level 1:colcon.colcon_core.environment:checking '/home/rahul/camera_ws/install/robot_moveit/lib/pkgconfig/robot_moveit.pc'
[27.014s] Level 1:colcon.colcon_core.environment:checking '/home/rahul/camera_ws/install/robot_moveit/lib/python3.10/site-packages'
[27.014s] Level 1:colcon.colcon_core.shell:create_environment_hook('robot_moveit', 'pythonpath')
[27.014s] INFO:colcon.colcon_core.shell:Creating environment hook '/home/rahul/camera_ws/install/robot_moveit/share/robot_moveit/hook/pythonpath.ps1'
[27.015s] INFO:colcon.colcon_core.shell:Creating environment descriptor '/home/rahul/camera_ws/install/robot_moveit/share/robot_moveit/hook/pythonpath.dsv'
[27.015s] INFO:colcon.colcon_core.shell:Creating environment hook '/home/rahul/camera_ws/install/robot_moveit/share/robot_moveit/hook/pythonpath.sh'
[27.016s] Level 1:colcon.colcon_core.environment:checking '/home/rahul/camera_ws/install/robot_moveit/bin'
[27.016s] INFO:colcon.colcon_core.shell:Creating package script '/home/rahul/camera_ws/install/robot_moveit/share/robot_moveit/package.ps1'
[27.016s] INFO:colcon.colcon_core.shell:Creating package descriptor '/home/rahul/camera_ws/install/robot_moveit/share/robot_moveit/package.dsv'
[27.016s] INFO:colcon.colcon_core.shell:Creating package script '/home/rahul/camera_ws/install/robot_moveit/share/robot_moveit/package.sh'
[27.017s] INFO:colcon.colcon_core.shell:Creating package script '/home/rahul/camera_ws/install/robot_moveit/share/robot_moveit/package.bash'
[27.017s] INFO:colcon.colcon_core.shell:Creating package script '/home/rahul/camera_ws/install/robot_moveit/share/robot_moveit/package.zsh'
[27.017s] Level 1:colcon.colcon_core.environment:create_file_with_runtime_dependencies(/home/rahul/camera_ws/install/robot_moveit/share/colcon-core/packages/robot_moveit)
[27.018s] Level 1:colcon.colcon_core.environment:create_environment_scripts_only(robot_moveit)
[27.018s] Level 1:colcon.colcon_core.environment:checking '/home/rahul/camera_ws/install/robot_moveit' for CMake module files
[27.018s] Level 1:colcon.colcon_core.environment:checking '/home/rahul/camera_ws/install/robot_moveit' for CMake config files
[27.019s] Level 1:colcon.colcon_core.shell:create_environment_hook('robot_moveit', 'cmake_prefix_path')
[27.019s] INFO:colcon.colcon_core.shell:Creating environment hook '/home/rahul/camera_ws/install/robot_moveit/share/robot_moveit/hook/cmake_prefix_path.ps1'
[27.019s] INFO:colcon.colcon_core.shell:Creating environment descriptor '/home/rahul/camera_ws/install/robot_moveit/share/robot_moveit/hook/cmake_prefix_path.dsv'
[27.019s] INFO:colcon.colcon_core.shell:Creating environment hook '/home/rahul/camera_ws/install/robot_moveit/share/robot_moveit/hook/cmake_prefix_path.sh'
[27.020s] Level 1:colcon.colcon_core.environment:checking '/home/rahul/camera_ws/install/robot_moveit/lib'
[27.020s] Level 1:colcon.colcon_core.environment:checking '/home/rahul/camera_ws/install/robot_moveit/bin'
[27.020s] Level 1:colcon.colcon_core.environment:checking '/home/rahul/camera_ws/install/robot_moveit/lib/pkgconfig/robot_moveit.pc'
[27.020s] Level 1:colcon.colcon_core.environment:checking '/home/rahul/camera_ws/install/robot_moveit/lib/python3.10/site-packages'
[27.020s] Level 1:colcon.colcon_core.shell:create_environment_hook('robot_moveit', 'pythonpath')
[27.020s] INFO:colcon.colcon_core.shell:Creating environment hook '/home/rahul/camera_ws/install/robot_moveit/share/robot_moveit/hook/pythonpath.ps1'
[27.020s] INFO:colcon.colcon_core.shell:Creating environment descriptor '/home/rahul/camera_ws/install/robot_moveit/share/robot_moveit/hook/pythonpath.dsv'
[27.021s] INFO:colcon.colcon_core.shell:Creating environment hook '/home/rahul/camera_ws/install/robot_moveit/share/robot_moveit/hook/pythonpath.sh'
[27.021s] Level 1:colcon.colcon_core.environment:checking '/home/rahul/camera_ws/install/robot_moveit/bin'
[27.021s] INFO:colcon.colcon_core.shell:Creating package script '/home/rahul/camera_ws/install/robot_moveit/share/robot_moveit/package.ps1'
[27.022s] INFO:colcon.colcon_core.shell:Creating package descriptor '/home/rahul/camera_ws/install/robot_moveit/share/robot_moveit/package.dsv'
[27.022s] INFO:colcon.colcon_core.shell:Creating package script '/home/rahul/camera_ws/install/robot_moveit/share/robot_moveit/package.sh'
[27.023s] INFO:colcon.colcon_core.shell:Creating package script '/home/rahul/camera_ws/install/robot_moveit/share/robot_moveit/package.bash'
[27.023s] INFO:colcon.colcon_core.shell:Creating package script '/home/rahul/camera_ws/install/robot_moveit/share/robot_moveit/package.zsh'
[27.023s] Level 1:colcon.colcon_core.environment:create_file_with_runtime_dependencies(/home/rahul/camera_ws/install/robot_moveit/share/colcon-core/packages/robot_moveit)
[27.024s] DEBUG:colcon.colcon_parallel_executor.executor.parallel:closing loop
[27.024s] DEBUG:colcon.colcon_parallel_executor.executor.parallel:loop closed
[27.024s] DEBUG:colcon.colcon_parallel_executor.executor.parallel:run_until_complete finished with '0'
[27.024s] DEBUG:colcon.colcon_core.event_reactor:joining thread
[27.050s] INFO:colcon.colcon_core.plugin_system:Skipping extension 'colcon_notification.desktop_notification.terminal_notifier': Not used on non-Darwin systems
[27.050s] INFO:colcon.colcon_core.plugin_system:Skipping extension 'colcon_notification.desktop_notification.win32': Not used on non-Windows systems
[27.050s] INFO:colcon.colcon_notification.desktop_notification:Sending desktop notification using 'notify2'
[27.097s] DEBUG:colcon.colcon_core.event_reactor:joined thread
[27.098s] INFO:colcon.colcon_core.shell:Creating prefix script '/home/rahul/camera_ws/install/local_setup.ps1'
[27.101s] INFO:colcon.colcon_core.shell:Creating prefix util module '/home/rahul/camera_ws/install/_local_setup_util_ps1.py'
[27.104s] INFO:colcon.colcon_core.shell:Creating prefix chain script '/home/rahul/camera_ws/install/setup.ps1'
[27.106s] INFO:colcon.colcon_core.shell:Creating prefix script '/home/rahul/camera_ws/install/local_setup.sh'
[27.109s] INFO:colcon.colcon_core.shell:Creating prefix util module '/home/rahul/camera_ws/install/_local_setup_util_sh.py'
[27.109s] INFO:colcon.colcon_core.shell:Creating prefix chain script '/home/rahul/camera_ws/install/setup.sh'
[27.111s] INFO:colcon.colcon_core.shell:Creating prefix script '/home/rahul/camera_ws/install/local_setup.bash'
[27.111s] INFO:colcon.colcon_core.shell:Creating prefix chain script '/home/rahul/camera_ws/install/setup.bash'
[27.113s] INFO:colcon.colcon_core.shell:Creating prefix script '/home/rahul/camera_ws/install/local_setup.zsh'
[27.121s] INFO:colcon.colcon_core.shell:Creating prefix chain script '/home/rahul/camera_ws/install/setup.zsh'
