[0.103s] Invoking command in '/home/rahul/camera_ws/build/robot_description': CMAKE_PREFIX_PATH=/opt/ros/iron /usr/bin/cmake --build /home/rahul/camera_ws/build/robot_description -- -j12 -l12
[1.166s] Invoked command in '/home/rahul/camera_ws/build/robot_description' returned '0': CMAKE_PREFIX_PATH=/opt/ros/iron /usr/bin/cmake --build /home/rahul/camera_ws/build/robot_description -- -j12 -l12
[1.196s] Invoking command in '/home/rahul/camera_ws/build/robot_description': CMAKE_PREFIX_PATH=/opt/ros/iron /usr/bin/cmake --install /home/rahul/camera_ws/build/robot_description
[1.219s] -- Install configuration: ""
[1.219s] -- Up-to-date: /home/rahul/camera_ws/install/robot_description/share/robot_description/launch
[1.219s] -- Up-to-date: /home/rahul/camera_ws/install/robot_description/share/robot_description/launch/display.launch.py
[1.219s] -- Up-to-date: /home/rahul/camera_ws/install/robot_description/share/robot_description/launch/gazebo.launch.py
[1.219s] -- Up-to-date: /home/rahul/camera_ws/install/robot_description/share/robot_description/meshes
[1.219s] -- Up-to-date: /home/rahul/camera_ws/install/robot_description/share/robot_description/meshes/wrist1.stl
[1.220s] -- Up-to-date: /home/rahul/camera_ws/install/robot_description/share/robot_description/meshes/robotiq_85_finger_link.stl
[1.220s] -- Up-to-date: /home/rahul/camera_ws/install/robot_description/share/robot_description/meshes/robotiq_85_base_link.stl
[1.220s] -- Up-to-date: /home/rahul/camera_ws/install/robot_description/share/robot_description/meshes/wrist2.stl
[1.220s] -- Up-to-date: /home/rahul/camera_ws/install/robot_description/share/robot_description/meshes/robotiq_85_knuckle_link.stl
[1.220s] -- Up-to-date: /home/rahul/camera_ws/install/robot_description/share/robot_description/meshes/shoulder.stl
[1.220s] -- Up-to-date: /home/rahul/camera_ws/install/robot_description/share/robot_description/meshes/robotiq_85_finger_tip_link.stl
[1.220s] -- Up-to-date: /home/rahul/camera_ws/install/robot_description/share/robot_description/meshes/wrist3.stl
[1.220s] -- Up-to-date: /home/rahul/camera_ws/install/robot_description/share/robot_description/meshes/upperarm.stl
[1.220s] -- Up-to-date: /home/rahul/camera_ws/install/robot_description/share/robot_description/meshes/base.stl
[1.221s] -- Up-to-date: /home/rahul/camera_ws/install/robot_description/share/robot_description/meshes/forearm.stl
[1.221s] -- Up-to-date: /home/rahul/camera_ws/install/robot_description/share/robot_description/meshes/coupler.stl
[1.221s] -- Up-to-date: /home/rahul/camera_ws/install/robot_description/share/robot_description/meshes/robotiq_85_inner_knuckle_link.stl
[1.221s] -- Up-to-date: /home/rahul/camera_ws/install/robot_description/share/robot_description/urdf
[1.221s] -- Up-to-date: /home/rahul/camera_ws/install/robot_description/share/robot_description/urdf/robot_gazebo.xacro
[1.221s] -- Up-to-date: /home/rahul/camera_ws/install/robot_description/share/robot_description/urdf/robot.urdf.xacro
[1.221s] -- Up-to-date: /home/rahul/camera_ws/install/robot_description/share/robot_description/urdf/robot_ros2_control.xacro
[1.221s] -- Up-to-date: /home/rahul/camera_ws/install/robot_description/share/robot_description/rviz
[1.221s] -- Up-to-date: /home/rahul/camera_ws/install/robot_description/share/ament_index/resource_index/package_run_dependencies/robot_description
[1.221s] -- Up-to-date: /home/rahul/camera_ws/install/robot_description/share/ament_index/resource_index/parent_prefix_path/robot_description
[1.221s] -- Up-to-date: /home/rahul/camera_ws/install/robot_description/share/robot_description/environment/ament_prefix_path.sh
[1.221s] -- Up-to-date: /home/rahul/camera_ws/install/robot_description/share/robot_description/environment/ament_prefix_path.dsv
[1.221s] -- Up-to-date: /home/rahul/camera_ws/install/robot_description/share/robot_description/environment/path.sh
[1.222s] -- Up-to-date: /home/rahul/camera_ws/install/robot_description/share/robot_description/environment/path.dsv
[1.222s] -- Up-to-date: /home/rahul/camera_ws/install/robot_description/share/robot_description/local_setup.bash
[1.222s] -- Up-to-date: /home/rahul/camera_ws/install/robot_description/share/robot_description/local_setup.sh
[1.222s] -- Up-to-date: /home/rahul/camera_ws/install/robot_description/share/robot_description/local_setup.zsh
[1.222s] -- Up-to-date: /home/rahul/camera_ws/install/robot_description/share/robot_description/local_setup.dsv
[1.222s] -- Installing: /home/rahul/camera_ws/install/robot_description/share/robot_description/package.dsv
[1.222s] -- Up-to-date: /home/rahul/camera_ws/install/robot_description/share/ament_index/resource_index/packages/robot_description
[1.222s] -- Up-to-date: /home/rahul/camera_ws/install/robot_description/share/robot_description/cmake/robot_descriptionConfig.cmake
[1.222s] -- Up-to-date: /home/rahul/camera_ws/install/robot_description/share/robot_description/cmake/robot_descriptionConfig-version.cmake
[1.222s] -- Up-to-date: /home/rahul/camera_ws/install/robot_description/share/robot_description/package.xml
[1.228s] Invoked command in '/home/rahul/camera_ws/build/robot_description' returned '0': CMAKE_PREFIX_PATH=/opt/ros/iron /usr/bin/cmake --install /home/rahul/camera_ws/build/robot_description
