[0.035s] Invoking command in '/home/rahul/camera_ws/build/robot_description': CMAKE_PREFIX_PATH=/opt/ros/iron /usr/bin/cmake --build /home/rahul/camera_ws/build/robot_description -- -j12 -l12
[0.173s] Invoked command in '/home/rahul/camera_ws/build/robot_description' returned '0': CMAKE_PREFIX_PATH=/opt/ros/iron /usr/bin/cmake --build /home/rahul/camera_ws/build/robot_description -- -j12 -l12
[0.214s] Invoking command in '/home/rahul/camera_ws/build/robot_description': CMAKE_PREFIX_PATH=/opt/ros/iron /usr/bin/cmake --install /home/rahul/camera_ws/build/robot_description
[0.241s] -- Install configuration: ""
[0.242s] -- Up-to-date: /home/rahul/camera_ws/install/robot_description/share/robot_description/launch
[0.243s] -- Up-to-date: /home/rahul/camera_ws/install/robot_description/share/robot_description/launch/display.launch.py
[0.243s] -- Up-to-date: /home/rahul/camera_ws/install/robot_description/share/robot_description/launch/gazebo.launch.py
[0.243s] -- Up-to-date: /home/rahul/camera_ws/install/robot_description/share/robot_description/meshes
[0.243s] -- Up-to-date: /home/rahul/camera_ws/install/robot_description/share/robot_description/meshes/wrist1.stl
[0.243s] -- Up-to-date: /home/rahul/camera_ws/install/robot_description/share/robot_description/meshes/robotiq_85_finger_link.stl
[0.243s] -- Up-to-date: /home/rahul/camera_ws/install/robot_description/share/robot_description/meshes/robotiq_85_base_link.stl
[0.243s] -- Up-to-date: /home/rahul/camera_ws/install/robot_description/share/robot_description/meshes/wrist2.stl
[0.244s] -- Up-to-date: /home/rahul/camera_ws/install/robot_description/share/robot_description/meshes/robotiq_85_knuckle_link.stl
[0.244s] -- Up-to-date: /home/rahul/camera_ws/install/robot_description/share/robot_description/meshes/shoulder.stl
[0.244s] -- Up-to-date: /home/rahul/camera_ws/install/robot_description/share/robot_description/meshes/robotiq_85_finger_tip_link.stl
[0.244s] -- Up-to-date: /home/rahul/camera_ws/install/robot_description/share/robot_description/meshes/wrist3.stl
[0.244s] -- Up-to-date: /home/rahul/camera_ws/install/robot_description/share/robot_description/meshes/upperarm.stl
[0.244s] -- Up-to-date: /home/rahul/camera_ws/install/robot_description/share/robot_description/meshes/base.stl
[0.244s] -- Up-to-date: /home/rahul/camera_ws/install/robot_description/share/robot_description/meshes/forearm.stl
[0.244s] -- Up-to-date: /home/rahul/camera_ws/install/robot_description/share/robot_description/meshes/coupler.stl
[0.245s] -- Up-to-date: /home/rahul/camera_ws/install/robot_description/share/robot_description/meshes/robotiq_85_inner_knuckle_link.stl
[0.245s] -- Up-to-date: /home/rahul/camera_ws/install/robot_description/share/robot_description/urdf
[0.245s] -- Up-to-date: /home/rahul/camera_ws/install/robot_description/share/robot_description/urdf/robot_gazebo.xacro
[0.245s] -- Up-to-date: /home/rahul/camera_ws/install/robot_description/share/robot_description/urdf/robot.urdf.xacro
[0.245s] -- Up-to-date: /home/rahul/camera_ws/install/robot_description/share/robot_description/urdf/robot_ros2_control.xacro
[0.245s] -- Up-to-date: /home/rahul/camera_ws/install/robot_description/share/robot_description/rviz
[0.245s] -- Up-to-date: /home/rahul/camera_ws/install/robot_description/share/ament_index/resource_index/package_run_dependencies/robot_description
[0.245s] -- Up-to-date: /home/rahul/camera_ws/install/robot_description/share/ament_index/resource_index/parent_prefix_path/robot_description
[0.245s] -- Up-to-date: /home/rahul/camera_ws/install/robot_description/share/robot_description/environment/ament_prefix_path.sh
[0.245s] -- Up-to-date: /home/rahul/camera_ws/install/robot_description/share/robot_description/environment/ament_prefix_path.dsv
[0.245s] -- Up-to-date: /home/rahul/camera_ws/install/robot_description/share/robot_description/environment/path.sh
[0.245s] -- Up-to-date: /home/rahul/camera_ws/install/robot_description/share/robot_description/environment/path.dsv
[0.245s] -- Up-to-date: /home/rahul/camera_ws/install/robot_description/share/robot_description/local_setup.bash
[0.246s] -- Up-to-date: /home/rahul/camera_ws/install/robot_description/share/robot_description/local_setup.sh
[0.246s] -- Up-to-date: /home/rahul/camera_ws/install/robot_description/share/robot_description/local_setup.zsh
[0.246s] -- Up-to-date: /home/rahul/camera_ws/install/robot_description/share/robot_description/local_setup.dsv
[0.246s] -- Installing: /home/rahul/camera_ws/install/robot_description/share/robot_description/package.dsv
[0.246s] -- Up-to-date: /home/rahul/camera_ws/install/robot_description/share/ament_index/resource_index/packages/robot_description
[0.246s] -- Up-to-date: /home/rahul/camera_ws/install/robot_description/share/robot_description/cmake/robot_descriptionConfig.cmake
[0.246s] -- Up-to-date: /home/rahul/camera_ws/install/robot_description/share/robot_description/cmake/robot_descriptionConfig-version.cmake
[0.246s] -- Up-to-date: /home/rahul/camera_ws/install/robot_description/share/robot_description/package.xml
[0.253s] Invoked command in '/home/rahul/camera_ws/build/robot_description' returned '0': CMAKE_PREFIX_PATH=/opt/ros/iron /usr/bin/cmake --install /home/rahul/camera_ws/build/robot_description
