[0.051s] Invoking command in '/home/rahul/camera_ws/build/robot_description': CMAKE_PREFIX_PATH=/opt/ros/iron /usr/bin/cmake /home/rahul/camera_ws/src/robot_description -DCMAKE_INSTALL_PREFIX=/home/rahul/camera_ws/install/robot_description
[1.678s] -- The C compiler identification is GNU 11.4.0
[2.418s] -- The CXX compiler identification is GNU 11.4.0
[2.477s] -- Detecting C compiler ABI info
[3.703s] -- Detecting C compiler ABI info - done
[3.710s] -- Check for working C compiler: /usr/bin/cc - skipped
[3.729s] -- Detecting C compile features
[3.780s] -- Detecting C compile features - done
[3.915s] -- Detecting CXX compiler ABI info
[4.017s] -- Detecting CXX compiler ABI info - done
[4.024s] -- Check for working CXX compiler: /usr/bin/c++ - skipped
[4.024s] -- Detecting CXX compile features
[4.025s] -- Detecting CXX compile features - done
[4.406s] -- Found ament_cmake: 2.0.7 (/opt/ros/iron/share/ament_cmake/cmake)
[5.658s] -- Found Python3: /usr/bin/python3.10 (found version "3.10.12") found components: Interpreter 
[9.490s] -- Found ament_lint_auto: 0.14.4 (/opt/ros/iron/share/ament_lint_auto/cmake)
[9.834s] -- Added test 'lint_cmake' to check CMake code style
[9.838s] -- Added test 'xmllint' to check XML markup files
[9.843s] -- Configuring done
[9.853s] -- Generating done
[9.858s] -- Build files have been written to: /home/rahul/camera_ws/build/robot_description
[9.865s] Invoked command in '/home/rahul/camera_ws/build/robot_description' returned '0': CMAKE_PREFIX_PATH=/opt/ros/iron /usr/bin/cmake /home/rahul/camera_ws/src/robot_description -DCMAKE_INSTALL_PREFIX=/home/rahul/camera_ws/install/robot_description
[9.870s] Invoking command in '/home/rahul/camera_ws/build/robot_description': CMAKE_PREFIX_PATH=/opt/ros/iron /usr/bin/cmake --build /home/rahul/camera_ws/build/robot_description -- -j12 -l12
[9.932s] Invoked command in '/home/rahul/camera_ws/build/robot_description' returned '0': CMAKE_PREFIX_PATH=/opt/ros/iron /usr/bin/cmake --build /home/rahul/camera_ws/build/robot_description -- -j12 -l12
[9.955s] Invoking command in '/home/rahul/camera_ws/build/robot_description': CMAKE_PREFIX_PATH=/opt/ros/iron /usr/bin/cmake --install /home/rahul/camera_ws/build/robot_description
[9.970s] -- Install configuration: ""
[9.970s] -- Installing: /home/rahul/camera_ws/install/robot_description/share/ament_index/resource_index/package_run_dependencies/robot_description
[9.970s] -- Installing: /home/rahul/camera_ws/install/robot_description/share/ament_index/resource_index/parent_prefix_path/robot_description
[9.971s] -- Installing: /home/rahul/camera_ws/install/robot_description/share/robot_description/environment/ament_prefix_path.sh
[9.971s] -- Installing: /home/rahul/camera_ws/install/robot_description/share/robot_description/environment/ament_prefix_path.dsv
[9.971s] -- Installing: /home/rahul/camera_ws/install/robot_description/share/robot_description/environment/path.sh
[9.971s] -- Installing: /home/rahul/camera_ws/install/robot_description/share/robot_description/environment/path.dsv
[9.972s] -- Installing: /home/rahul/camera_ws/install/robot_description/share/robot_description/local_setup.bash
[9.972s] -- Installing: /home/rahul/camera_ws/install/robot_description/share/robot_description/local_setup.sh
[9.972s] -- Installing: /home/rahul/camera_ws/install/robot_description/share/robot_description/local_setup.zsh
[9.972s] -- Installing: /home/rahul/camera_ws/install/robot_description/share/robot_description/local_setup.dsv
[9.972s] -- Installing: /home/rahul/camera_ws/install/robot_description/share/robot_description/package.dsv
[9.973s] -- Installing: /home/rahul/camera_ws/install/robot_description/share/ament_index/resource_index/packages/robot_description
[9.973s] -- Installing: /home/rahul/camera_ws/install/robot_description/share/robot_description/cmake/robot_descriptionConfig.cmake
[9.973s] -- Installing: /home/rahul/camera_ws/install/robot_description/share/robot_description/cmake/robot_descriptionConfig-version.cmake
[9.973s] -- Installing: /home/rahul/camera_ws/install/robot_description/share/robot_description/package.xml
[9.976s] Invoked command in '/home/rahul/camera_ws/build/robot_description' returned '0': CMAKE_PREFIX_PATH=/opt/ros/iron /usr/bin/cmake --install /home/rahul/camera_ws/build/robot_description
