[0.310s] Invoking command in '/home/rahul/camera_ws/build/robot_moveit': AMENT_PREFIX_PATH=/home/rahul/camera_ws/install/robot_description:${AMENT_PREFIX_PATH} CMAKE_PREFIX_PATH=/home/rahul/camera_ws/install/robot_description:/opt/ros/iron /usr/bin/cmake --build /home/rahul/camera_ws/build/robot_moveit -- -j12 -l12
[1.192s] Built target ament_cmake_python_copy_robot_moveit
[2.013s] running egg_info
[2.014s] writing robot_moveit.egg-info/PKG-INFO
[2.014s] writing dependency_links to robot_moveit.egg-info/dependency_links.txt
[2.015s] writing top-level names to robot_moveit.egg-info/top_level.txt
[2.055s] reading manifest file 'robot_moveit.egg-info/SOURCES.txt'
[2.058s] writing manifest file 'robot_moveit.egg-info/SOURCES.txt'
[2.102s] Built target ament_cmake_python_build_robot_moveit_egg
[2.121s] Invoked command in '/home/rahul/camera_ws/build/robot_moveit' returned '0': AMENT_PREFIX_PATH=/home/rahul/camera_ws/install/robot_description:${AMENT_PREFIX_PATH} CMAKE_PREFIX_PATH=/home/rahul/camera_ws/install/robot_description:/opt/ros/iron /usr/bin/cmake --build /home/rahul/camera_ws/build/robot_moveit -- -j12 -l12
[2.145s] Invoking command in '/home/rahul/camera_ws/build/robot_moveit': AMENT_PREFIX_PATH=/home/rahul/camera_ws/install/robot_description:${AMENT_PREFIX_PATH} CMAKE_PREFIX_PATH=/home/rahul/camera_ws/install/robot_description:/opt/ros/iron /usr/bin/cmake --install /home/rahul/camera_ws/build/robot_moveit
[2.160s] -- Install configuration: ""
[2.162s] -- Up-to-date: /home/rahul/camera_ws/install/robot_moveit/share/robot_moveit/environment/pythonpath.sh
[2.162s] -- Up-to-date: /home/rahul/camera_ws/install/robot_moveit/share/robot_moveit/environment/pythonpath.dsv
[2.162s] -- Up-to-date: /home/rahul/camera_ws/install/robot_moveit/lib/python3.10/site-packages/robot_moveit-0.3.0-py3.10.egg-info
[2.163s] -- Installing: /home/rahul/camera_ws/install/robot_moveit/lib/python3.10/site-packages/robot_moveit-0.3.0-py3.10.egg-info/SOURCES.txt
[2.163s] -- Installing: /home/rahul/camera_ws/install/robot_moveit/lib/python3.10/site-packages/robot_moveit-0.3.0-py3.10.egg-info/PKG-INFO
[2.163s] -- Installing: /home/rahul/camera_ws/install/robot_moveit/lib/python3.10/site-packages/robot_moveit-0.3.0-py3.10.egg-info/dependency_links.txt
[2.163s] -- Installing: /home/rahul/camera_ws/install/robot_moveit/lib/python3.10/site-packages/robot_moveit-0.3.0-py3.10.egg-info/top_level.txt
[2.163s] -- Up-to-date: /home/rahul/camera_ws/install/robot_moveit/lib/python3.10/site-packages/robot_moveit
[2.164s] -- Up-to-date: /home/rahul/camera_ws/install/robot_moveit/lib/python3.10/site-packages/robot_moveit/ur5_controller.py
[2.164s] -- Up-to-date: /home/rahul/camera_ws/install/robot_moveit/lib/python3.10/site-packages/robot_moveit/__init__.py
[2.237s] Listing '/home/rahul/camera_ws/install/robot_moveit/lib/python3.10/site-packages/robot_moveit'...
[2.242s] -- Up-to-date: /home/rahul/camera_ws/install/robot_moveit/share/robot_moveit/launch
[2.254s] -- Up-to-date: /home/rahul/camera_ws/install/robot_moveit/share/robot_moveit/launch/setup_assistant.launch.py
[2.255s] -- Up-to-date: /home/rahul/camera_ws/install/robot_moveit/share/robot_moveit/launch/moveit.launch.py
[2.255s] -- Up-to-date: /home/rahul/camera_ws/install/robot_moveit/share/robot_moveit/config
[2.256s] -- Up-to-date: /home/rahul/camera_ws/install/robot_moveit/share/robot_moveit/config/joint_limits.yaml
[2.256s] -- Up-to-date: /home/rahul/camera_ws/install/robot_moveit/share/robot_moveit/config/robot.urdf.xacro
[2.257s] -- Up-to-date: /home/rahul/camera_ws/install/robot_moveit/share/robot_moveit/config/moveit_controllers.yaml
[2.257s] -- Up-to-date: /home/rahul/camera_ws/install/robot_moveit/share/robot_moveit/config/robot.ros2_control.xacro
[2.257s] -- Up-to-date: /home/rahul/camera_ws/install/robot_moveit/share/robot_moveit/config/kinematics.yaml
[2.257s] -- Up-to-date: /home/rahul/camera_ws/install/robot_moveit/share/robot_moveit/config/pilz_cartesian_limits.yaml
[2.258s] -- Up-to-date: /home/rahul/camera_ws/install/robot_moveit/share/robot_moveit/config/robot.srdf
[2.258s] -- Up-to-date: /home/rahul/camera_ws/install/robot_moveit/share/robot_moveit/config/initial_positions.yaml
[2.258s] -- Up-to-date: /home/rahul/camera_ws/install/robot_moveit/lib/robot_moveit/ur5_controller.py
[2.258s] -- Up-to-date: /home/rahul/camera_ws/install/robot_moveit/share/robot_moveit/launch
[2.258s] -- Up-to-date: /home/rahul/camera_ws/install/robot_moveit/share/robot_moveit/launch/setup_assistant.launch.py
[2.259s] -- Up-to-date: /home/rahul/camera_ws/install/robot_moveit/share/robot_moveit/launch/moveit.launch.py
[2.259s] -- Up-to-date: /home/rahul/camera_ws/install/robot_moveit/share/robot_moveit/config
[2.259s] -- Up-to-date: /home/rahul/camera_ws/install/robot_moveit/share/robot_moveit/config/joint_limits.yaml
[2.259s] -- Up-to-date: /home/rahul/camera_ws/install/robot_moveit/share/robot_moveit/config/robot.urdf.xacro
[2.259s] -- Up-to-date: /home/rahul/camera_ws/install/robot_moveit/share/robot_moveit/config/moveit_controllers.yaml
[2.260s] -- Up-to-date: /home/rahul/camera_ws/install/robot_moveit/share/robot_moveit/config/robot.ros2_control.xacro
[2.260s] -- Up-to-date: /home/rahul/camera_ws/install/robot_moveit/share/robot_moveit/config/kinematics.yaml
[2.260s] -- Up-to-date: /home/rahul/camera_ws/install/robot_moveit/share/robot_moveit/config/pilz_cartesian_limits.yaml
[2.260s] -- Up-to-date: /home/rahul/camera_ws/install/robot_moveit/share/robot_moveit/config/robot.srdf
[2.260s] -- Up-to-date: /home/rahul/camera_ws/install/robot_moveit/share/robot_moveit/config/initial_positions.yaml
[2.260s] -- Up-to-date: /home/rahul/camera_ws/install/robot_moveit/share/robot_moveit/.setup_assistant
[2.261s] -- Up-to-date: /home/rahul/camera_ws/install/robot_moveit/share/ament_index/resource_index/package_run_dependencies/robot_moveit
[2.261s] -- Up-to-date: /home/rahul/camera_ws/install/robot_moveit/share/ament_index/resource_index/parent_prefix_path/robot_moveit
[2.261s] -- Up-to-date: /home/rahul/camera_ws/install/robot_moveit/share/robot_moveit/environment/ament_prefix_path.sh
[2.261s] -- Up-to-date: /home/rahul/camera_ws/install/robot_moveit/share/robot_moveit/environment/ament_prefix_path.dsv
[2.261s] -- Up-to-date: /home/rahul/camera_ws/install/robot_moveit/share/robot_moveit/environment/path.sh
[2.262s] -- Up-to-date: /home/rahul/camera_ws/install/robot_moveit/share/robot_moveit/environment/path.dsv
[2.262s] -- Up-to-date: /home/rahul/camera_ws/install/robot_moveit/share/robot_moveit/local_setup.bash
[2.262s] -- Up-to-date: /home/rahul/camera_ws/install/robot_moveit/share/robot_moveit/local_setup.sh
[2.262s] -- Up-to-date: /home/rahul/camera_ws/install/robot_moveit/share/robot_moveit/local_setup.zsh
[2.262s] -- Up-to-date: /home/rahul/camera_ws/install/robot_moveit/share/robot_moveit/local_setup.dsv
[2.262s] -- Installing: /home/rahul/camera_ws/install/robot_moveit/share/robot_moveit/package.dsv
[2.262s] -- Up-to-date: /home/rahul/camera_ws/install/robot_moveit/share/ament_index/resource_index/packages/robot_moveit
[2.263s] -- Up-to-date: /home/rahul/camera_ws/install/robot_moveit/share/robot_moveit/cmake/robot_moveitConfig.cmake
[2.263s] -- Up-to-date: /home/rahul/camera_ws/install/robot_moveit/share/robot_moveit/cmake/robot_moveitConfig-version.cmake
[2.263s] -- Up-to-date: /home/rahul/camera_ws/install/robot_moveit/share/robot_moveit/package.xml
[2.269s] Invoked command in '/home/rahul/camera_ws/build/robot_moveit' returned '0': AMENT_PREFIX_PATH=/home/rahul/camera_ws/install/robot_description:${AMENT_PREFIX_PATH} CMAKE_PREFIX_PATH=/home/rahul/camera_ws/install/robot_description:/opt/ros/iron /usr/bin/cmake --install /home/rahul/camera_ws/build/robot_moveit
