[0.799s] Invoking command in '/home/rahul/camera_ws/build/robot_controller': AMENT_PREFIX_PATH=/home/rahul/camera_ws/install/robot_description:${AMENT_PREFIX_PATH} CMAKE_PREFIX_PATH=/home/rahul/camera_ws/install/robot_description:/opt/ros/iron /usr/bin/cmake --build /home/rahul/camera_ws/build/robot_controller -- -j12 -l12
[0.858s] Invoked command in '/home/rahul/camera_ws/build/robot_controller' returned '0': AMENT_PREFIX_PATH=/home/rahul/camera_ws/install/robot_description:${AMENT_PREFIX_PATH} CMAKE_PREFIX_PATH=/home/rahul/camera_ws/install/robot_description:/opt/ros/iron /usr/bin/cmake --build /home/rahul/camera_ws/build/robot_controller -- -j12 -l12
[0.861s] Invoking command in '/home/rahul/camera_ws/build/robot_controller': AMENT_PREFIX_PATH=/home/rahul/camera_ws/install/robot_description:${AMENT_PREFIX_PATH} CMAKE_PREFIX_PATH=/home/rahul/camera_ws/install/robot_description:/opt/ros/iron /usr/bin/cmake --install /home/rahul/camera_ws/build/robot_controller
[0.871s] -- Install configuration: ""
[1.161s] -- Up-to-date: /home/rahul/camera_ws/install/robot_controller/share/robot_controller/launch
[1.241s] -- Up-to-date: /home/rahul/camera_ws/install/robot_controller/share/robot_controller/launch/controller.launch.py
[1.241s] -- Up-to-date: /home/rahul/camera_ws/install/robot_controller/share/robot_controller/config
[1.245s] -- Up-to-date: /home/rahul/camera_ws/install/robot_controller/share/robot_controller/config/ros2_controllers.yaml
[1.246s] -- Up-to-date: /home/rahul/camera_ws/install/robot_controller/share/ament_index/resource_index/package_run_dependencies/robot_controller
[1.247s] -- Up-to-date: /home/rahul/camera_ws/install/robot_controller/share/ament_index/resource_index/parent_prefix_path/robot_controller
[1.247s] -- Up-to-date: /home/rahul/camera_ws/install/robot_controller/share/robot_controller/environment/ament_prefix_path.sh
[1.247s] -- Up-to-date: /home/rahul/camera_ws/install/robot_controller/share/robot_controller/environment/ament_prefix_path.dsv
[1.247s] -- Up-to-date: /home/rahul/camera_ws/install/robot_controller/share/robot_controller/environment/path.sh
[1.247s] -- Up-to-date: /home/rahul/camera_ws/install/robot_controller/share/robot_controller/environment/path.dsv
[1.247s] -- Up-to-date: /home/rahul/camera_ws/install/robot_controller/share/robot_controller/local_setup.bash
[1.247s] -- Up-to-date: /home/rahul/camera_ws/install/robot_controller/share/robot_controller/local_setup.sh
[1.248s] -- Up-to-date: /home/rahul/camera_ws/install/robot_controller/share/robot_controller/local_setup.zsh
[1.248s] -- Up-to-date: /home/rahul/camera_ws/install/robot_controller/share/robot_controller/local_setup.dsv
[1.248s] -- Installing: /home/rahul/camera_ws/install/robot_controller/share/robot_controller/package.dsv
[1.252s] -- Up-to-date: /home/rahul/camera_ws/install/robot_controller/share/ament_index/resource_index/packages/robot_controller
[1.252s] -- Up-to-date: /home/rahul/camera_ws/install/robot_controller/share/robot_controller/cmake/robot_controllerConfig.cmake
[1.252s] -- Up-to-date: /home/rahul/camera_ws/install/robot_controller/share/robot_controller/cmake/robot_controllerConfig-version.cmake
[1.252s] -- Up-to-date: /home/rahul/camera_ws/install/robot_controller/share/robot_controller/package.xml
[1.255s] Invoked command in '/home/rahul/camera_ws/build/robot_controller' returned '0': AMENT_PREFIX_PATH=/home/rahul/camera_ws/install/robot_description:${AMENT_PREFIX_PATH} CMAKE_PREFIX_PATH=/home/rahul/camera_ws/install/robot_description:/opt/ros/iron /usr/bin/cmake --install /home/rahul/camera_ws/build/robot_controller
