[0.623s] DEBUG:colcon:Command line arguments: ['/usr/bin/colcon', 'build']
[0.623s] DEBUG:colcon:Parsed command line arguments: Namespace(log_base=None, log_level=None, verb_name='build', build_base='build', install_base='install', merge_install=False, symlink_install=False, test_result_base=None, continue_on_error=False, executor='parallel', parallel_workers=12, event_handlers=None, ignore_user_meta=False, metas=['./colcon.meta'], base_paths=['.'], packages_ignore=None, packages_ignore_regex=None, paths=None, packages_up_to=None, packages_up_to_regex=None, packages_above=None, packages_above_and_dependencies=None, packages_above_depth=None, packages_select_by_dep=None, packages_skip_by_dep=None, packages_skip_up_to=None, packages_select_build_failed=False, packages_skip_build_finished=False, packages_select_test_failures=False, packages_skip_test_passed=False, packages_select=None, packages_skip=None, packages_select_regex=None, packages_skip_regex=None, packages_start=None, packages_end=None, allow_overriding=[], cmake_args=None, cmake_target=None, cmake_target_skip_unavailable=False, cmake_clean_cache=False, cmake_clean_first=False, cmake_force_configure=False, ament_cmake_args=None, catkin_cmake_args=None, catkin_skip_building_tests=False, mixin_files=None, mixin=None, verb_parser=<colcon_mixin.mixin.mixin_argument.MixinArgumentDecorator object at 0x771a5816ecb0>, verb_extension=<colcon_core.verb.build.BuildVerb object at 0x771a5816e6e0>, main=<bound method BuildVerb.main of <colcon_core.verb.build.BuildVerb object at 0x771a5816e6e0>>, mixin_verb=('build',))
[6.360s] Level 1:colcon.colcon_core.package_discovery:discover_packages(colcon_meta) check parameters
[6.360s] Level 1:colcon.colcon_core.package_discovery:discover_packages(recursive) check parameters
[6.360s] Level 1:colcon.colcon_core.package_discovery:discover_packages(ignore) check parameters
[6.360s] Level 1:colcon.colcon_core.package_discovery:discover_packages(path) check parameters
[6.360s] Level 1:colcon.colcon_core.package_discovery:discover_packages(colcon_meta) discover
[6.361s] Level 1:colcon.colcon_core.package_discovery:discover_packages(recursive) discover
[6.361s] INFO:colcon.colcon_core.package_discovery:Crawling recursively for packages in '/home/rahul/camera_ws'
[6.361s] Level 1:colcon.colcon_core.package_identification:_identify(.) by extensions ['ignore', 'ignore_ament_install']
[6.361s] Level 1:colcon.colcon_core.package_identification:_identify(.) by extension 'ignore'
[6.361s] Level 1:colcon.colcon_core.package_identification:_identify(.) by extension 'ignore_ament_install'
[6.361s] Level 1:colcon.colcon_core.package_identification:_identify(.) by extensions ['colcon_pkg']
[6.361s] Level 1:colcon.colcon_core.package_identification:_identify(.) by extension 'colcon_pkg'
[6.361s] Level 1:colcon.colcon_core.package_identification:_identify(.) by extensions ['colcon_meta']
[6.362s] Level 1:colcon.colcon_core.package_identification:_identify(.) by extension 'colcon_meta'
[6.362s] Level 1:colcon.colcon_core.package_identification:_identify(.) by extensions ['ros']
[6.362s] Level 1:colcon.colcon_core.package_identification:_identify(.) by extension 'ros'
[6.460s] Level 1:colcon.colcon_core.package_identification:_identify(.) by extensions ['cmake', 'python']
[6.460s] Level 1:colcon.colcon_core.package_identification:_identify(.) by extension 'cmake'
[6.460s] Level 1:colcon.colcon_core.package_identification:_identify(.) by extension 'python'
[6.460s] Level 1:colcon.colcon_core.package_identification:_identify(.) by extensions ['python_setup_py']
[6.460s] Level 1:colcon.colcon_core.package_identification:_identify(.) by extension 'python_setup_py'
[6.473s] Level 1:colcon.colcon_core.package_identification:_identify(build) by extensions ['ignore', 'ignore_ament_install']
[6.475s] Level 1:colcon.colcon_core.package_identification:_identify(build) by extension 'ignore'
[6.475s] Level 1:colcon.colcon_core.package_identification:_identify(build) ignored
[6.476s] Level 1:colcon.colcon_core.package_identification:_identify(install) by extensions ['ignore', 'ignore_ament_install']
[6.476s] Level 1:colcon.colcon_core.package_identification:_identify(install) by extension 'ignore'
[6.476s] Level 1:colcon.colcon_core.package_identification:_identify(install) ignored
[6.477s] Level 1:colcon.colcon_core.package_identification:_identify(log) by extensions ['ignore', 'ignore_ament_install']
[6.477s] Level 1:colcon.colcon_core.package_identification:_identify(log) by extension 'ignore'
[6.477s] Level 1:colcon.colcon_core.package_identification:_identify(log) ignored
[6.477s] Level 1:colcon.colcon_core.package_identification:_identify(src) by extensions ['ignore', 'ignore_ament_install']
[6.477s] Level 1:colcon.colcon_core.package_identification:_identify(src) by extension 'ignore'
[6.477s] Level 1:colcon.colcon_core.package_identification:_identify(src) by extension 'ignore_ament_install'
[6.478s] Level 1:colcon.colcon_core.package_identification:_identify(src) by extensions ['colcon_pkg']
[6.478s] Level 1:colcon.colcon_core.package_identification:_identify(src) by extension 'colcon_pkg'
[6.478s] Level 1:colcon.colcon_core.package_identification:_identify(src) by extensions ['colcon_meta']
[6.478s] Level 1:colcon.colcon_core.package_identification:_identify(src) by extension 'colcon_meta'
[6.478s] Level 1:colcon.colcon_core.package_identification:_identify(src) by extensions ['ros']
[6.478s] Level 1:colcon.colcon_core.package_identification:_identify(src) by extension 'ros'
[6.478s] Level 1:colcon.colcon_core.package_identification:_identify(src) by extensions ['cmake', 'python']
[6.478s] Level 1:colcon.colcon_core.package_identification:_identify(src) by extension 'cmake'
[6.478s] Level 1:colcon.colcon_core.package_identification:_identify(src) by extension 'python'
[6.478s] Level 1:colcon.colcon_core.package_identification:_identify(src) by extensions ['python_setup_py']
[6.478s] Level 1:colcon.colcon_core.package_identification:_identify(src) by extension 'python_setup_py'
[6.494s] Level 1:colcon.colcon_core.package_identification:_identify(src/robot_controller) by extensions ['ignore', 'ignore_ament_install']
[6.494s] Level 1:colcon.colcon_core.package_identification:_identify(src/robot_controller) by extension 'ignore'
[6.494s] Level 1:colcon.colcon_core.package_identification:_identify(src/robot_controller) by extension 'ignore_ament_install'
[6.494s] Level 1:colcon.colcon_core.package_identification:_identify(src/robot_controller) by extensions ['colcon_pkg']
[6.495s] Level 1:colcon.colcon_core.package_identification:_identify(src/robot_controller) by extension 'colcon_pkg'
[6.495s] Level 1:colcon.colcon_core.package_identification:_identify(src/robot_controller) by extensions ['colcon_meta']
[6.495s] Level 1:colcon.colcon_core.package_identification:_identify(src/robot_controller) by extension 'colcon_meta'
[6.495s] Level 1:colcon.colcon_core.package_identification:_identify(src/robot_controller) by extensions ['ros']
[6.495s] Level 1:colcon.colcon_core.package_identification:_identify(src/robot_controller) by extension 'ros'
[6.543s] DEBUG:colcon.colcon_core.package_identification:Package 'src/robot_controller' with type 'ros.ament_cmake' and name 'robot_controller'
[6.543s] Level 1:colcon.colcon_core.package_identification:_identify(src/robot_description) by extensions ['ignore', 'ignore_ament_install']
[6.544s] Level 1:colcon.colcon_core.package_identification:_identify(src/robot_description) by extension 'ignore'
[6.544s] Level 1:colcon.colcon_core.package_identification:_identify(src/robot_description) by extension 'ignore_ament_install'
[6.544s] Level 1:colcon.colcon_core.package_identification:_identify(src/robot_description) by extensions ['colcon_pkg']
[6.544s] Level 1:colcon.colcon_core.package_identification:_identify(src/robot_description) by extension 'colcon_pkg'
[6.544s] Level 1:colcon.colcon_core.package_identification:_identify(src/robot_description) by extensions ['colcon_meta']
[6.544s] Level 1:colcon.colcon_core.package_identification:_identify(src/robot_description) by extension 'colcon_meta'
[6.544s] Level 1:colcon.colcon_core.package_identification:_identify(src/robot_description) by extensions ['ros']
[6.544s] Level 1:colcon.colcon_core.package_identification:_identify(src/robot_description) by extension 'ros'
[6.556s] DEBUG:colcon.colcon_core.package_identification:Package 'src/robot_description' with type 'ros.ament_cmake' and name 'robot_description'
[6.569s] Level 1:colcon.colcon_core.package_identification:_identify(src/robot_moveit) by extensions ['ignore', 'ignore_ament_install']
[6.570s] Level 1:colcon.colcon_core.package_identification:_identify(src/robot_moveit) by extension 'ignore'
[6.570s] Level 1:colcon.colcon_core.package_identification:_identify(src/robot_moveit) by extension 'ignore_ament_install'
[6.570s] Level 1:colcon.colcon_core.package_identification:_identify(src/robot_moveit) by extensions ['colcon_pkg']
[6.570s] Level 1:colcon.colcon_core.package_identification:_identify(src/robot_moveit) by extension 'colcon_pkg'
[6.570s] Level 1:colcon.colcon_core.package_identification:_identify(src/robot_moveit) by extensions ['colcon_meta']
[6.570s] Level 1:colcon.colcon_core.package_identification:_identify(src/robot_moveit) by extension 'colcon_meta'
[6.570s] Level 1:colcon.colcon_core.package_identification:_identify(src/robot_moveit) by extensions ['ros']
[6.570s] Level 1:colcon.colcon_core.package_identification:_identify(src/robot_moveit) by extension 'ros'
[6.581s] DEBUG:colcon.colcon_core.package_identification:Package 'src/robot_moveit' with type 'ros.ament_cmake' and name 'robot_moveit'
[6.582s] Level 1:colcon.colcon_core.package_discovery:discover_packages(recursive) using defaults
[6.582s] Level 1:colcon.colcon_core.package_discovery:discover_packages(ignore) discover
[6.582s] Level 1:colcon.colcon_core.package_discovery:discover_packages(ignore) using defaults
[6.582s] Level 1:colcon.colcon_core.package_discovery:discover_packages(path) discover
[6.582s] Level 1:colcon.colcon_core.package_discovery:discover_packages(path) using defaults
[6.810s] Level 1:colcon.colcon_core.package_discovery:discover_packages(prefix_path) check parameters
[6.811s] Level 1:colcon.colcon_core.package_discovery:discover_packages(prefix_path) discover
[6.822s] DEBUG:colcon.colcon_installed_package_information.package_discovery:Found 404 installed packages in /opt/ros/iron
[6.827s] Level 1:colcon.colcon_core.package_discovery:discover_packages(prefix_path) using defaults
[6.919s] Level 5:colcon.colcon_core.verb:set package 'robot_description' build argument 'cmake_args' from command line to 'None'
[6.919s] Level 5:colcon.colcon_core.verb:set package 'robot_description' build argument 'cmake_target' from command line to 'None'
[6.920s] Level 5:colcon.colcon_core.verb:set package 'robot_description' build argument 'cmake_target_skip_unavailable' from command line to 'False'
[6.920s] Level 5:colcon.colcon_core.verb:set package 'robot_description' build argument 'cmake_clean_cache' from command line to 'False'
[6.920s] Level 5:colcon.colcon_core.verb:set package 'robot_description' build argument 'cmake_clean_first' from command line to 'False'
[6.920s] Level 5:colcon.colcon_core.verb:set package 'robot_description' build argument 'cmake_force_configure' from command line to 'False'
[6.920s] Level 5:colcon.colcon_core.verb:set package 'robot_description' build argument 'ament_cmake_args' from command line to 'None'
[6.920s] Level 5:colcon.colcon_core.verb:set package 'robot_description' build argument 'catkin_cmake_args' from command line to 'None'
[6.920s] Level 5:colcon.colcon_core.verb:set package 'robot_description' build argument 'catkin_skip_building_tests' from command line to 'False'
[6.920s] DEBUG:colcon.colcon_core.verb:Building package 'robot_description' with the following arguments: {'ament_cmake_args': None, 'build_base': '/home/rahul/camera_ws/build/robot_description', 'catkin_cmake_args': None, 'catkin_skip_building_tests': False, 'cmake_args': None, 'cmake_clean_cache': False, 'cmake_clean_first': False, 'cmake_force_configure': False, 'cmake_target': None, 'cmake_target_skip_unavailable': False, 'install_base': '/home/rahul/camera_ws/install/robot_description', 'merge_install': False, 'path': '/home/rahul/camera_ws/src/robot_description', 'symlink_install': False, 'test_result_base': None}
[6.921s] Level 5:colcon.colcon_core.verb:set package 'robot_controller' build argument 'cmake_args' from command line to 'None'
[6.921s] Level 5:colcon.colcon_core.verb:set package 'robot_controller' build argument 'cmake_target' from command line to 'None'
[6.921s] Level 5:colcon.colcon_core.verb:set package 'robot_controller' build argument 'cmake_target_skip_unavailable' from command line to 'False'
[6.921s] Level 5:colcon.colcon_core.verb:set package 'robot_controller' build argument 'cmake_clean_cache' from command line to 'False'
[6.921s] Level 5:colcon.colcon_core.verb:set package 'robot_controller' build argument 'cmake_clean_first' from command line to 'False'
[6.921s] Level 5:colcon.colcon_core.verb:set package 'robot_controller' build argument 'cmake_force_configure' from command line to 'False'
[6.921s] Level 5:colcon.colcon_core.verb:set package 'robot_controller' build argument 'ament_cmake_args' from command line to 'None'
[6.921s] Level 5:colcon.colcon_core.verb:set package 'robot_controller' build argument 'catkin_cmake_args' from command line to 'None'
[6.921s] Level 5:colcon.colcon_core.verb:set package 'robot_controller' build argument 'catkin_skip_building_tests' from command line to 'False'
[6.921s] DEBUG:colcon.colcon_core.verb:Building package 'robot_controller' with the following arguments: {'ament_cmake_args': None, 'build_base': '/home/rahul/camera_ws/build/robot_controller', 'catkin_cmake_args': None, 'catkin_skip_building_tests': False, 'cmake_args': None, 'cmake_clean_cache': False, 'cmake_clean_first': False, 'cmake_force_configure': False, 'cmake_target': None, 'cmake_target_skip_unavailable': False, 'install_base': '/home/rahul/camera_ws/install/robot_controller', 'merge_install': False, 'path': '/home/rahul/camera_ws/src/robot_controller', 'symlink_install': False, 'test_result_base': None}
[6.921s] Level 5:colcon.colcon_core.verb:set package 'robot_moveit' build argument 'cmake_args' from command line to 'None'
[6.922s] Level 5:colcon.colcon_core.verb:set package 'robot_moveit' build argument 'cmake_target' from command line to 'None'
[6.922s] Level 5:colcon.colcon_core.verb:set package 'robot_moveit' build argument 'cmake_target_skip_unavailable' from command line to 'False'
[6.922s] Level 5:colcon.colcon_core.verb:set package 'robot_moveit' build argument 'cmake_clean_cache' from command line to 'False'
[6.922s] Level 5:colcon.colcon_core.verb:set package 'robot_moveit' build argument 'cmake_clean_first' from command line to 'False'
[6.922s] Level 5:colcon.colcon_core.verb:set package 'robot_moveit' build argument 'cmake_force_configure' from command line to 'False'
[6.922s] Level 5:colcon.colcon_core.verb:set package 'robot_moveit' build argument 'ament_cmake_args' from command line to 'None'
[6.922s] Level 5:colcon.colcon_core.verb:set package 'robot_moveit' build argument 'catkin_cmake_args' from command line to 'None'
[6.922s] Level 5:colcon.colcon_core.verb:set package 'robot_moveit' build argument 'catkin_skip_building_tests' from command line to 'False'
[6.922s] DEBUG:colcon.colcon_core.verb:Building package 'robot_moveit' with the following arguments: {'ament_cmake_args': None, 'build_base': '/home/rahul/camera_ws/build/robot_moveit', 'catkin_cmake_args': None, 'catkin_skip_building_tests': False, 'cmake_args': None, 'cmake_clean_cache': False, 'cmake_clean_first': False, 'cmake_force_configure': False, 'cmake_target': None, 'cmake_target_skip_unavailable': False, 'install_base': '/home/rahul/camera_ws/install/robot_moveit', 'merge_install': False, 'path': '/home/rahul/camera_ws/src/robot_moveit', 'symlink_install': False, 'test_result_base': None}
[6.922s] INFO:colcon.colcon_core.executor:Executing jobs using 'parallel' executor
[6.924s] DEBUG:colcon.colcon_parallel_executor.executor.parallel:run_until_complete
[6.925s] INFO:colcon.colcon_ros.task.ament_cmake.build:Building ROS package in '/home/rahul/camera_ws/src/robot_description' with build type 'ament_cmake'
[6.925s] INFO:colcon.colcon_cmake.task.cmake.build:Building CMake package in '/home/rahul/camera_ws/src/robot_description'
[6.950s] INFO:colcon.colcon_core.plugin_system:Skipping extension 'colcon_core.shell.bat': Not used on non-Windows systems
[6.950s] INFO:colcon.colcon_core.shell:Skip shell extension 'powershell' for command environment: Not usable outside of PowerShell
[6.950s] DEBUG:colcon.colcon_core.shell:Skip shell extension 'dsv' for command environment
[7.015s] DEBUG:colcon.colcon_core.event_handler.log_command:Invoking command in '/home/rahul/camera_ws/build/robot_description': CMAKE_PREFIX_PATH=/opt/ros/iron /usr/bin/cmake --build /home/rahul/camera_ws/build/robot_description -- -j12 -l12
[7.645s] DEBUG:colcon.colcon_core.event_handler.log_command:Invoked command in '/home/rahul/camera_ws/build/robot_description' returned '0': CMAKE_PREFIX_PATH=/opt/ros/iron /usr/bin/cmake --build /home/rahul/camera_ws/build/robot_description -- -j12 -l12
[7.704s] DEBUG:colcon.colcon_core.event_handler.log_command:Invoking command in '/home/rahul/camera_ws/build/robot_description': CMAKE_PREFIX_PATH=/opt/ros/iron /usr/bin/cmake --install /home/rahul/camera_ws/build/robot_description
[7.779s] Level 1:colcon.colcon_core.environment:create_environment_scripts_only(robot_description)
[7.781s] DEBUG:colcon.colcon_core.event_handler.log_command:Invoked command in '/home/rahul/camera_ws/build/robot_description' returned '0': CMAKE_PREFIX_PATH=/opt/ros/iron /usr/bin/cmake --install /home/rahul/camera_ws/build/robot_description
[7.806s] Level 1:colcon.colcon_core.environment:checking '/home/rahul/camera_ws/install/robot_description' for CMake module files
[7.808s] Level 1:colcon.colcon_core.environment:checking '/home/rahul/camera_ws/install/robot_description' for CMake config files
[7.812s] Level 1:colcon.colcon_core.shell:create_environment_hook('robot_description', 'cmake_prefix_path')
[7.813s] INFO:colcon.colcon_core.shell:Creating environment hook '/home/rahul/camera_ws/install/robot_description/share/robot_description/hook/cmake_prefix_path.ps1'
[7.818s] INFO:colcon.colcon_core.shell:Creating environment descriptor '/home/rahul/camera_ws/install/robot_description/share/robot_description/hook/cmake_prefix_path.dsv'
[7.822s] INFO:colcon.colcon_core.shell:Creating environment hook '/home/rahul/camera_ws/install/robot_description/share/robot_description/hook/cmake_prefix_path.sh'
[7.824s] Level 1:colcon.colcon_core.environment:checking '/home/rahul/camera_ws/install/robot_description/bin'
[7.825s] Level 1:colcon.colcon_core.environment:checking '/home/rahul/camera_ws/install/robot_description/lib/pkgconfig/robot_description.pc'
[7.825s] Level 1:colcon.colcon_core.environment:checking '/home/rahul/camera_ws/install/robot_description/lib/python3.10/site-packages'
[7.825s] Level 1:colcon.colcon_core.environment:checking '/home/rahul/camera_ws/install/robot_description/bin'
[7.826s] INFO:colcon.colcon_core.shell:Creating package script '/home/rahul/camera_ws/install/robot_description/share/robot_description/package.ps1'
[7.828s] INFO:colcon.colcon_core.shell:Creating package descriptor '/home/rahul/camera_ws/install/robot_description/share/robot_description/package.dsv'
[7.830s] INFO:colcon.colcon_core.shell:Creating package script '/home/rahul/camera_ws/install/robot_description/share/robot_description/package.sh'
[7.832s] INFO:colcon.colcon_core.shell:Creating package script '/home/rahul/camera_ws/install/robot_description/share/robot_description/package.bash'
[7.833s] INFO:colcon.colcon_core.shell:Creating package script '/home/rahul/camera_ws/install/robot_description/share/robot_description/package.zsh'
[7.836s] Level 1:colcon.colcon_core.environment:create_file_with_runtime_dependencies(/home/rahul/camera_ws/install/robot_description/share/colcon-core/packages/robot_description)
[7.838s] Level 1:colcon.colcon_core.environment:create_environment_scripts_only(robot_description)
[7.839s] Level 1:colcon.colcon_core.environment:checking '/home/rahul/camera_ws/install/robot_description' for CMake module files
[7.839s] Level 1:colcon.colcon_core.environment:checking '/home/rahul/camera_ws/install/robot_description' for CMake config files
[7.840s] Level 1:colcon.colcon_core.shell:create_environment_hook('robot_description', 'cmake_prefix_path')
[7.840s] INFO:colcon.colcon_core.shell:Creating environment hook '/home/rahul/camera_ws/install/robot_description/share/robot_description/hook/cmake_prefix_path.ps1'
[7.845s] INFO:colcon.colcon_core.shell:Creating environment descriptor '/home/rahul/camera_ws/install/robot_description/share/robot_description/hook/cmake_prefix_path.dsv'
[7.846s] INFO:colcon.colcon_core.shell:Creating environment hook '/home/rahul/camera_ws/install/robot_description/share/robot_description/hook/cmake_prefix_path.sh'
[7.847s] Level 1:colcon.colcon_core.environment:checking '/home/rahul/camera_ws/install/robot_description/bin'
[7.847s] Level 1:colcon.colcon_core.environment:checking '/home/rahul/camera_ws/install/robot_description/lib/pkgconfig/robot_description.pc'
[7.848s] Level 1:colcon.colcon_core.environment:checking '/home/rahul/camera_ws/install/robot_description/lib/python3.10/site-packages'
[7.848s] Level 1:colcon.colcon_core.environment:checking '/home/rahul/camera_ws/install/robot_description/bin'
[7.849s] INFO:colcon.colcon_core.shell:Creating package script '/home/rahul/camera_ws/install/robot_description/share/robot_description/package.ps1'
[7.850s] INFO:colcon.colcon_core.shell:Creating package descriptor '/home/rahul/camera_ws/install/robot_description/share/robot_description/package.dsv'
[7.851s] INFO:colcon.colcon_core.shell:Creating package script '/home/rahul/camera_ws/install/robot_description/share/robot_description/package.sh'
[7.852s] INFO:colcon.colcon_core.shell:Creating package script '/home/rahul/camera_ws/install/robot_description/share/robot_description/package.bash'
[7.853s] INFO:colcon.colcon_core.shell:Creating package script '/home/rahul/camera_ws/install/robot_description/share/robot_description/package.zsh'
[7.854s] Level 1:colcon.colcon_core.environment:create_file_with_runtime_dependencies(/home/rahul/camera_ws/install/robot_description/share/colcon-core/packages/robot_description)
[7.855s] INFO:colcon.colcon_ros.task.ament_cmake.build:Building ROS package in '/home/rahul/camera_ws/src/robot_controller' with build type 'ament_cmake'
[7.855s] INFO:colcon.colcon_cmake.task.cmake.build:Building CMake package in '/home/rahul/camera_ws/src/robot_controller'
[7.856s] INFO:colcon.colcon_core.shell:Skip shell extension 'powershell' for command environment: Not usable outside of PowerShell
[7.856s] DEBUG:colcon.colcon_core.shell:Skip shell extension 'dsv' for command environment
[7.862s] INFO:colcon.colcon_ros.task.ament_cmake.build:Building ROS package in '/home/rahul/camera_ws/src/robot_moveit' with build type 'ament_cmake'
[7.862s] INFO:colcon.colcon_cmake.task.cmake.build:Building CMake package in '/home/rahul/camera_ws/src/robot_moveit'
[7.862s] INFO:colcon.colcon_core.shell:Skip shell extension 'powershell' for command environment: Not usable outside of PowerShell
[7.863s] DEBUG:colcon.colcon_core.shell:Skip shell extension 'dsv' for command environment
[7.912s] DEBUG:colcon.colcon_core.event_handler.log_command:Invoking command in '/home/rahul/camera_ws/build/robot_controller': AMENT_PREFIX_PATH=/home/rahul/camera_ws/install/robot_description:${AMENT_PREFIX_PATH} CMAKE_PREFIX_PATH=/home/rahul/camera_ws/install/robot_description:/opt/ros/iron /usr/bin/cmake --build /home/rahul/camera_ws/build/robot_controller -- -j12 -l12
[7.922s] DEBUG:colcon.colcon_core.event_handler.log_command:Invoking command in '/home/rahul/camera_ws/build/robot_moveit': AMENT_PREFIX_PATH=/home/rahul/camera_ws/install/robot_description:${AMENT_PREFIX_PATH} CMAKE_PREFIX_PATH=/home/rahul/camera_ws/install/robot_description:/opt/ros/iron /usr/bin/cmake --build /home/rahul/camera_ws/build/robot_moveit -- -j12 -l12
[8.046s] DEBUG:colcon.colcon_core.event_handler.log_command:Invoked command in '/home/rahul/camera_ws/build/robot_controller' returned '0': AMENT_PREFIX_PATH=/home/rahul/camera_ws/install/robot_description:${AMENT_PREFIX_PATH} CMAKE_PREFIX_PATH=/home/rahul/camera_ws/install/robot_description:/opt/ros/iron /usr/bin/cmake --build /home/rahul/camera_ws/build/robot_controller -- -j12 -l12
[8.058s] DEBUG:colcon.colcon_core.event_handler.log_command:Invoking command in '/home/rahul/camera_ws/build/robot_controller': AMENT_PREFIX_PATH=/home/rahul/camera_ws/install/robot_description:${AMENT_PREFIX_PATH} CMAKE_PREFIX_PATH=/home/rahul/camera_ws/install/robot_description:/opt/ros/iron /usr/bin/cmake --install /home/rahul/camera_ws/build/robot_controller
[8.096s] Level 1:colcon.colcon_core.environment:create_environment_scripts_only(robot_controller)
[8.099s] Level 1:colcon.colcon_core.environment:checking '/home/rahul/camera_ws/install/robot_controller' for CMake module files
[8.103s] DEBUG:colcon.colcon_core.event_handler.log_command:Invoked command in '/home/rahul/camera_ws/build/robot_controller' returned '0': AMENT_PREFIX_PATH=/home/rahul/camera_ws/install/robot_description:${AMENT_PREFIX_PATH} CMAKE_PREFIX_PATH=/home/rahul/camera_ws/install/robot_description:/opt/ros/iron /usr/bin/cmake --install /home/rahul/camera_ws/build/robot_controller
[8.105s] Level 1:colcon.colcon_core.environment:checking '/home/rahul/camera_ws/install/robot_controller' for CMake config files
[8.122s] Level 1:colcon.colcon_core.shell:create_environment_hook('robot_controller', 'cmake_prefix_path')
[8.125s] INFO:colcon.colcon_core.shell:Creating environment hook '/home/rahul/camera_ws/install/robot_controller/share/robot_controller/hook/cmake_prefix_path.ps1'
[8.128s] INFO:colcon.colcon_core.shell:Creating environment descriptor '/home/rahul/camera_ws/install/robot_controller/share/robot_controller/hook/cmake_prefix_path.dsv'
[8.130s] INFO:colcon.colcon_core.shell:Creating environment hook '/home/rahul/camera_ws/install/robot_controller/share/robot_controller/hook/cmake_prefix_path.sh'
[8.134s] Level 1:colcon.colcon_core.environment:checking '/home/rahul/camera_ws/install/robot_controller/bin'
[8.135s] Level 1:colcon.colcon_core.environment:checking '/home/rahul/camera_ws/install/robot_controller/lib/pkgconfig/robot_controller.pc'
[8.135s] Level 1:colcon.colcon_core.environment:checking '/home/rahul/camera_ws/install/robot_controller/lib/python3.10/site-packages'
[8.135s] Level 1:colcon.colcon_core.environment:checking '/home/rahul/camera_ws/install/robot_controller/bin'
[8.137s] INFO:colcon.colcon_core.shell:Creating package script '/home/rahul/camera_ws/install/robot_controller/share/robot_controller/package.ps1'
[8.138s] INFO:colcon.colcon_core.shell:Creating package descriptor '/home/rahul/camera_ws/install/robot_controller/share/robot_controller/package.dsv'
[8.139s] INFO:colcon.colcon_core.shell:Creating package script '/home/rahul/camera_ws/install/robot_controller/share/robot_controller/package.sh'
[8.142s] INFO:colcon.colcon_core.shell:Creating package script '/home/rahul/camera_ws/install/robot_controller/share/robot_controller/package.bash'
[8.144s] INFO:colcon.colcon_core.shell:Creating package script '/home/rahul/camera_ws/install/robot_controller/share/robot_controller/package.zsh'
[8.146s] Level 1:colcon.colcon_core.environment:create_file_with_runtime_dependencies(/home/rahul/camera_ws/install/robot_controller/share/colcon-core/packages/robot_controller)
[8.148s] Level 1:colcon.colcon_core.environment:create_environment_scripts_only(robot_controller)
[8.149s] Level 1:colcon.colcon_core.environment:checking '/home/rahul/camera_ws/install/robot_controller' for CMake module files
[8.150s] Level 1:colcon.colcon_core.environment:checking '/home/rahul/camera_ws/install/robot_controller' for CMake config files
[8.151s] Level 1:colcon.colcon_core.shell:create_environment_hook('robot_controller', 'cmake_prefix_path')
[8.151s] INFO:colcon.colcon_core.shell:Creating environment hook '/home/rahul/camera_ws/install/robot_controller/share/robot_controller/hook/cmake_prefix_path.ps1'
[8.152s] INFO:colcon.colcon_core.shell:Creating environment descriptor '/home/rahul/camera_ws/install/robot_controller/share/robot_controller/hook/cmake_prefix_path.dsv'
[8.153s] INFO:colcon.colcon_core.shell:Creating environment hook '/home/rahul/camera_ws/install/robot_controller/share/robot_controller/hook/cmake_prefix_path.sh'
[8.155s] Level 1:colcon.colcon_core.environment:checking '/home/rahul/camera_ws/install/robot_controller/bin'
[8.155s] Level 1:colcon.colcon_core.environment:checking '/home/rahul/camera_ws/install/robot_controller/lib/pkgconfig/robot_controller.pc'
[8.155s] Level 1:colcon.colcon_core.environment:checking '/home/rahul/camera_ws/install/robot_controller/lib/python3.10/site-packages'
[8.155s] Level 1:colcon.colcon_core.environment:checking '/home/rahul/camera_ws/install/robot_controller/bin'
[8.160s] INFO:colcon.colcon_core.shell:Creating package script '/home/rahul/camera_ws/install/robot_controller/share/robot_controller/package.ps1'
[8.163s] INFO:colcon.colcon_core.shell:Creating package descriptor '/home/rahul/camera_ws/install/robot_controller/share/robot_controller/package.dsv'
[8.164s] INFO:colcon.colcon_core.shell:Creating package script '/home/rahul/camera_ws/install/robot_controller/share/robot_controller/package.sh'
[8.166s] INFO:colcon.colcon_core.shell:Creating package script '/home/rahul/camera_ws/install/robot_controller/share/robot_controller/package.bash'
[8.167s] INFO:colcon.colcon_core.shell:Creating package script '/home/rahul/camera_ws/install/robot_controller/share/robot_controller/package.zsh'
[8.169s] Level 1:colcon.colcon_core.environment:create_file_with_runtime_dependencies(/home/rahul/camera_ws/install/robot_controller/share/colcon-core/packages/robot_controller)
[8.864s] DEBUG:colcon.colcon_core.event_handler.log_command:Invoked command in '/home/rahul/camera_ws/build/robot_moveit' returned '0': AMENT_PREFIX_PATH=/home/rahul/camera_ws/install/robot_description:${AMENT_PREFIX_PATH} CMAKE_PREFIX_PATH=/home/rahul/camera_ws/install/robot_description:/opt/ros/iron /usr/bin/cmake --build /home/rahul/camera_ws/build/robot_moveit -- -j12 -l12
[8.872s] DEBUG:colcon.colcon_core.event_handler.log_command:Invoking command in '/home/rahul/camera_ws/build/robot_moveit': AMENT_PREFIX_PATH=/home/rahul/camera_ws/install/robot_description:${AMENT_PREFIX_PATH} CMAKE_PREFIX_PATH=/home/rahul/camera_ws/install/robot_description:/opt/ros/iron /usr/bin/cmake --install /home/rahul/camera_ws/build/robot_moveit
[9.130s] Level 1:colcon.colcon_core.environment:create_environment_scripts_only(robot_moveit)
[9.131s] Level 1:colcon.colcon_core.environment:checking '/home/rahul/camera_ws/install/robot_moveit' for CMake module files
[9.131s] DEBUG:colcon.colcon_core.event_handler.log_command:Invoked command in '/home/rahul/camera_ws/build/robot_moveit' returned '0': AMENT_PREFIX_PATH=/home/rahul/camera_ws/install/robot_description:${AMENT_PREFIX_PATH} CMAKE_PREFIX_PATH=/home/rahul/camera_ws/install/robot_description:/opt/ros/iron /usr/bin/cmake --install /home/rahul/camera_ws/build/robot_moveit
[9.132s] Level 1:colcon.colcon_core.environment:checking '/home/rahul/camera_ws/install/robot_moveit' for CMake config files
[9.135s] Level 1:colcon.colcon_core.shell:create_environment_hook('robot_moveit', 'cmake_prefix_path')
[9.136s] INFO:colcon.colcon_core.shell:Creating environment hook '/home/rahul/camera_ws/install/robot_moveit/share/robot_moveit/hook/cmake_prefix_path.ps1'
[9.137s] INFO:colcon.colcon_core.shell:Creating environment descriptor '/home/rahul/camera_ws/install/robot_moveit/share/robot_moveit/hook/cmake_prefix_path.dsv'
[9.137s] INFO:colcon.colcon_core.shell:Creating environment hook '/home/rahul/camera_ws/install/robot_moveit/share/robot_moveit/hook/cmake_prefix_path.sh'
[9.139s] Level 1:colcon.colcon_core.environment:checking '/home/rahul/camera_ws/install/robot_moveit/lib'
[9.140s] Level 1:colcon.colcon_core.environment:checking '/home/rahul/camera_ws/install/robot_moveit/bin'
[9.140s] Level 1:colcon.colcon_core.environment:checking '/home/rahul/camera_ws/install/robot_moveit/lib/pkgconfig/robot_moveit.pc'
[9.141s] Level 1:colcon.colcon_core.environment:checking '/home/rahul/camera_ws/install/robot_moveit/lib/python3.10/site-packages'
[9.141s] Level 1:colcon.colcon_core.shell:create_environment_hook('robot_moveit', 'pythonpath')
[9.142s] INFO:colcon.colcon_core.shell:Creating environment hook '/home/rahul/camera_ws/install/robot_moveit/share/robot_moveit/hook/pythonpath.ps1'
[9.143s] INFO:colcon.colcon_core.shell:Creating environment descriptor '/home/rahul/camera_ws/install/robot_moveit/share/robot_moveit/hook/pythonpath.dsv'
[9.144s] INFO:colcon.colcon_core.shell:Creating environment hook '/home/rahul/camera_ws/install/robot_moveit/share/robot_moveit/hook/pythonpath.sh'
[9.146s] Level 1:colcon.colcon_core.environment:checking '/home/rahul/camera_ws/install/robot_moveit/bin'
[9.147s] INFO:colcon.colcon_core.shell:Creating package script '/home/rahul/camera_ws/install/robot_moveit/share/robot_moveit/package.ps1'
[9.149s] INFO:colcon.colcon_core.shell:Creating package descriptor '/home/rahul/camera_ws/install/robot_moveit/share/robot_moveit/package.dsv'
[9.150s] INFO:colcon.colcon_core.shell:Creating package script '/home/rahul/camera_ws/install/robot_moveit/share/robot_moveit/package.sh'
[9.151s] INFO:colcon.colcon_core.shell:Creating package script '/home/rahul/camera_ws/install/robot_moveit/share/robot_moveit/package.bash'
[9.151s] INFO:colcon.colcon_core.shell:Creating package script '/home/rahul/camera_ws/install/robot_moveit/share/robot_moveit/package.zsh'
[9.151s] Level 1:colcon.colcon_core.environment:create_file_with_runtime_dependencies(/home/rahul/camera_ws/install/robot_moveit/share/colcon-core/packages/robot_moveit)
[9.153s] Level 1:colcon.colcon_core.environment:create_environment_scripts_only(robot_moveit)
[9.153s] Level 1:colcon.colcon_core.environment:checking '/home/rahul/camera_ws/install/robot_moveit' for CMake module files
[9.155s] Level 1:colcon.colcon_core.environment:checking '/home/rahul/camera_ws/install/robot_moveit' for CMake config files
[9.156s] Level 1:colcon.colcon_core.shell:create_environment_hook('robot_moveit', 'cmake_prefix_path')
[9.156s] INFO:colcon.colcon_core.shell:Creating environment hook '/home/rahul/camera_ws/install/robot_moveit/share/robot_moveit/hook/cmake_prefix_path.ps1'
[9.157s] INFO:colcon.colcon_core.shell:Creating environment descriptor '/home/rahul/camera_ws/install/robot_moveit/share/robot_moveit/hook/cmake_prefix_path.dsv'
[9.158s] INFO:colcon.colcon_core.shell:Creating environment hook '/home/rahul/camera_ws/install/robot_moveit/share/robot_moveit/hook/cmake_prefix_path.sh'
[9.158s] Level 1:colcon.colcon_core.environment:checking '/home/rahul/camera_ws/install/robot_moveit/lib'
[9.158s] Level 1:colcon.colcon_core.environment:checking '/home/rahul/camera_ws/install/robot_moveit/bin'
[9.159s] Level 1:colcon.colcon_core.environment:checking '/home/rahul/camera_ws/install/robot_moveit/lib/pkgconfig/robot_moveit.pc'
[9.159s] Level 1:colcon.colcon_core.environment:checking '/home/rahul/camera_ws/install/robot_moveit/lib/python3.10/site-packages'
[9.159s] Level 1:colcon.colcon_core.shell:create_environment_hook('robot_moveit', 'pythonpath')
[9.159s] INFO:colcon.colcon_core.shell:Creating environment hook '/home/rahul/camera_ws/install/robot_moveit/share/robot_moveit/hook/pythonpath.ps1'
[9.160s] INFO:colcon.colcon_core.shell:Creating environment descriptor '/home/rahul/camera_ws/install/robot_moveit/share/robot_moveit/hook/pythonpath.dsv'
[9.161s] INFO:colcon.colcon_core.shell:Creating environment hook '/home/rahul/camera_ws/install/robot_moveit/share/robot_moveit/hook/pythonpath.sh'
[9.162s] Level 1:colcon.colcon_core.environment:checking '/home/rahul/camera_ws/install/robot_moveit/bin'
[9.163s] INFO:colcon.colcon_core.shell:Creating package script '/home/rahul/camera_ws/install/robot_moveit/share/robot_moveit/package.ps1'
[9.166s] INFO:colcon.colcon_core.shell:Creating package descriptor '/home/rahul/camera_ws/install/robot_moveit/share/robot_moveit/package.dsv'
[9.167s] INFO:colcon.colcon_core.shell:Creating package script '/home/rahul/camera_ws/install/robot_moveit/share/robot_moveit/package.sh'
[9.169s] INFO:colcon.colcon_core.shell:Creating package script '/home/rahul/camera_ws/install/robot_moveit/share/robot_moveit/package.bash'
[9.170s] INFO:colcon.colcon_core.shell:Creating package script '/home/rahul/camera_ws/install/robot_moveit/share/robot_moveit/package.zsh'
[9.171s] Level 1:colcon.colcon_core.environment:create_file_with_runtime_dependencies(/home/rahul/camera_ws/install/robot_moveit/share/colcon-core/packages/robot_moveit)
[9.172s] DEBUG:colcon.colcon_parallel_executor.executor.parallel:closing loop
[9.172s] DEBUG:colcon.colcon_parallel_executor.executor.parallel:loop closed
[9.173s] DEBUG:colcon.colcon_parallel_executor.executor.parallel:run_until_complete finished with '0'
[9.173s] DEBUG:colcon.colcon_core.event_reactor:joining thread
[9.212s] INFO:colcon.colcon_core.plugin_system:Skipping extension 'colcon_notification.desktop_notification.terminal_notifier': Not used on non-Darwin systems
[9.212s] INFO:colcon.colcon_core.plugin_system:Skipping extension 'colcon_notification.desktop_notification.win32': Not used on non-Windows systems
[9.212s] INFO:colcon.colcon_notification.desktop_notification:Sending desktop notification using 'notify2'
[9.247s] DEBUG:colcon.colcon_core.event_reactor:joined thread
[9.248s] INFO:colcon.colcon_core.shell:Creating prefix script '/home/rahul/camera_ws/install/local_setup.ps1'
[9.253s] INFO:colcon.colcon_core.shell:Creating prefix util module '/home/rahul/camera_ws/install/_local_setup_util_ps1.py'
[9.256s] INFO:colcon.colcon_core.shell:Creating prefix chain script '/home/rahul/camera_ws/install/setup.ps1'
[9.260s] INFO:colcon.colcon_core.shell:Creating prefix script '/home/rahul/camera_ws/install/local_setup.sh'
[9.262s] INFO:colcon.colcon_core.shell:Creating prefix util module '/home/rahul/camera_ws/install/_local_setup_util_sh.py'
[9.263s] INFO:colcon.colcon_core.shell:Creating prefix chain script '/home/rahul/camera_ws/install/setup.sh'
[9.265s] INFO:colcon.colcon_core.shell:Creating prefix script '/home/rahul/camera_ws/install/local_setup.bash'
[9.267s] INFO:colcon.colcon_core.shell:Creating prefix chain script '/home/rahul/camera_ws/install/setup.bash'
[9.270s] INFO:colcon.colcon_core.shell:Creating prefix script '/home/rahul/camera_ws/install/local_setup.zsh'
[9.273s] INFO:colcon.colcon_core.shell:Creating prefix chain script '/home/rahul/camera_ws/install/setup.zsh'
