[0.035s] Invoking command in '/home/rahul/camera_ws/build/robot_controller': AMENT_PREFIX_PATH=/home/rahul/camera_ws/install/robot_description:${AMENT_PREFIX_PATH} CMAKE_PREFIX_PATH=/home/rahul/camera_ws/install/robot_description:/opt/ros/iron /usr/bin/cmake --build /home/rahul/camera_ws/build/robot_controller -- -j12 -l12
[0.160s] Invoked command in '/home/rahul/camera_ws/build/robot_controller' returned '0': AMENT_PREFIX_PATH=/home/rahul/camera_ws/install/robot_description:${AMENT_PREFIX_PATH} CMAKE_PREFIX_PATH=/home/rahul/camera_ws/install/robot_description:/opt/ros/iron /usr/bin/cmake --build /home/rahul/camera_ws/build/robot_controller -- -j12 -l12
[0.233s] Invoking command in '/home/rahul/camera_ws/build/robot_controller': AMENT_PREFIX_PATH=/home/rahul/camera_ws/install/robot_description:${AMENT_PREFIX_PATH} CMAKE_PREFIX_PATH=/home/rahul/camera_ws/install/robot_description:/opt/ros/iron /usr/bin/cmake --install /home/rahul/camera_ws/build/robot_controller
[0.267s] -- Install configuration: ""
[0.269s] -- Up-to-date: /home/rahul/camera_ws/install/robot_controller/share/robot_controller/launch
[0.269s] -- Up-to-date: /home/rahul/camera_ws/install/robot_controller/share/robot_controller/launch/controller.launch.py
[0.270s] -- Up-to-date: /home/rahul/camera_ws/install/robot_controller/share/robot_controller/config
[0.270s] -- Up-to-date: /home/rahul/camera_ws/install/robot_controller/share/robot_controller/config/ros2_controllers.yaml
[0.270s] -- Up-to-date: /home/rahul/camera_ws/install/robot_controller/share/ament_index/resource_index/package_run_dependencies/robot_controller
[0.270s] -- Up-to-date: /home/rahul/camera_ws/install/robot_controller/share/ament_index/resource_index/parent_prefix_path/robot_controller
[0.270s] -- Up-to-date: /home/rahul/camera_ws/install/robot_controller/share/robot_controller/environment/ament_prefix_path.sh
[0.270s] -- Up-to-date: /home/rahul/camera_ws/install/robot_controller/share/robot_controller/environment/ament_prefix_path.dsv
[0.270s] -- Up-to-date: /home/rahul/camera_ws/install/robot_controller/share/robot_controller/environment/path.sh
[0.270s] -- Up-to-date: /home/rahul/camera_ws/install/robot_controller/share/robot_controller/environment/path.dsv
[0.270s] -- Up-to-date: /home/rahul/camera_ws/install/robot_controller/share/robot_controller/local_setup.bash
[0.271s] -- Up-to-date: /home/rahul/camera_ws/install/robot_controller/share/robot_controller/local_setup.sh
[0.271s] -- Up-to-date: /home/rahul/camera_ws/install/robot_controller/share/robot_controller/local_setup.zsh
[0.271s] -- Up-to-date: /home/rahul/camera_ws/install/robot_controller/share/robot_controller/local_setup.dsv
[0.271s] -- Installing: /home/rahul/camera_ws/install/robot_controller/share/robot_controller/package.dsv
[0.272s] -- Up-to-date: /home/rahul/camera_ws/install/robot_controller/share/ament_index/resource_index/packages/robot_controller
[0.274s] -- Up-to-date: /home/rahul/camera_ws/install/robot_controller/share/robot_controller/cmake/robot_controllerConfig.cmake
[0.274s] -- Up-to-date: /home/rahul/camera_ws/install/robot_controller/share/robot_controller/cmake/robot_controllerConfig-version.cmake
[0.274s] -- Up-to-date: /home/rahul/camera_ws/install/robot_controller/share/robot_controller/package.xml
[0.280s] Invoked command in '/home/rahul/camera_ws/build/robot_controller' returned '0': AMENT_PREFIX_PATH=/home/rahul/camera_ws/install/robot_description:${AMENT_PREFIX_PATH} CMAKE_PREFIX_PATH=/home/rahul/camera_ws/install/robot_description:/opt/ros/iron /usr/bin/cmake --install /home/rahul/camera_ws/build/robot_controller
